******************************************************************************
               TMS320C6x Linker PC v8.3.12                     
******************************************************************************
>> Linked Tue Apr 26 12:15:19 2022

OUTPUT FILE NAME:   <Max.out>
ENTRY POINT SYMBOL: "_c_int00"  address: 00806920


MEMORY CONFIGURATION

         name            origin    length      used     unused   attr    fill
----------------------  --------  ---------  --------  --------  ----  --------
  DSPL2RAM              00800000   00040000  00009740  000368c0  RWIX
  SHRAM                 80000000   00020000  00000000  00020000  RWIX
  DDR2                  c0000000   08000000  00000000  08000000  RWIX


SEGMENT ALLOCATION MAP

run origin  load origin   length   init length attrs members
----------  ----------- ---------- ----------- ----- -------
00800000    00800000    00006fa0   00006fa0    r-x
  00800000    00800000    00006fa0   00006fa0    r-x .text
00806fa0    00806fa0    00002468   00000000    rw-
  00806fa0    00806fa0    00001000   00000000    rw- .stack
  00807fa0    00807fa0    00001000   00000000    rw- .sysmem
  00808fa0    00808fa0    00000320   00000000    rw- .fardata
  008092c0    008092c0    00000148   00000000    rw- .far
00809408    00809408    00000148   00000148    r--
  00809408    00809408    00000148   00000148    r-- .const
00809550    00809550    00000120   00000000    rw-
  00809550    00809550    00000120   00000000    rw- .cio
00809670    00809670    000000d0   000000d0    r--
  00809670    00809670    00000038   00000038    r-- .switch
  008096a8    008096a8    00000098   00000098    r-- .cinit


SECTION ALLOCATION MAP

 output                                  attributes/
section   page    origin      length       input sections
--------  ----  ----------  ----------   ----------------
.text      0    00800000    00006fa0     
                  00800000    000020c0     rts6740_elf.lib : _printfi.c.obj (.text:__TI_printfi)
                  008020c0    00000660                     : _printfi.c.obj (.text:_pconv_a)
                  00802720    00000600                     : divd.c.obj (.text:__c6xabi_divd)
                  00802d20    00000400                     : _printfi.c.obj (.text:_pconv_g)
                  00803120    000003c0                     : memory.c.obj (.text:free)
                  008034e0    000002e0                     : fputs.c.obj (.text:fputs)
                  008037c0    000002a0                     : _printfi.c.obj (.text:_pconv_e)
                  00803a60    000002a0                     : _printfi.c.obj (.text:fcvt)
                  00803d00    00000260                     : imath64.c.obj (.text:__c6xabi_divull)
                  00803f60    00000200                     : _printfi.c.obj (.text:_ltostr)
                  00804160    000001c0                     : imath40.c.obj (.text:__c6xabi_divul)
                  00804320    000001c0                     : fputc.c.obj (.text:fputc)
                  008044e0    000001c0                     : frexp.c.obj (.text:frexp)
                  008046a0    000001c0                     : ldexp.c.obj (.text:ldexp)
                  00804860    000001c0                     : memory.c.obj (.text:malloc)
                  00804a20    000001c0                     : setvbuf.c.obj (.text:setvbuf)
                  00804be0    000001a0                     : hostrename.c.obj (.text:HOSTrename)
                  00804d80    00000140     main.obj (.text)
                  00804ec0    00000120     rts6740_elf.lib : _printfi.c.obj (.text:_pconv_f)
                  00804fe0    00000120                     : getdevice.c.obj (.text:getdevice)
                  00805100    00000100                     : fclose.c.obj (.text:__TI_closefile)
                  00805200    00000100                     : copy_decompress_rle.c.obj (.text:__TI_decompress_rle_core)
                  00805300    00000100                     : _printfi.c.obj (.text:_mcpy)
                  00805400    00000100                     : atoi.c.obj (.text:atoi)
                  00805500    00000100                     : fseek.c.obj (.text:fseek)
                  00805600    000000e0                     : hostlseek.c.obj (.text:HOSTlseek)
                  008056e0    000000e0                     : hostopen.c.obj (.text:HOSTopen)
                  008057c0    000000e0                     : hostwrite.c.obj (.text:HOSTwrite)
                  008058a0    000000e0                     : _ltoa.c.obj (.text:__TI_ltoa)
                  00805980    000000e0                     : _io_perm.c.obj (.text:__TI_wrt_ok)
                  00805a60    000000e0                     : close.c.obj (.text:close)
                  00805b40    000000e0                     : exit.c.obj (.text:exit)
                  00805c20    000000e0                     : memset.c.obj (.text:memset)
                  00805d00    000000e0                     : printf.c.obj (.text:printf)
                  00805de0    000000c0                     : hostread.c.obj (.text:HOSTread)
                  00805ea0    000000c0                     : hostunlink.c.obj (.text:HOSTunlink)
                  00805f60    000000c0                     : autoinit.c.obj (.text:__TI_auto_init_nobinit_nopinit:__TI_auto_init_nobinit_nopinit)
                  00806020    000000c0                     : divu.asm.obj (.text:__divu)
                  008060e0    000000c0                     : memory.c.obj (.text:mremove)
                  008061a0    000000c0     dsplib.ae674 : DSPF_sp_maxidx.oe674 (.text:optimized)
                  00806260    000000c0     rts6740_elf.lib : tls.c.obj (.text:tls:init:__TI_tls_init)
                  00806320    000000a0                     : hostclose.c.obj (.text:HOSTclose)
                  008063c0    000000a0                     : fopen.c.obj (.text:__TI_cleanup)
                  00806460    000000a0                     : fflush.c.obj (.text:__TI_doflush)
                  00806500    000000a0                     : _printfi.c.obj (.text:_ecpy)
                  008065a0    000000a0                     : getdevice.c.obj (.text:finddevice)
                  00806640    000000a0                     : memcpy64.asm.obj (.text:memcpy)
                  008066e0    000000a0                     : memory.c.obj (.text:minsert)
                  00806780    000000a0     dsplib.ae674 : DSPF_sp_maxval.oe674 (.text:optimized)
                  00806820    00000080     rts6740_elf.lib : trgmsg.c.obj (.text:__TI_readmsg)
                  008068a0    00000080                     : llshift.c.obj (.text:__c6xabi_llshl)
                  00806920    00000080                     : boot.c.obj (.text:_c_int00)
                  008069a0    00000080                     : rand.c.obj (.text:rand)
                  00806a20    00000080                     : unlink.c.obj (.text:unlink)
                  00806aa0    00000060                     : trgmsg.c.obj (.text:__TI_writemsg)
                  00806b00    00000060                     : llshift.c.obj (.text:__c6xabi_llshru)
                  00806b60    00000060                     : imath64.c.obj (.text:_subcull)
                  00806bc0    00000060                     : lseek.c.obj (.text:lseek)
                  00806c20    00000060                     : memccpy.c.obj (.text:memccpy)
                  00806c80    00000060                     : write.c.obj (.text:write)
                  00806ce0    00000040                     : frcmpyd_div.c.obj (.text:__TI_frcmpyd_div)
                  00806d20    00000040                     : isinf.c.obj (.text:__c6xabi_isinf)
                  00806d60    00000040                     : _printfi.c.obj (.text:__c6xabi_isnan)
                  00806da0    00000040                     : args_main.c.obj (.text:_args_main)
                  00806de0    00000040                     : wcslen.c.obj (.text:wcslen)
                  00806e20    00000020                     : errno.c.obj (.text:__c6xabi_errno_addr)
                  00806e40    00000020                     : push.asm.obj (.text:__pop_rts)
                  00806e60    00000020                     : push.asm.obj (.text:__push_rts)
                  00806e80    00000020                     : _lock.c.obj (.text:_nop)
                  00806ea0    00000020                     : printf.c.obj (.text:_outc)
                  00806ec0    00000020                     : printf.c.obj (.text:_outs)
                  00806ee0    00000020                     : signbit.c.obj (.text:_signbit)
                  00806f00    00000020                     : startup.c.obj (.text:_system_post_cinit)
                  00806f20    00000020                     : pre_init.c.obj (.text:_system_pre_init)
                  00806f40    00000020                     : exit.c.obj (.text:abort)
                  00806f60    00000020                     : copy_decompress_none.c.obj (.text:decompress:none:__TI_decompress_none)
                  00806f80    00000020                     : copy_decompress_rle.c.obj (.text:decompress:rle24:__TI_decompress_rle24)

.stack     0    00806fa0    00001000     UNINITIALIZED
                  00806fa0    00000008     rts6740_elf.lib : boot.c.obj (.stack)
                  00806fa8    00000ff8     --HOLE--

.cio       0    00809550    00000120     UNINITIALIZED
                  00809550    00000120     rts6740_elf.lib : trgmsg.c.obj (.cio)

.const     0    00809408    00000148     
                  00809408    00000101     rts6740_elf.lib : ctype.c.obj (.const:.string:_ctypes_)
                  00809509    00000003     --HOLE-- [fill = 0]
                  0080950c    00000024                     : _printfi.c.obj (.const:.string)
                  00809530    00000020     main.obj (.const:.string)

.sysmem    0    00807fa0    00001000     UNINITIALIZED
                  00807fa0    00000008     rts6740_elf.lib : memory.c.obj (.sysmem)
                  00807fa8    00000ff8     --HOLE--

.switch    0    00809670    00000038     
                  00809670    00000038     rts6740_elf.lib : _printfi.c.obj (.switch:__TI_printfi)

.cinit     0    008096a8    00000098     
                  008096a8    00000071     (.cinit..fardata.load) [load image, compression = rle]
                  00809719    0000000b     (.cinit..far.load) [load image, compression = rle]
                  00809724    00000008     (__TI_handler_table)
                  0080972c    00000004     --HOLE-- [fill = 0]
                  00809730    00000010     (__TI_cinit_table)

.init_array 
*          0    00800000    00000000     UNINITIALIZED

.fardata   0    00808fa0    00000320     UNINITIALIZED
                  00808fa0    000001e0     rts6740_elf.lib : defs.c.obj (.fardata:_ftable)
                  00809180    000000a0                     : write.c.obj (.fardata:_stream)
                  00809220    00000078                     : write.c.obj (.fardata:_device)
                  00809298    0000000c                     : exit.c.obj (.fardata)
                  008092a4    00000008                     : memory.c.obj (.fardata)
                  008092ac    00000004                     : _lock.c.obj (.fardata:_lock)
                  008092b0    00000004                     : _lock.c.obj (.fardata:_unlock)
                  008092b4    00000004                     : defs.c.obj (.fardata)
                  008092b8    00000004                     : errno.c.obj (.fardata)
                  008092bc    00000004                     : rand.c.obj (.fardata)

.far       0    008092c0    00000148     UNINITIALIZED
                  008092c0    00000140     (.common:__TI_tmpnams)
                  00809400    00000008     (.common:parmbuf)

MODULE SUMMARY

       Module                       code    ro data   rw data
       ------                       ----    -------   -------
    .\
       main.obj                     320     32        0      
    +--+----------------------------+-------+---------+---------+
       Total:                       320     32        0      
                                                             
    ../../Library/dsplib/dsplib.ae674
       DSPF_sp_maxidx.oe674         192     0         0      
       DSPF_sp_maxval.oe674         160     0         0      
    +--+----------------------------+-------+---------+---------+
       Total:                       352     0         0      
                                                             
    C:\ti\ti-cgt-c6000_8.3.12\lib\rts6740_elf.lib
       _printfi.c.obj               13664   92        0      
       memory.c.obj                 1760    0         8      
       divd.c.obj                   1536    0         0      
       defs.c.obj                   0       0         804    
       fputs.c.obj                  736     0         0      
       imath64.c.obj                704     0         0      
       trgmsg.c.obj                 224     0         288    
       fputc.c.obj                  448     0         0      
       frexp.c.obj                  448     0         0      
       getdevice.c.obj              448     0         0      
       imath40.c.obj                448     0         0      
       ldexp.c.obj                  448     0         0      
       setvbuf.c.obj                448     0         0      
       hostrename.c.obj             416     0         0      
       write.c.obj                  96      0         280    
       copy_decompress_rle.c.obj    288     0         0      
       printf.c.obj                 288     0         0      
       exit.c.obj                   256     0         12     
       ctype.c.obj                  0       257       0      
       atoi.c.obj                   256     0         0      
       fclose.c.obj                 256     0         0      
       fseek.c.obj                  256     0         0      
       hostopen.c.obj               224     0         8      
       _io_perm.c.obj               224     0         0      
       _ltoa.c.obj                  224     0         0      
       close.c.obj                  224     0         0      
       hostlseek.c.obj              224     0         0      
       hostwrite.c.obj              224     0         0      
       llshift.c.obj                224     0         0      
       memset.c.obj                 224     0         0      
       autoinit.c.obj               192     0         0      
       divu.asm.obj                 192     0         0      
       hostread.c.obj               192     0         0      
       hostunlink.c.obj             192     0         0      
       tls.c.obj                    192     0         0      
       fflush.c.obj                 160     0         0      
       fopen.c.obj                  160     0         0      
       hostclose.c.obj              160     0         0      
       memcpy64.asm.obj             160     0         0      
       rand.c.obj                   128     0         4      
       boot.c.obj                   128     0         0      
       unlink.c.obj                 128     0         0      
       lseek.c.obj                  96      0         0      
       memccpy.c.obj                96      0         0      
       args_main.c.obj              64      0         0      
       frcmpyd_div.c.obj            64      0         0      
       isinf.c.obj                  64      0         0      
       push.asm.obj                 64      0         0      
       wcslen.c.obj                 64      0         0      
       _lock.c.obj                  32      0         8      
       errno.c.obj                  32      0         4      
       copy_decompress_none.c.obj   32      0         0      
       pre_init.c.obj               32      0         0      
       signbit.c.obj                32      0         0      
       startup.c.obj                32      0         0      
    +--+----------------------------+-------+---------+---------+
       Total:                       27904   349       1416   
                                                             
       Heap:                        0       0         4096   
       Stack:                       0       0         4096   
       Linker Generated:            0       148       0      
    +--+----------------------------+-------+---------+---------+
       Grand Total:                 28576   529       9608   


LINKER GENERATED COPY TABLES

__TI_cinit_table @ 00809730 records: 2, size/record: 8, table size: 16
	.fardata: load addr=008096a8, load size=00000071 bytes, run addr=00808fa0, run size=00000320 bytes, compression=rle
	.far: load addr=00809719, load size=0000000b bytes, run addr=008092c0, run size=00000148 bytes, compression=rle


LINKER GENERATED HANDLER TABLE

__TI_handler_table @ 00809724 records: 2, size/record: 4, table size: 8
	index: 0, handler: __TI_decompress_rle24
	index: 1, handler: __TI_decompress_none


GLOBAL SYMBOLS: SORTED ALPHABETICALLY BY Name 

address   name                           
-------   ----                           
00806f40  C$$EXIT                        
00806af8  C$$IO$$                        
008061a0  DSPF_sp_maxidx                 
00806780  DSPF_sp_maxval                 
00806320  HOSTclose                      
00805600  HOSTlseek                      
008056e0  HOSTopen                       
00805de0  HOSTread                       
00804be0  HOSTrename                     
00805ea0  HOSTunlink                     
008057c0  HOSTwrite                      
00809550  __CIOBUF_                      
00809730  __TI_CINIT_Base                
00809740  __TI_CINIT_Limit               
00809724  __TI_Handler_Table_Base        
0080972c  __TI_Handler_Table_Limit       
00807fa0  __TI_STACK_END                 
00001000  __TI_STACK_SIZE                
00000000  __TI_STATIC_BASE               
00001000  __TI_SYSMEM_SIZE               
UNDEFED   __TI_TLS_INIT_Base             
UNDEFED   __TI_TLS_INIT_Limit            
00805f60  __TI_auto_init_nobinit_nopinit 
008063c0  __TI_cleanup                   
00809298  __TI_cleanup_ptr               
00805100  __TI_closefile                 
00806f60  __TI_decompress_none           
00806f80  __TI_decompress_rle24          
00806460  __TI_doflush                   
0080929c  __TI_dtors_ptr                 
008092a0  __TI_enable_exit_profile_output
00806ce0  __TI_frcmpyd_div               
008092b4  __TI_ft_end                    
008058a0  __TI_ltoa                      
ffffffff  __TI_pprof_out_hndl            
00800000  __TI_printfi                   
ffffffff  __TI_prof_data_size            
ffffffff  __TI_prof_data_start           
00806820  __TI_readmsg                   
00806260  __TI_tls_init                  
008092c0  __TI_tmpnams                   
00806aa0  __TI_writemsg                  
00805980  __TI_wrt_ok                    
ffffffff  __binit__                      
00802720  __c6xabi_divd                  
00806020  __c6xabi_divu                  
00804160  __c6xabi_divul                 
00803d00  __c6xabi_divull                
00806e20  __c6xabi_errno_addr            
00806d20  __c6xabi_isinf                 
008068a0  __c6xabi_llshl                 
00806b00  __c6xabi_llshru                
00806e40  __c6xabi_pop_rts               
00806e60  __c6xabi_push_rts              
ffffffff  __c_args__                     
00806020  __divu                         
008092b8  __errno                        
00806e40  __pop_rts                      
00806e60  __push_rts                     
00806da0  _args_main                     
00806920  _c_int00                       
00809408  _ctypes_                       
00809220  _device                        
00808fa0  _ftable                        
008092ac  _lock                          
00806e80  _nop                           
00806ee0  _signbit                       
00806fa0  _stack                         
00809180  _stream                        
00806b60  _subcull                       
00807fa0  _sys_memory                    
00806f00  _system_post_cinit             
00806f20  _system_pre_init               
008092b0  _unlock                        
00806f40  abort                          
00805400  atoi                           
ffffffff  binit                          
00805a60  close                          
008092b8  errno                          
00805b40  exit                           
008065a0  finddevice                     
00804320  fputc                          
008034e0  fputs                          
00803120  free                           
008044e0  frexp                          
008044e0  frexpl                         
00805500  fseek                          
00804fe0  getdevice                      
008046a0  ldexp                          
008046a0  ldexpl                         
00806bc0  lseek                          
00804d80  main                           
00804860  malloc                         
00806c20  memccpy                        
00806640  memcpy                         
00805c20  memset                         
00809400  parmbuf                        
00805d00  printf                         
00804320  putc                           
008069a0  rand                           
00806a20  remove                         
008046a0  scalbn                         
008046a0  scalbnl                        
00804a20  setvbuf                        
00806a20  unlink                         
00806de0  wcslen                         
00806c80  write                          


GLOBAL SYMBOLS: SORTED BY Symbol Address 

address   name                           
-------   ----                           
00000000  __TI_STATIC_BASE               
00001000  __TI_STACK_SIZE                
00001000  __TI_SYSMEM_SIZE               
00800000  __TI_printfi                   
00802720  __c6xabi_divd                  
00803120  free                           
008034e0  fputs                          
00803d00  __c6xabi_divull                
00804160  __c6xabi_divul                 
00804320  fputc                          
00804320  putc                           
008044e0  frexp                          
008044e0  frexpl                         
008046a0  ldexp                          
008046a0  ldexpl                         
008046a0  scalbn                         
008046a0  scalbnl                        
00804860  malloc                         
00804a20  setvbuf                        
00804be0  HOSTrename                     
00804d80  main                           
00804fe0  getdevice                      
00805100  __TI_closefile                 
00805400  atoi                           
00805500  fseek                          
00805600  HOSTlseek                      
008056e0  HOSTopen                       
008057c0  HOSTwrite                      
008058a0  __TI_ltoa                      
00805980  __TI_wrt_ok                    
00805a60  close                          
00805b40  exit                           
00805c20  memset                         
00805d00  printf                         
00805de0  HOSTread                       
00805ea0  HOSTunlink                     
00805f60  __TI_auto_init_nobinit_nopinit 
00806020  __c6xabi_divu                  
00806020  __divu                         
008061a0  DSPF_sp_maxidx                 
00806260  __TI_tls_init                  
00806320  HOSTclose                      
008063c0  __TI_cleanup                   
00806460  __TI_doflush                   
008065a0  finddevice                     
00806640  memcpy                         
00806780  DSPF_sp_maxval                 
00806820  __TI_readmsg                   
008068a0  __c6xabi_llshl                 
00806920  _c_int00                       
008069a0  rand                           
00806a20  remove                         
00806a20  unlink                         
00806aa0  __TI_writemsg                  
00806af8  C$$IO$$                        
00806b00  __c6xabi_llshru                
00806b60  _subcull                       
00806bc0  lseek                          
00806c20  memccpy                        
00806c80  write                          
00806ce0  __TI_frcmpyd_div               
00806d20  __c6xabi_isinf                 
00806da0  _args_main                     
00806de0  wcslen                         
00806e20  __c6xabi_errno_addr            
00806e40  __c6xabi_pop_rts               
00806e40  __pop_rts                      
00806e60  __c6xabi_push_rts              
00806e60  __push_rts                     
00806e80  _nop                           
00806ee0  _signbit                       
00806f00  _system_post_cinit             
00806f20  _system_pre_init               
00806f40  C$$EXIT                        
00806f40  abort                          
00806f60  __TI_decompress_none           
00806f80  __TI_decompress_rle24          
00806fa0  _stack                         
00807fa0  __TI_STACK_END                 
00807fa0  _sys_memory                    
00808fa0  _ftable                        
00809180  _stream                        
00809220  _device                        
00809298  __TI_cleanup_ptr               
0080929c  __TI_dtors_ptr                 
008092a0  __TI_enable_exit_profile_output
008092ac  _lock                          
008092b0  _unlock                        
008092b4  __TI_ft_end                    
008092b8  __errno                        
008092b8  errno                          
008092c0  __TI_tmpnams                   
00809400  parmbuf                        
00809408  _ctypes_                       
00809550  __CIOBUF_                      
00809724  __TI_Handler_Table_Base        
0080972c  __TI_Handler_Table_Limit       
00809730  __TI_CINIT_Base                
00809740  __TI_CINIT_Limit               
ffffffff  __TI_pprof_out_hndl            
ffffffff  __TI_prof_data_size            
ffffffff  __TI_prof_data_start           
ffffffff  __binit__                      
ffffffff  __c_args__                     
ffffffff  binit                          
UNDEFED   __TI_TLS_INIT_Base             
UNDEFED   __TI_TLS_INIT_Limit            

[107 symbols]
