<?xml version="1.0" encoding="ISO-8859-1" ?>
<link_info>
   <banner>TMS320C6x Linker PC v8.3.12</banner>
   <copyright>Copyright (c) 1996-2018 Texas Instruments Incorporated</copyright>
   <link_time>0x626774fe</link_time>
   <link_errors>0x0</link_errors>
   <output_file>Matrix.out</output_file>
   <entry_point>
      <name>_c_int00</name>
      <address>0x807380</address>
   </entry_point>
   <input_file_list>
      <input_file id="fl-2">
         <path>.\</path>
         <kind>object</kind>
         <file>main.obj</file>
         <name>main.obj</name>
      </input_file>
      <input_file id="fl-8">
         <kind>object</kind>
         <file>&lt;internal&gt;</file>
         <name>&lt;internal&gt;</name>
      </input_file>
      <input_file id="fl-22">
         <path>C:\ti\ti-cgt-c6000_8.3.12\lib\</path>
         <kind>archive</kind>
         <file>rts6740_elf.lib</file>
         <name>printf.c.obj</name>
      </input_file>
      <input_file id="fl-23">
         <path>C:\ti\ti-cgt-c6000_8.3.12\lib\</path>
         <kind>archive</kind>
         <file>rts6740_elf.lib</file>
         <name>_printfi.c.obj</name>
      </input_file>
      <input_file id="fl-24">
         <path>C:\ti\ti-cgt-c6000_8.3.12\lib\</path>
         <kind>archive</kind>
         <file>rts6740_elf.lib</file>
         <name>fputc.c.obj</name>
      </input_file>
      <input_file id="fl-25">
         <path>C:\ti\ti-cgt-c6000_8.3.12\lib\</path>
         <kind>archive</kind>
         <file>rts6740_elf.lib</file>
         <name>fputs.c.obj</name>
      </input_file>
      <input_file id="fl-26">
         <path>C:\ti\ti-cgt-c6000_8.3.12\lib\</path>
         <kind>archive</kind>
         <file>rts6740_elf.lib</file>
         <name>_io_perm.c.obj</name>
      </input_file>
      <input_file id="fl-27">
         <path>C:\ti\ti-cgt-c6000_8.3.12\lib\</path>
         <kind>archive</kind>
         <file>rts6740_elf.lib</file>
         <name>setvbuf.c.obj</name>
      </input_file>
      <input_file id="fl-28">
         <path>C:\ti\ti-cgt-c6000_8.3.12\lib\</path>
         <kind>archive</kind>
         <file>rts6740_elf.lib</file>
         <name>push.asm.obj</name>
      </input_file>
      <input_file id="fl-29">
         <path>C:\ti\ti-cgt-c6000_8.3.12\lib\</path>
         <kind>archive</kind>
         <file>rts6740_elf.lib</file>
         <name>divu.asm.obj</name>
      </input_file>
      <input_file id="fl-2a">
         <path>C:\ti\ti-cgt-c6000_8.3.12\lib\</path>
         <kind>archive</kind>
         <file>rts6740_elf.lib</file>
         <name>memcpy64.asm.obj</name>
      </input_file>
      <input_file id="fl-2b">
         <path>C:\ti\ti-cgt-c6000_8.3.12\lib\</path>
         <kind>archive</kind>
         <file>rts6740_elf.lib</file>
         <name>boot.c.obj</name>
      </input_file>
      <input_file id="fl-2c">
         <path>C:\ti\ti-cgt-c6000_8.3.12\lib\</path>
         <kind>archive</kind>
         <file>rts6740_elf.lib</file>
         <name>imath40.c.obj</name>
      </input_file>
      <input_file id="fl-2d">
         <path>C:\ti\ti-cgt-c6000_8.3.12\lib\</path>
         <kind>archive</kind>
         <file>rts6740_elf.lib</file>
         <name>imath64.c.obj</name>
      </input_file>
      <input_file id="fl-2e">
         <path>C:\ti\ti-cgt-c6000_8.3.12\lib\</path>
         <kind>archive</kind>
         <file>rts6740_elf.lib</file>
         <name>llshift.c.obj</name>
      </input_file>
      <input_file id="fl-2f">
         <path>C:\ti\ti-cgt-c6000_8.3.12\lib\</path>
         <kind>archive</kind>
         <file>rts6740_elf.lib</file>
         <name>memset.c.obj</name>
      </input_file>
      <input_file id="fl-30">
         <path>C:\ti\ti-cgt-c6000_8.3.12\lib\</path>
         <kind>archive</kind>
         <file>rts6740_elf.lib</file>
         <name>autoinit.c.obj</name>
      </input_file>
      <input_file id="fl-31">
         <path>C:\ti\ti-cgt-c6000_8.3.12\lib\</path>
         <kind>archive</kind>
         <file>rts6740_elf.lib</file>
         <name>pre_init.c.obj</name>
      </input_file>
      <input_file id="fl-32">
         <path>C:\ti\ti-cgt-c6000_8.3.12\lib\</path>
         <kind>archive</kind>
         <file>rts6740_elf.lib</file>
         <name>startup.c.obj</name>
      </input_file>
      <input_file id="fl-33">
         <path>C:\ti\ti-cgt-c6000_8.3.12\lib\</path>
         <kind>archive</kind>
         <file>rts6740_elf.lib</file>
         <name>cpy_tbl.c.obj</name>
      </input_file>
      <input_file id="fl-34">
         <path>C:\ti\ti-cgt-c6000_8.3.12\lib\</path>
         <kind>archive</kind>
         <file>rts6740_elf.lib</file>
         <name>copy_zero_init.c.obj</name>
      </input_file>
      <input_file id="fl-35">
         <path>C:\ti\ti-cgt-c6000_8.3.12\lib\</path>
         <kind>archive</kind>
         <file>rts6740_elf.lib</file>
         <name>copy_decompress_none.c.obj</name>
      </input_file>
      <input_file id="fl-36">
         <path>C:\ti\ti-cgt-c6000_8.3.12\lib\</path>
         <kind>archive</kind>
         <file>rts6740_elf.lib</file>
         <name>copy_decompress_rle.c.obj</name>
      </input_file>
      <input_file id="fl-37">
         <path>C:\ti\ti-cgt-c6000_8.3.12\lib\</path>
         <kind>archive</kind>
         <file>rts6740_elf.lib</file>
         <name>frexp.c.obj</name>
      </input_file>
      <input_file id="fl-38">
         <path>C:\ti\ti-cgt-c6000_8.3.12\lib\</path>
         <kind>archive</kind>
         <file>rts6740_elf.lib</file>
         <name>isinf.c.obj</name>
      </input_file>
      <input_file id="fl-39">
         <path>C:\ti\ti-cgt-c6000_8.3.12\lib\</path>
         <kind>archive</kind>
         <file>rts6740_elf.lib</file>
         <name>ldexp.c.obj</name>
      </input_file>
      <input_file id="fl-3a">
         <path>C:\ti\ti-cgt-c6000_8.3.12\lib\</path>
         <kind>archive</kind>
         <file>rts6740_elf.lib</file>
         <name>signbit.c.obj</name>
      </input_file>
      <input_file id="fl-3b">
         <path>C:\ti\ti-cgt-c6000_8.3.12\lib\</path>
         <kind>archive</kind>
         <file>rts6740_elf.lib</file>
         <name>divd.c.obj</name>
      </input_file>
      <input_file id="fl-3c">
         <path>C:\ti\ti-cgt-c6000_8.3.12\lib\</path>
         <kind>archive</kind>
         <file>rts6740_elf.lib</file>
         <name>frcmpyd_div.c.obj</name>
      </input_file>
      <input_file id="fl-3d">
         <path>C:\ti\ti-cgt-c6000_8.3.12\lib\</path>
         <kind>archive</kind>
         <file>rts6740_elf.lib</file>
         <name>exit.c.obj</name>
      </input_file>
      <input_file id="fl-3e">
         <path>C:\ti\ti-cgt-c6000_8.3.12\lib\</path>
         <kind>archive</kind>
         <file>rts6740_elf.lib</file>
         <name>memory.c.obj</name>
      </input_file>
      <input_file id="fl-3f">
         <path>C:\ti\ti-cgt-c6000_8.3.12\lib\</path>
         <kind>archive</kind>
         <file>rts6740_elf.lib</file>
         <name>_lock.c.obj</name>
      </input_file>
      <input_file id="fl-40">
         <path>C:\ti\ti-cgt-c6000_8.3.12\lib\</path>
         <kind>archive</kind>
         <file>rts6740_elf.lib</file>
         <name>_ltoa.c.obj</name>
      </input_file>
      <input_file id="fl-41">
         <path>C:\ti\ti-cgt-c6000_8.3.12\lib\</path>
         <kind>archive</kind>
         <file>rts6740_elf.lib</file>
         <name>args_main.c.obj</name>
      </input_file>
      <input_file id="fl-42">
         <path>C:\ti\ti-cgt-c6000_8.3.12\lib\</path>
         <kind>archive</kind>
         <file>rts6740_elf.lib</file>
         <name>atoi.c.obj</name>
      </input_file>
      <input_file id="fl-43">
         <path>C:\ti\ti-cgt-c6000_8.3.12\lib\</path>
         <kind>archive</kind>
         <file>rts6740_elf.lib</file>
         <name>ctype.c.obj</name>
      </input_file>
      <input_file id="fl-44">
         <path>C:\ti\ti-cgt-c6000_8.3.12\lib\</path>
         <kind>archive</kind>
         <file>rts6740_elf.lib</file>
         <name>defs.c.obj</name>
      </input_file>
      <input_file id="fl-45">
         <path>C:\ti\ti-cgt-c6000_8.3.12\lib\</path>
         <kind>archive</kind>
         <file>rts6740_elf.lib</file>
         <name>memccpy.c.obj</name>
      </input_file>
      <input_file id="fl-46">
         <path>C:\ti\ti-cgt-c6000_8.3.12\lib\</path>
         <kind>archive</kind>
         <file>rts6740_elf.lib</file>
         <name>write.c.obj</name>
      </input_file>
      <input_file id="fl-47">
         <path>C:\ti\ti-cgt-c6000_8.3.12\lib\</path>
         <kind>archive</kind>
         <file>rts6740_elf.lib</file>
         <name>tls.c.obj</name>
      </input_file>
      <input_file id="fl-48">
         <path>C:\ti\ti-cgt-c6000_8.3.12\lib\</path>
         <kind>archive</kind>
         <file>rts6740_elf.lib</file>
         <name>llabs.c.obj</name>
      </input_file>
      <input_file id="fl-49">
         <path>C:\ti\ti-cgt-c6000_8.3.12\lib\</path>
         <kind>archive</kind>
         <file>rts6740_elf.lib</file>
         <name>errno.c.obj</name>
      </input_file>
      <input_file id="fl-4a">
         <path>C:\ti\ti-cgt-c6000_8.3.12\lib\</path>
         <kind>archive</kind>
         <file>rts6740_elf.lib</file>
         <name>wcslen.c.obj</name>
      </input_file>
      <input_file id="fl-4b">
         <path>C:\ti\ti-cgt-c6000_8.3.12\lib\</path>
         <kind>archive</kind>
         <file>rts6740_elf.lib</file>
         <name>fflush.c.obj</name>
      </input_file>
      <input_file id="fl-4c">
         <path>C:\ti\ti-cgt-c6000_8.3.12\lib\</path>
         <kind>archive</kind>
         <file>rts6740_elf.lib</file>
         <name>fopen.c.obj</name>
      </input_file>
      <input_file id="fl-4d">
         <path>C:\ti\ti-cgt-c6000_8.3.12\lib\</path>
         <kind>archive</kind>
         <file>rts6740_elf.lib</file>
         <name>fseek.c.obj</name>
      </input_file>
      <input_file id="fl-4e">
         <path>C:\ti\ti-cgt-c6000_8.3.12\lib\</path>
         <kind>archive</kind>
         <file>rts6740_elf.lib</file>
         <name>tls_get_tp.asm.obj</name>
      </input_file>
      <input_file id="fl-4f">
         <path>C:\ti\ti-cgt-c6000_8.3.12\lib\</path>
         <kind>archive</kind>
         <file>rts6740_elf.lib</file>
         <name>lseek.c.obj</name>
      </input_file>
      <input_file id="fl-50">
         <path>C:\ti\ti-cgt-c6000_8.3.12\lib\</path>
         <kind>archive</kind>
         <file>rts6740_elf.lib</file>
         <name>open.c.obj</name>
      </input_file>
      <input_file id="fl-51">
         <path>C:\ti\ti-cgt-c6000_8.3.12\lib\</path>
         <kind>archive</kind>
         <file>rts6740_elf.lib</file>
         <name>hostclose.c.obj</name>
      </input_file>
      <input_file id="fl-52">
         <path>C:\ti\ti-cgt-c6000_8.3.12\lib\</path>
         <kind>archive</kind>
         <file>rts6740_elf.lib</file>
         <name>hostlseek.c.obj</name>
      </input_file>
      <input_file id="fl-53">
         <path>C:\ti\ti-cgt-c6000_8.3.12\lib\</path>
         <kind>archive</kind>
         <file>rts6740_elf.lib</file>
         <name>hostopen.c.obj</name>
      </input_file>
      <input_file id="fl-54">
         <path>C:\ti\ti-cgt-c6000_8.3.12\lib\</path>
         <kind>archive</kind>
         <file>rts6740_elf.lib</file>
         <name>hostread.c.obj</name>
      </input_file>
      <input_file id="fl-55">
         <path>C:\ti\ti-cgt-c6000_8.3.12\lib\</path>
         <kind>archive</kind>
         <file>rts6740_elf.lib</file>
         <name>hostrename.c.obj</name>
      </input_file>
      <input_file id="fl-56">
         <path>C:\ti\ti-cgt-c6000_8.3.12\lib\</path>
         <kind>archive</kind>
         <file>rts6740_elf.lib</file>
         <name>hostunlink.c.obj</name>
      </input_file>
      <input_file id="fl-57">
         <path>C:\ti\ti-cgt-c6000_8.3.12\lib\</path>
         <kind>archive</kind>
         <file>rts6740_elf.lib</file>
         <name>hostwrite.c.obj</name>
      </input_file>
      <input_file id="fl-58">
         <path>C:\ti\ti-cgt-c6000_8.3.12\lib\</path>
         <kind>archive</kind>
         <file>rts6740_elf.lib</file>
         <name>trgmsg.c.obj</name>
      </input_file>
      <input_file id="fl-59">
         <path>C:\ti\ti-cgt-c6000_8.3.12\lib\</path>
         <kind>archive</kind>
         <file>rts6740_elf.lib</file>
         <name>fclose.c.obj</name>
      </input_file>
      <input_file id="fl-5a">
         <path>C:\ti\ti-cgt-c6000_8.3.12\lib\</path>
         <kind>archive</kind>
         <file>rts6740_elf.lib</file>
         <name>getdevice.c.obj</name>
      </input_file>
      <input_file id="fl-5b">
         <path>C:\ti\ti-cgt-c6000_8.3.12\lib\</path>
         <kind>archive</kind>
         <file>rts6740_elf.lib</file>
         <name>close.c.obj</name>
      </input_file>
      <input_file id="fl-5c">
         <path>C:\ti\ti-cgt-c6000_8.3.12\lib\</path>
         <kind>archive</kind>
         <file>rts6740_elf.lib</file>
         <name>remove.c.obj</name>
      </input_file>
      <input_file id="fl-5d">
         <path>C:\ti\ti-cgt-c6000_8.3.12\lib\</path>
         <kind>archive</kind>
         <file>rts6740_elf.lib</file>
         <name>unlink.c.obj</name>
      </input_file>
      <input_file id="fl-5e">
         <path>..\..\Library\dsplib\</path>
         <kind>archive</kind>
         <file>dsplib.ae674</file>
         <name>DSPF_sp_mat_trans.oe674</name>
      </input_file>
      <input_file id="fl-5f">
         <path>..\..\Library\dsplib\</path>
         <kind>archive</kind>
         <file>dsplib.ae674</file>
         <name>DSPF_sp_dotprod.oe674</name>
      </input_file>
      <input_file id="fl-60">
         <path>..\..\Library\dsplib\</path>
         <kind>archive</kind>
         <file>dsplib.ae674</file>
         <name>DSPF_sp_mat_mul.oe674</name>
      </input_file>
   </input_file_list>
   <object_component_list>
      <object_component id="oc-166">
         <name>.text:__TI_printfi</name>
         <load_address>0x800000</load_address>
         <run_address>0x800000</run_address>
         <size>0x20c0</size>
         <input_file_ref idref="fl-23"/>
      </object_component>
      <object_component id="oc-8c">
         <name>.text</name>
         <load_address>0x8020c0</load_address>
         <run_address>0x8020c0</run_address>
         <size>0x7a0</size>
         <input_file_ref idref="fl-2"/>
      </object_component>
      <object_component id="oc-1dc">
         <name>.text:_pconv_a</name>
         <load_address>0x802860</load_address>
         <run_address>0x802860</run_address>
         <size>0x660</size>
         <input_file_ref idref="fl-23"/>
      </object_component>
      <object_component id="oc-261">
         <name>.text:__c6xabi_divd</name>
         <load_address>0x802ec0</load_address>
         <run_address>0x802ec0</run_address>
         <size>0x600</size>
         <input_file_ref idref="fl-3b"/>
      </object_component>
      <object_component id="oc-1ca">
         <name>.text:_pconv_g</name>
         <load_address>0x8034c0</load_address>
         <run_address>0x8034c0</run_address>
         <size>0x400</size>
         <input_file_ref idref="fl-23"/>
      </object_component>
      <object_component id="oc-313">
         <name>.text:free</name>
         <load_address>0x8038c0</load_address>
         <run_address>0x8038c0</run_address>
         <size>0x3c0</size>
         <input_file_ref idref="fl-3e"/>
      </object_component>
      <object_component id="oc-109">
         <name>.text:optimized</name>
         <load_address>0x803c80</load_address>
         <run_address>0x803c80</run_address>
         <size>0x360</size>
         <input_file_ref idref="fl-60"/>
      </object_component>
      <object_component id="oc-1a0">
         <name>.text:fputs</name>
         <load_address>0x803fe0</load_address>
         <run_address>0x803fe0</run_address>
         <size>0x2e0</size>
         <input_file_ref idref="fl-25"/>
      </object_component>
      <object_component id="oc-1d6">
         <name>.text:_pconv_e</name>
         <load_address>0x8042c0</load_address>
         <run_address>0x8042c0</run_address>
         <size>0x2a0</size>
         <input_file_ref idref="fl-23"/>
      </object_component>
      <object_component id="oc-27a">
         <name>.text:fcvt</name>
         <load_address>0x804560</load_address>
         <run_address>0x804560</run_address>
         <size>0x2a0</size>
         <input_file_ref idref="fl-23"/>
      </object_component>
      <object_component id="oc-24c">
         <name>.text:__c6xabi_divull</name>
         <load_address>0x804800</load_address>
         <run_address>0x804800</run_address>
         <size>0x260</size>
         <input_file_ref idref="fl-2d"/>
      </object_component>
      <object_component id="oc-1b2">
         <name>.text:_ltostr</name>
         <load_address>0x804a60</load_address>
         <run_address>0x804a60</run_address>
         <size>0x200</size>
         <input_file_ref idref="fl-23"/>
      </object_component>
      <object_component id="oc-252">
         <name>.text:__c6xabi_divul</name>
         <load_address>0x804c60</load_address>
         <run_address>0x804c60</run_address>
         <size>0x1c0</size>
         <input_file_ref idref="fl-2c"/>
      </object_component>
      <object_component id="oc-199">
         <name>.text:fputc</name>
         <load_address>0x804e20</load_address>
         <run_address>0x804e20</run_address>
         <size>0x1c0</size>
         <input_file_ref idref="fl-24"/>
      </object_component>
      <object_component id="oc-282">
         <name>.text:frexp</name>
         <load_address>0x804fe0</load_address>
         <run_address>0x804fe0</run_address>
         <size>0x1c0</size>
         <input_file_ref idref="fl-37"/>
      </object_component>
      <object_component id="oc-288">
         <name>.text:ldexp</name>
         <load_address>0x8051a0</load_address>
         <run_address>0x8051a0</run_address>
         <size>0x1c0</size>
         <input_file_ref idref="fl-39"/>
      </object_component>
      <object_component id="oc-319">
         <name>.text:malloc</name>
         <load_address>0x805360</load_address>
         <run_address>0x805360</run_address>
         <size>0x1c0</size>
         <input_file_ref idref="fl-3e"/>
      </object_component>
      <object_component id="oc-2b0">
         <name>.text:setvbuf</name>
         <load_address>0x805520</load_address>
         <run_address>0x805520</run_address>
         <size>0x1c0</size>
         <input_file_ref idref="fl-27"/>
      </object_component>
      <object_component id="oc-3b0">
         <name>.text:HOSTrename</name>
         <load_address>0x8056e0</load_address>
         <run_address>0x8056e0</run_address>
         <size>0x1a0</size>
         <input_file_ref idref="fl-55"/>
      </object_component>
      <object_component id="oc-1d0">
         <name>.text:_pconv_f</name>
         <load_address>0x805880</load_address>
         <run_address>0x805880</run_address>
         <size>0x120</size>
         <input_file_ref idref="fl-23"/>
      </object_component>
      <object_component id="oc-3fe">
         <name>.text:getdevice</name>
         <load_address>0x8059a0</load_address>
         <run_address>0x8059a0</run_address>
         <size>0x120</size>
         <input_file_ref idref="fl-5a"/>
      </object_component>
      <object_component id="oc-10e">
         <name>.text:optimized</name>
         <load_address>0x805ac0</load_address>
         <run_address>0x805ac0</run_address>
         <size>0x120</size>
         <input_file_ref idref="fl-5f"/>
      </object_component>
      <object_component id="oc-383">
         <name>.text:__TI_closefile</name>
         <load_address>0x805be0</load_address>
         <run_address>0x805be0</run_address>
         <size>0x100</size>
         <input_file_ref idref="fl-59"/>
      </object_component>
      <object_component id="oc-39">
         <name>.text:__TI_decompress_rle_core</name>
         <load_address>0x805ce0</load_address>
         <run_address>0x805ce0</run_address>
         <size>0x100</size>
         <input_file_ref idref="fl-36"/>
      </object_component>
      <object_component id="oc-273">
         <name>.text:_mcpy</name>
         <load_address>0x805de0</load_address>
         <run_address>0x805de0</run_address>
         <size>0x100</size>
         <input_file_ref idref="fl-23"/>
      </object_component>
      <object_component id="oc-1ac">
         <name>.text:atoi</name>
         <load_address>0x805ee0</load_address>
         <run_address>0x805ee0</run_address>
         <size>0x100</size>
         <input_file_ref idref="fl-42"/>
      </object_component>
      <object_component id="oc-2aa">
         <name>.text:fseek</name>
         <load_address>0x805fe0</load_address>
         <run_address>0x805fe0</run_address>
         <size>0x100</size>
         <input_file_ref idref="fl-4d"/>
      </object_component>
      <object_component id="oc-3a4">
         <name>.text:HOSTlseek</name>
         <load_address>0x8060e0</load_address>
         <run_address>0x8060e0</run_address>
         <size>0xe0</size>
         <input_file_ref idref="fl-52"/>
      </object_component>
      <object_component id="oc-38c">
         <name>.text:HOSTopen</name>
         <load_address>0x8061c0</load_address>
         <run_address>0x8061c0</run_address>
         <size>0xe0</size>
         <input_file_ref idref="fl-53"/>
      </object_component>
      <object_component id="oc-39e">
         <name>.text:HOSTwrite</name>
         <load_address>0x8062a0</load_address>
         <run_address>0x8062a0</run_address>
         <size>0xe0</size>
         <input_file_ref idref="fl-57"/>
      </object_component>
      <object_component id="oc-267">
         <name>.text:__TI_ltoa</name>
         <load_address>0x806380</load_address>
         <run_address>0x806380</run_address>
         <size>0xe0</size>
         <input_file_ref idref="fl-40"/>
      </object_component>
      <object_component id="oc-230">
         <name>.text:__TI_wrt_ok</name>
         <load_address>0x806460</load_address>
         <run_address>0x806460</run_address>
         <size>0xe0</size>
         <input_file_ref idref="fl-26"/>
      </object_component>
      <object_component id="oc-3d1">
         <name>.text:close</name>
         <load_address>0x806540</load_address>
         <run_address>0x806540</run_address>
         <size>0xe0</size>
         <input_file_ref idref="fl-5b"/>
      </object_component>
      <object_component id="oc-57">
         <name>.text:exit</name>
         <load_address>0x806620</load_address>
         <run_address>0x806620</run_address>
         <size>0xe0</size>
         <input_file_ref idref="fl-3d"/>
      </object_component>
      <object_component id="oc-78">
         <name>.text:memset</name>
         <load_address>0x806700</load_address>
         <run_address>0x806700</run_address>
         <size>0xe0</size>
         <input_file_ref idref="fl-2f"/>
      </object_component>
      <object_component id="oc-108">
         <name>.text:optimized</name>
         <load_address>0x8067e0</load_address>
         <run_address>0x8067e0</run_address>
         <size>0xe0</size>
         <input_file_ref idref="fl-5e"/>
      </object_component>
      <object_component id="oc-102">
         <name>.text:printf</name>
         <load_address>0x8068c0</load_address>
         <run_address>0x8068c0</run_address>
         <size>0xe0</size>
         <input_file_ref idref="fl-22"/>
      </object_component>
      <object_component id="oc-398">
         <name>.text:HOSTread</name>
         <load_address>0x8069a0</load_address>
         <run_address>0x8069a0</run_address>
         <size>0xc0</size>
         <input_file_ref idref="fl-54"/>
      </object_component>
      <object_component id="oc-3aa">
         <name>.text:HOSTunlink</name>
         <load_address>0x806a60</load_address>
         <run_address>0x806a60</run_address>
         <size>0xc0</size>
         <input_file_ref idref="fl-56"/>
      </object_component>
      <object_component id="oc-a0">
         <name>.text:__TI_auto_init_nobinit_nopinit:__TI_auto_init_nobinit_nopinit</name>
         <load_address>0x806b20</load_address>
         <run_address>0x806b20</run_address>
         <size>0xc0</size>
         <input_file_ref idref="fl-30"/>
      </object_component>
      <object_component id="oc-258">
         <name>.text:__divu</name>
         <load_address>0x806be0</load_address>
         <run_address>0x806be0</run_address>
         <size>0xc0</size>
         <input_file_ref idref="fl-29"/>
      </object_component>
      <object_component id="oc-378">
         <name>.text:mremove</name>
         <load_address>0x806ca0</load_address>
         <run_address>0x806ca0</run_address>
         <size>0xc0</size>
         <input_file_ref idref="fl-3e"/>
      </object_component>
      <object_component id="oc-122">
         <name>.text:tls:init:__TI_tls_init</name>
         <load_address>0x806d60</load_address>
         <run_address>0x806d60</run_address>
         <size>0xc0</size>
         <input_file_ref idref="fl-47"/>
      </object_component>
      <object_component id="oc-392">
         <name>.text:HOSTclose</name>
         <load_address>0x806e20</load_address>
         <run_address>0x806e20</run_address>
         <size>0xa0</size>
         <input_file_ref idref="fl-51"/>
      </object_component>
      <object_component id="oc-31f">
         <name>.text:__TI_cleanup</name>
         <load_address>0x806ec0</load_address>
         <run_address>0x806ec0</run_address>
         <size>0xa0</size>
         <input_file_ref idref="fl-4c"/>
      </object_component>
      <object_component id="oc-236">
         <name>.text:__TI_doflush</name>
         <load_address>0x806f60</load_address>
         <run_address>0x806f60</run_address>
         <size>0xa0</size>
         <input_file_ref idref="fl-4b"/>
      </object_component>
      <object_component id="oc-26d">
         <name>.text:_ecpy</name>
         <load_address>0x807000</load_address>
         <run_address>0x807000</run_address>
         <size>0xa0</size>
         <input_file_ref idref="fl-23"/>
      </object_component>
      <object_component id="oc-41e">
         <name>.text:finddevice</name>
         <load_address>0x8070a0</load_address>
         <run_address>0x8070a0</run_address>
         <size>0xa0</size>
         <input_file_ref idref="fl-5a"/>
      </object_component>
      <object_component id="oc-2d">
         <name>.text:memcpy</name>
         <load_address>0x807140</load_address>
         <run_address>0x807140</run_address>
         <size>0xa0</size>
         <input_file_ref idref="fl-2a"/>
      </object_component>
      <object_component id="oc-372">
         <name>.text:minsert</name>
         <load_address>0x8071e0</load_address>
         <run_address>0x8071e0</run_address>
         <size>0xa0</size>
         <input_file_ref idref="fl-3e"/>
      </object_component>
      <object_component id="oc-3e9">
         <name>.text:__TI_readmsg</name>
         <load_address>0x807280</load_address>
         <run_address>0x807280</run_address>
         <size>0x80</size>
         <input_file_ref idref="fl-58"/>
      </object_component>
      <object_component id="oc-2c8">
         <name>.text:__c6xabi_llshl</name>
         <load_address>0x807300</load_address>
         <run_address>0x807300</run_address>
         <size>0x80</size>
         <input_file_ref idref="fl-2e"/>
      </object_component>
      <object_component id="oc-21">
         <name>.text:_c_int00</name>
         <load_address>0x807380</load_address>
         <run_address>0x807380</run_address>
         <size>0x80</size>
         <input_file_ref idref="fl-2b"/>
      </object_component>
      <object_component id="oc-3d7">
         <name>.text:unlink</name>
         <load_address>0x807400</load_address>
         <run_address>0x807400</run_address>
         <size>0x80</size>
         <input_file_ref idref="fl-5d"/>
      </object_component>
      <object_component id="oc-3e3">
         <name>.text:__TI_writemsg</name>
         <load_address>0x807480</load_address>
         <run_address>0x807480</run_address>
         <size>0x60</size>
         <input_file_ref idref="fl-58"/>
      </object_component>
      <object_component id="oc-2d4">
         <name>.text:__c6xabi_llshru</name>
         <load_address>0x8074e0</load_address>
         <run_address>0x8074e0</run_address>
         <size>0x60</size>
         <input_file_ref idref="fl-2e"/>
      </object_component>
      <object_component id="oc-2ce">
         <name>.text:_subcull</name>
         <load_address>0x807540</load_address>
         <run_address>0x807540</run_address>
         <size>0x60</size>
         <input_file_ref idref="fl-2d"/>
      </object_component>
      <object_component id="oc-30b">
         <name>.text:lseek</name>
         <load_address>0x8075a0</load_address>
         <run_address>0x8075a0</run_address>
         <size>0x60</size>
         <input_file_ref idref="fl-4f"/>
      </object_component>
      <object_component id="oc-1e2">
         <name>.text:memccpy</name>
         <load_address>0x807600</load_address>
         <run_address>0x807600</run_address>
         <size>0x60</size>
         <input_file_ref idref="fl-45"/>
      </object_component>
      <object_component id="oc-23c">
         <name>.text:write</name>
         <load_address>0x807660</load_address>
         <run_address>0x807660</run_address>
         <size>0x60</size>
         <input_file_ref idref="fl-46"/>
      </object_component>
      <object_component id="oc-2df">
         <name>.text:__TI_frcmpyd_div</name>
         <load_address>0x8076c0</load_address>
         <run_address>0x8076c0</run_address>
         <size>0x40</size>
         <input_file_ref idref="fl-3c"/>
      </object_component>
      <object_component id="oc-1be">
         <name>.text:__c6xabi_isinf</name>
         <load_address>0x807700</load_address>
         <run_address>0x807700</run_address>
         <size>0x40</size>
         <input_file_ref idref="fl-38"/>
      </object_component>
      <object_component id="oc-1b8">
         <name>.text:__c6xabi_isnan</name>
         <load_address>0x807740</load_address>
         <run_address>0x807740</run_address>
         <size>0x40</size>
         <input_file_ref idref="fl-23"/>
      </object_component>
      <object_component id="oc-51">
         <name>.text:_args_main</name>
         <load_address>0x807780</load_address>
         <run_address>0x807780</run_address>
         <size>0x40</size>
         <input_file_ref idref="fl-41"/>
      </object_component>
      <object_component id="oc-1e8">
         <name>.text:wcslen</name>
         <load_address>0x8077c0</load_address>
         <run_address>0x8077c0</run_address>
         <size>0x40</size>
         <input_file_ref idref="fl-4a"/>
      </object_component>
      <object_component id="oc-1ee">
         <name>.text:__c6xabi_errno_addr</name>
         <load_address>0x807800</load_address>
         <run_address>0x807800</run_address>
         <size>0x20</size>
         <input_file_ref idref="fl-49"/>
      </object_component>
      <object_component id="oc-1f4">
         <name>.text:__pop_rts</name>
         <load_address>0x807820</load_address>
         <run_address>0x807820</run_address>
         <size>0x20</size>
         <input_file_ref idref="fl-28"/>
      </object_component>
      <object_component id="oc-1a7">
         <name>.text:__push_rts</name>
         <load_address>0x807840</load_address>
         <run_address>0x807840</run_address>
         <size>0x20</size>
         <input_file_ref idref="fl-28"/>
      </object_component>
      <object_component id="oc-18a">
         <name>.text:_nop</name>
         <load_address>0x807860</load_address>
         <run_address>0x807860</run_address>
         <size>0x20</size>
         <input_file_ref idref="fl-3f"/>
      </object_component>
      <object_component id="oc-15a">
         <name>.text:_outc</name>
         <load_address>0x807880</load_address>
         <run_address>0x807880</run_address>
         <size>0x20</size>
         <input_file_ref idref="fl-22"/>
      </object_component>
      <object_component id="oc-160">
         <name>.text:_outs</name>
         <load_address>0x8078a0</load_address>
         <run_address>0x8078a0</run_address>
         <size>0x20</size>
         <input_file_ref idref="fl-22"/>
      </object_component>
      <object_component id="oc-1c4">
         <name>.text:_signbit</name>
         <load_address>0x8078c0</load_address>
         <run_address>0x8078c0</run_address>
         <size>0x20</size>
         <input_file_ref idref="fl-3a"/>
      </object_component>
      <object_component id="oc-11c">
         <name>.text:_system_post_cinit</name>
         <load_address>0x8078e0</load_address>
         <run_address>0x8078e0</run_address>
         <size>0x20</size>
         <input_file_ref idref="fl-32"/>
      </object_component>
      <object_component id="oc-5d">
         <name>.text:_system_pre_init</name>
         <load_address>0x807900</load_address>
         <run_address>0x807900</run_address>
         <size>0x20</size>
         <input_file_ref idref="fl-31"/>
      </object_component>
      <object_component id="oc-97">
         <name>.text:abort</name>
         <load_address>0x807920</load_address>
         <run_address>0x807920</run_address>
         <size>0x20</size>
         <input_file_ref idref="fl-3d"/>
      </object_component>
      <object_component id="oc-14">
         <name>.text:decompress:none:__TI_decompress_none</name>
         <load_address>0x807940</load_address>
         <run_address>0x807940</run_address>
         <size>0x20</size>
         <input_file_ref idref="fl-35"/>
      </object_component>
      <object_component id="oc-1a">
         <name>.text:decompress:rle24:__TI_decompress_rle24</name>
         <load_address>0x807960</load_address>
         <run_address>0x807960</run_address>
         <size>0x20</size>
         <input_file_ref idref="fl-36"/>
      </object_component>
      <object_component id="oc-27">
         <name>.stack</name>
         <uninitialized>true</uninitialized>
         <run_address>0x807980</run_address>
         <size>0x8</size>
         <input_file_ref idref="fl-2b"/>
      </object_component>
      <object_component id="oc-45c">
         <name>.stack</name>
         <uninitialized>true</uninitialized>
         <run_address>0x807980</run_address>
         <size>0x0</size>
      </object_component>
      <object_component id="oc-40a">
         <name>.cio</name>
         <uninitialized>true</uninitialized>
         <run_address>0x80a130</run_address>
         <size>0x120</size>
         <input_file_ref idref="fl-58"/>
      </object_component>
      <object_component id="oc-247">
         <name>.const:.string:_ctypes_</name>
         <load_address>0x809d40</load_address>
         <run_address>0x809d40</run_address>
         <size>0x101</size>
         <input_file_ref idref="fl-43"/>
      </object_component>
      <object_component id="oc-ed">
         <name>.const:.string</name>
         <load_address>0x809e44</load_address>
         <run_address>0x809e44</run_address>
         <size>0xa0</size>
         <input_file_ref idref="fl-2"/>
      </object_component>
      <object_component id="oc-1f9">
         <name>.const:.string</name>
         <load_address>0x809ee4</load_address>
         <run_address>0x809ee4</run_address>
         <size>0x24</size>
         <input_file_ref idref="fl-23"/>
      </object_component>
      <object_component id="oc-fc">
         <name>.const:$P$T0$1</name>
         <load_address>0x809f08</load_address>
         <run_address>0x809f08</run_address>
         <size>0x20</size>
         <input_file_ref idref="fl-2"/>
      </object_component>
      <object_component id="oc-ff">
         <name>.const:$P$T1$2</name>
         <load_address>0x809f28</load_address>
         <run_address>0x809f28</run_address>
         <size>0x20</size>
         <input_file_ref idref="fl-2"/>
      </object_component>
      <object_component id="oc-1fa">
         <name>.switch:__TI_printfi</name>
         <load_address>0x80a250</load_address>
         <run_address>0x80a250</run_address>
         <size>0x38</size>
         <input_file_ref idref="fl-23"/>
      </object_component>
      <object_component id="oc-2a">
         <name>.sysmem</name>
         <uninitialized>true</uninitialized>
         <run_address>0x808980</run_address>
         <size>0x8</size>
         <input_file_ref idref="fl-3e"/>
      </object_component>
      <object_component id="oc-45d">
         <name>.sysmem</name>
         <uninitialized>true</uninitialized>
         <run_address>0x808980</run_address>
         <size>0x0</size>
      </object_component>
      <object_component id="oc-45a">
         <name>.cinit..fardata.load</name>
         <load_address>0x80a288</load_address>
         <run_address>0x80a288</run_address>
         <size>0xff</size>
      </object_component>
      <object_component id="oc-45b">
         <name>.cinit..far.load</name>
         <load_address>0x80a387</load_address>
         <run_address>0x80a387</run_address>
         <size>0xb</size>
      </object_component>
      <object_component id="oc-458">
         <name>__TI_handler_table</name>
         <load_address>0x80a394</load_address>
         <run_address>0x80a394</run_address>
         <size>0x8</size>
      </object_component>
      <object_component id="oc-459">
         <name>__TI_cinit_table</name>
         <load_address>0x80a3a0</load_address>
         <run_address>0x80a3a0</run_address>
         <size>0x10</size>
      </object_component>
      <object_component id="oc-ee">
         <name>.fardata:A</name>
         <load_address>0x809c78</load_address>
         <run_address>0x809c78</run_address>
         <size>0x40</size>
         <input_file_ref idref="fl-2"/>
      </object_component>
      <object_component id="oc-f1">
         <name>.fardata:B</name>
         <load_address>0x809cf8</load_address>
         <run_address>0x809cf8</run_address>
         <size>0x20</size>
         <input_file_ref idref="fl-2"/>
      </object_component>
      <object_component id="oc-f4">
         <name>.fardata:C</name>
         <load_address>0x809cb8</load_address>
         <run_address>0x809cb8</run_address>
         <size>0x40</size>
         <input_file_ref idref="fl-2"/>
      </object_component>
      <object_component id="oc-94">
         <name>.fardata</name>
         <load_address>0x809d18</load_address>
         <run_address>0x809d18</run_address>
         <size>0xc</size>
         <input_file_ref idref="fl-3d"/>
      </object_component>
      <object_component id="oc-36f">
         <name>.fardata</name>
         <load_address>0x809d24</load_address>
         <run_address>0x809d24</run_address>
         <size>0x8</size>
         <input_file_ref idref="fl-3e"/>
      </object_component>
      <object_component id="oc-151">
         <name>.fardata:_lock</name>
         <load_address>0x809d2c</load_address>
         <run_address>0x809d2c</run_address>
         <size>0x4</size>
         <input_file_ref idref="fl-3f"/>
      </object_component>
      <object_component id="oc-157">
         <name>.fardata:_unlock</name>
         <load_address>0x809d30</load_address>
         <run_address>0x809d30</run_address>
         <size>0x4</size>
         <input_file_ref idref="fl-3f"/>
      </object_component>
      <object_component id="oc-154">
         <name>.fardata:_ftable</name>
         <load_address>0x809980</load_address>
         <run_address>0x809980</run_address>
         <size>0x1e0</size>
         <input_file_ref idref="fl-44"/>
      </object_component>
      <object_component id="oc-380">
         <name>.fardata</name>
         <load_address>0x809d34</load_address>
         <run_address>0x809d34</run_address>
         <size>0x4</size>
         <input_file_ref idref="fl-44"/>
      </object_component>
      <object_component id="oc-330">
         <name>.fardata:_device</name>
         <load_address>0x809c00</load_address>
         <run_address>0x809c00</run_address>
         <size>0x78</size>
         <input_file_ref idref="fl-46"/>
      </object_component>
      <object_component id="oc-2ba">
         <name>.fardata:_stream</name>
         <load_address>0x809b60</load_address>
         <run_address>0x809b60</run_address>
         <size>0xa0</size>
         <input_file_ref idref="fl-46"/>
      </object_component>
      <object_component id="oc-298">
         <name>.fardata</name>
         <load_address>0x809d38</load_address>
         <run_address>0x809d38</run_address>
         <size>0x4</size>
         <input_file_ref idref="fl-49"/>
      </object_component>
      <object_component id="oc-f7">
         <name>.common:MatTransA</name>
         <uninitialized>true</uninitialized>
         <run_address>0x80a0c8</run_address>
         <size>0x40</size>
      </object_component>
      <object_component id="oc-fa">
         <name>.common:MatEPOut</name>
         <uninitialized>true</uninitialized>
         <run_address>0x80a108</run_address>
         <size>0x20</size>
      </object_component>
      <object_component id="oc-fb">
         <name>.common:MatIPOut</name>
         <uninitialized>true</uninitialized>
         <run_address>0x80a088</run_address>
         <size>0x40</size>
      </object_component>
      <object_component id="oc-3dd">
         <name>.common:__TI_tmpnams</name>
         <uninitialized>true</uninitialized>
         <run_address>0x809f48</run_address>
         <size>0x140</size>
      </object_component>
      <object_component id="oc-3e0">
         <name>.common:parmbuf</name>
         <uninitialized>true</uninitialized>
         <run_address>0x80a128</run_address>
         <size>0x8</size>
      </object_component>
      <object_component id="oc-f8">
         <name>.debug_info</name>
         <load_address>0x0</load_address>
         <run_address>0x0</run_address>
         <size>0x6d3</size>
         <input_file_ref idref="fl-2"/>
      </object_component>
      <object_component id="oc-ef">
         <name>.debug_info</name>
         <load_address>0x6d3</load_address>
         <run_address>0x6d3</run_address>
         <size>0xb4</size>
         <input_file_ref idref="fl-2"/>
      </object_component>
      <object_component id="oc-f2">
         <name>.debug_info</name>
         <load_address>0x787</load_address>
         <run_address>0x787</run_address>
         <size>0xb4</size>
         <input_file_ref idref="fl-2"/>
      </object_component>
      <object_component id="oc-f5">
         <name>.debug_info</name>
         <load_address>0x83b</load_address>
         <run_address>0x83b</run_address>
         <size>0xb4</size>
         <input_file_ref idref="fl-2"/>
      </object_component>
      <object_component id="oc-fd">
         <name>.debug_info</name>
         <load_address>0x8ef</load_address>
         <run_address>0x8ef</run_address>
         <size>0xbf</size>
         <input_file_ref idref="fl-2"/>
      </object_component>
      <object_component id="oc-100">
         <name>.debug_info</name>
         <load_address>0x9ae</load_address>
         <run_address>0x9ae</run_address>
         <size>0xbf</size>
         <input_file_ref idref="fl-2"/>
      </object_component>
      <object_component id="oc-8e">
         <name>.debug_info</name>
         <load_address>0xa6d</load_address>
         <run_address>0xa6d</run_address>
         <size>0x3e9</size>
         <input_file_ref idref="fl-2"/>
      </object_component>
      <object_component id="oc-148">
         <name>.debug_info</name>
         <load_address>0xe56</load_address>
         <run_address>0xe56</run_address>
         <size>0x26b</size>
         <input_file_ref idref="fl-2"/>
      </object_component>
      <object_component id="oc-73">
         <name>.debug_info</name>
         <load_address>0x10c1</load_address>
         <run_address>0x10c1</run_address>
         <size>0xc0</size>
         <input_file_ref idref="fl-2"/>
      </object_component>
      <object_component id="oc-185">
         <name>.debug_info</name>
         <load_address>0x1181</load_address>
         <run_address>0x1181</run_address>
         <size>0x275</size>
         <input_file_ref idref="fl-2"/>
      </object_component>
      <object_component id="oc-1fd">
         <name>.debug_info</name>
         <load_address>0x13f6</load_address>
         <run_address>0x13f6</run_address>
         <size>0x2c</size>
         <input_file_ref idref="fl-2"/>
      </object_component>
      <object_component id="oc-16d">
         <name>.debug_info</name>
         <load_address>0x1422</load_address>
         <run_address>0x1422</run_address>
         <size>0x6b0</size>
         <input_file_ref idref="fl-22"/>
      </object_component>
      <object_component id="oc-15c">
         <name>.debug_info</name>
         <load_address>0x1ad2</load_address>
         <run_address>0x1ad2</run_address>
         <size>0x152</size>
         <input_file_ref idref="fl-22"/>
      </object_component>
      <object_component id="oc-162">
         <name>.debug_info</name>
         <load_address>0x1c24</load_address>
         <run_address>0x1c24</run_address>
         <size>0x161</size>
         <input_file_ref idref="fl-22"/>
      </object_component>
      <object_component id="oc-104">
         <name>.debug_info</name>
         <load_address>0x1d85</load_address>
         <run_address>0x1d85</run_address>
         <size>0x199</size>
         <input_file_ref idref="fl-22"/>
      </object_component>
      <object_component id="oc-213">
         <name>.debug_info</name>
         <load_address>0x1f1e</load_address>
         <run_address>0x1f1e</run_address>
         <size>0xb2</size>
         <input_file_ref idref="fl-22"/>
      </object_component>
      <object_component id="oc-1fc">
         <name>.debug_info</name>
         <load_address>0x1fd0</load_address>
         <run_address>0x1fd0</run_address>
         <size>0x80e</size>
         <input_file_ref idref="fl-23"/>
      </object_component>
      <object_component id="oc-1b4">
         <name>.debug_info</name>
         <load_address>0x27de</load_address>
         <run_address>0x27de</run_address>
         <size>0x26b</size>
         <input_file_ref idref="fl-23"/>
      </object_component>
      <object_component id="oc-1ba">
         <name>.debug_info</name>
         <load_address>0x2a49</load_address>
         <run_address>0x2a49</run_address>
         <size>0x222</size>
         <input_file_ref idref="fl-23"/>
      </object_component>
      <object_component id="oc-26f">
         <name>.debug_info</name>
         <load_address>0x2c6b</load_address>
         <run_address>0x2c6b</run_address>
         <size>0x1a9</size>
         <input_file_ref idref="fl-23"/>
      </object_component>
      <object_component id="oc-275">
         <name>.debug_info</name>
         <load_address>0x2e14</load_address>
         <run_address>0x2e14</run_address>
         <size>0x21a</size>
         <input_file_ref idref="fl-23"/>
      </object_component>
      <object_component id="oc-1cc">
         <name>.debug_info</name>
         <load_address>0x302e</load_address>
         <run_address>0x302e</run_address>
         <size>0x304</size>
         <input_file_ref idref="fl-23"/>
      </object_component>
      <object_component id="oc-27c">
         <name>.debug_info</name>
         <load_address>0x3332</load_address>
         <run_address>0x3332</run_address>
         <size>0x246</size>
         <input_file_ref idref="fl-23"/>
      </object_component>
      <object_component id="oc-1d2">
         <name>.debug_info</name>
         <load_address>0x3578</load_address>
         <run_address>0x3578</run_address>
         <size>0x272</size>
         <input_file_ref idref="fl-23"/>
      </object_component>
      <object_component id="oc-1d8">
         <name>.debug_info</name>
         <load_address>0x37ea</load_address>
         <run_address>0x37ea</run_address>
         <size>0x2ec</size>
         <input_file_ref idref="fl-23"/>
      </object_component>
      <object_component id="oc-1de">
         <name>.debug_info</name>
         <load_address>0x3ad6</load_address>
         <run_address>0x3ad6</run_address>
         <size>0x4ac</size>
         <input_file_ref idref="fl-23"/>
      </object_component>
      <object_component id="oc-168">
         <name>.debug_info</name>
         <load_address>0x3f82</load_address>
         <run_address>0x3f82</run_address>
         <size>0x6b0</size>
         <input_file_ref idref="fl-23"/>
      </object_component>
      <object_component id="oc-202">
         <name>.debug_info</name>
         <load_address>0x4632</load_address>
         <run_address>0x4632</run_address>
         <size>0x86</size>
         <input_file_ref idref="fl-23"/>
      </object_component>
      <object_component id="oc-2a0">
         <name>.debug_info</name>
         <load_address>0x46b8</load_address>
         <run_address>0x46b8</run_address>
         <size>0x39</size>
         <input_file_ref idref="fl-23"/>
      </object_component>
      <object_component id="oc-306">
         <name>.debug_info</name>
         <load_address>0x46f1</load_address>
         <run_address>0x46f1</run_address>
         <size>0x94</size>
         <input_file_ref idref="fl-23"/>
      </object_component>
      <object_component id="oc-2a5">
         <name>.debug_info</name>
         <load_address>0x4785</load_address>
         <run_address>0x4785</run_address>
         <size>0x46</size>
         <input_file_ref idref="fl-23"/>
      </object_component>
      <object_component id="oc-20c">
         <name>.debug_info</name>
         <load_address>0x47cb</load_address>
         <run_address>0x47cb</run_address>
         <size>0x46</size>
         <input_file_ref idref="fl-23"/>
      </object_component>
      <object_component id="oc-207">
         <name>.debug_info</name>
         <load_address>0x4811</load_address>
         <run_address>0x4811</run_address>
         <size>0x2c</size>
         <input_file_ref idref="fl-23"/>
      </object_component>
      <object_component id="oc-243">
         <name>.debug_info</name>
         <load_address>0x483d</load_address>
         <run_address>0x483d</run_address>
         <size>0x64e</size>
         <input_file_ref idref="fl-24"/>
      </object_component>
      <object_component id="oc-19d">
         <name>.debug_info</name>
         <load_address>0x4e8b</load_address>
         <run_address>0x4e8b</run_address>
         <size>0x213</size>
         <input_file_ref idref="fl-24"/>
      </object_component>
      <object_component id="oc-245">
         <name>.debug_info</name>
         <load_address>0x509e</load_address>
         <run_address>0x509e</run_address>
         <size>0x65f</size>
         <input_file_ref idref="fl-25"/>
      </object_component>
      <object_component id="oc-1a1">
         <name>.debug_info</name>
         <load_address>0x56fd</load_address>
         <run_address>0x56fd</run_address>
         <size>0x326</size>
         <input_file_ref idref="fl-25"/>
      </object_component>
      <object_component id="oc-e0">
         <name>.debug_info</name>
         <load_address>0x5a23</load_address>
         <run_address>0x5a23</run_address>
         <size>0x2c</size>
         <input_file_ref idref="fl-25"/>
      </object_component>
      <object_component id="oc-2b7">
         <name>.debug_info</name>
         <load_address>0x5a4f</load_address>
         <run_address>0x5a4f</run_address>
         <size>0x5ca</size>
         <input_file_ref idref="fl-26"/>
      </object_component>
      <object_component id="oc-234">
         <name>.debug_info</name>
         <load_address>0x6019</load_address>
         <run_address>0x6019</run_address>
         <size>0x18c</size>
         <input_file_ref idref="fl-26"/>
      </object_component>
      <object_component id="oc-327">
         <name>.debug_info</name>
         <load_address>0x61a5</load_address>
         <run_address>0x61a5</run_address>
         <size>0xbf</size>
         <input_file_ref idref="fl-26"/>
      </object_component>
      <object_component id="oc-326">
         <name>.debug_info</name>
         <load_address>0x6264</load_address>
         <run_address>0x6264</run_address>
         <size>0x634</size>
         <input_file_ref idref="fl-27"/>
      </object_component>
      <object_component id="oc-2b3">
         <name>.debug_info</name>
         <load_address>0x6898</load_address>
         <run_address>0x6898</run_address>
         <size>0x22c</size>
         <input_file_ref idref="fl-27"/>
      </object_component>
      <object_component id="oc-1a8">
         <name>.debug_info</name>
         <load_address>0x6ac4</load_address>
         <run_address>0x6ac4</run_address>
         <size>0x10f</size>
         <input_file_ref idref="fl-28"/>
      </object_component>
      <object_component id="oc-1f5">
         <name>.debug_info</name>
         <load_address>0x6bd3</load_address>
         <run_address>0x6bd3</run_address>
         <size>0x10d</size>
         <input_file_ref idref="fl-28"/>
      </object_component>
      <object_component id="oc-259">
         <name>.debug_info</name>
         <load_address>0x6ce0</load_address>
         <run_address>0x6ce0</run_address>
         <size>0x115</size>
         <input_file_ref idref="fl-29"/>
      </object_component>
      <object_component id="oc-2f">
         <name>.debug_info</name>
         <load_address>0x6df5</load_address>
         <run_address>0x6df5</run_address>
         <size>0x122</size>
         <input_file_ref idref="fl-2a"/>
      </object_component>
      <object_component id="oc-67">
         <name>.debug_info</name>
         <load_address>0x6f17</load_address>
         <run_address>0x6f17</run_address>
         <size>0x5df</size>
         <input_file_ref idref="fl-2b"/>
      </object_component>
      <object_component id="oc-28">
         <name>.debug_info</name>
         <load_address>0x74f6</load_address>
         <run_address>0x74f6</run_address>
         <size>0xf6</size>
         <input_file_ref idref="fl-2b"/>
      </object_component>
      <object_component id="oc-25">
         <name>.debug_info</name>
         <load_address>0x75ec</load_address>
         <run_address>0x75ec</run_address>
         <size>0x183</size>
         <input_file_ref idref="fl-2b"/>
      </object_component>
      <object_component id="oc-2dd">
         <name>.debug_info</name>
         <load_address>0x776f</load_address>
         <run_address>0x776f</run_address>
         <size>0x554</size>
         <input_file_ref idref="fl-2c"/>
      </object_component>
      <object_component id="oc-255">
         <name>.debug_info</name>
         <load_address>0x7cc3</load_address>
         <run_address>0x7cc3</run_address>
         <size>0x1d6</size>
         <input_file_ref idref="fl-2c"/>
      </object_component>
      <object_component id="oc-2db">
         <name>.debug_info</name>
         <load_address>0x7e99</load_address>
         <run_address>0x7e99</run_address>
         <size>0x574</size>
         <input_file_ref idref="fl-2d"/>
      </object_component>
      <object_component id="oc-2d1">
         <name>.debug_info</name>
         <load_address>0x840d</load_address>
         <run_address>0x840d</run_address>
         <size>0x184</size>
         <input_file_ref idref="fl-2d"/>
      </object_component>
      <object_component id="oc-24e">
         <name>.debug_info</name>
         <load_address>0x8591</load_address>
         <run_address>0x8591</run_address>
         <size>0x26a</size>
         <input_file_ref idref="fl-2d"/>
      </object_component>
      <object_component id="oc-349">
         <name>.debug_info</name>
         <load_address>0x87fb</load_address>
         <run_address>0x87fb</run_address>
         <size>0x554</size>
         <input_file_ref idref="fl-2e"/>
      </object_component>
      <object_component id="oc-2d6">
         <name>.debug_info</name>
         <load_address>0x8d4f</load_address>
         <run_address>0x8d4f</run_address>
         <size>0x1a5</size>
         <input_file_ref idref="fl-2e"/>
      </object_component>
      <object_component id="oc-2cb">
         <name>.debug_info</name>
         <load_address>0x8ef4</load_address>
         <run_address>0x8ef4</run_address>
         <size>0x18c</size>
         <input_file_ref idref="fl-2e"/>
      </object_component>
      <object_component id="oc-344">
         <name>.debug_info</name>
         <load_address>0x9080</load_address>
         <run_address>0x9080</run_address>
         <size>0x39</size>
         <input_file_ref idref="fl-2e"/>
      </object_component>
      <object_component id="oc-3b8">
         <name>.debug_info</name>
         <load_address>0x90b9</load_address>
         <run_address>0x90b9</run_address>
         <size>0x2c</size>
         <input_file_ref idref="fl-2e"/>
      </object_component>
      <object_component id="oc-df">
         <name>.debug_info</name>
         <load_address>0x90e5</load_address>
         <run_address>0x90e5</run_address>
         <size>0x564</size>
         <input_file_ref idref="fl-2f"/>
      </object_component>
      <object_component id="oc-79">
         <name>.debug_info</name>
         <load_address>0x9649</load_address>
         <run_address>0x9649</run_address>
         <size>0x22a</size>
         <input_file_ref idref="fl-2f"/>
      </object_component>
      <object_component id="oc-129">
         <name>.debug_info</name>
         <load_address>0x9873</load_address>
         <run_address>0x9873</run_address>
         <size>0x7c4</size>
         <input_file_ref idref="fl-30"/>
      </object_component>
      <object_component id="oc-a1">
         <name>.debug_info</name>
         <load_address>0xa037</load_address>
         <run_address>0xa037</run_address>
         <size>0x1b0</size>
         <input_file_ref idref="fl-30"/>
      </object_component>
      <object_component id="oc-174">
         <name>.debug_info</name>
         <load_address>0xa1e7</load_address>
         <run_address>0xa1e7</run_address>
         <size>0x39</size>
         <input_file_ref idref="fl-30"/>
      </object_component>
      <object_component id="oc-180">
         <name>.debug_info</name>
         <load_address>0xa220</load_address>
         <run_address>0xa220</run_address>
         <size>0x39</size>
         <input_file_ref idref="fl-30"/>
      </object_component>
      <object_component id="oc-134">
         <name>.debug_info</name>
         <load_address>0xa259</load_address>
         <run_address>0xa259</run_address>
         <size>0x39</size>
         <input_file_ref idref="fl-30"/>
      </object_component>
      <object_component id="oc-179">
         <name>.debug_info</name>
         <load_address>0xa292</load_address>
         <run_address>0xa292</run_address>
         <size>0xcd</size>
         <input_file_ref idref="fl-30"/>
      </object_component>
      <object_component id="oc-61">
         <name>.debug_info</name>
         <load_address>0xa35f</load_address>
         <run_address>0xa35f</run_address>
         <size>0x149</size>
         <input_file_ref idref="fl-31"/>
      </object_component>
      <object_component id="oc-11d">
         <name>.debug_info</name>
         <load_address>0xa4a8</load_address>
         <run_address>0xa4a8</run_address>
         <size>0x146</size>
         <input_file_ref idref="fl-32"/>
      </object_component>
      <object_component id="oc-38">
         <name>.debug_info</name>
         <load_address>0xa5ee</load_address>
         <run_address>0xa5ee</run_address>
         <size>0x56d</size>
         <input_file_ref idref="fl-35"/>
      </object_component>
      <object_component id="oc-16">
         <name>.debug_info</name>
         <load_address>0xab5b</load_address>
         <run_address>0xab5b</run_address>
         <size>0x1cd</size>
         <input_file_ref idref="fl-35"/>
      </object_component>
      <object_component id="oc-33">
         <name>.debug_info</name>
         <load_address>0xad28</load_address>
         <run_address>0xad28</run_address>
         <size>0x46</size>
         <input_file_ref idref="fl-35"/>
      </object_component>
      <object_component id="oc-6c">
         <name>.debug_info</name>
         <load_address>0xad6e</load_address>
         <run_address>0xad6e</run_address>
         <size>0x2c</size>
         <input_file_ref idref="fl-35"/>
      </object_component>
      <object_component id="oc-7f">
         <name>.debug_info</name>
         <load_address>0xad9a</load_address>
         <run_address>0xad9a</run_address>
         <size>0x59e</size>
         <input_file_ref idref="fl-36"/>
      </object_component>
      <object_component id="oc-3b">
         <name>.debug_info</name>
         <load_address>0xb338</load_address>
         <run_address>0xb338</run_address>
         <size>0x255</size>
         <input_file_ref idref="fl-36"/>
      </object_component>
      <object_component id="oc-1c">
         <name>.debug_info</name>
         <load_address>0xb58d</load_address>
         <run_address>0xb58d</run_address>
         <size>0x1b2</size>
         <input_file_ref idref="fl-36"/>
      </object_component>
      <object_component id="oc-40">
         <name>.debug_info</name>
         <load_address>0xb73f</load_address>
         <run_address>0xb73f</run_address>
         <size>0x46</size>
         <input_file_ref idref="fl-36"/>
      </object_component>
      <object_component id="oc-e7">
         <name>.debug_info</name>
         <load_address>0xb785</load_address>
         <run_address>0xb785</run_address>
         <size>0x39</size>
         <input_file_ref idref="fl-36"/>
      </object_component>
      <object_component id="oc-80">
         <name>.debug_info</name>
         <load_address>0xb7be</load_address>
         <run_address>0xb7be</run_address>
         <size>0x2c</size>
         <input_file_ref idref="fl-36"/>
      </object_component>
      <object_component id="oc-2f6">
         <name>.debug_info</name>
         <load_address>0xb7ea</load_address>
         <run_address>0xb7ea</run_address>
         <size>0x58b</size>
         <input_file_ref idref="fl-37"/>
      </object_component>
      <object_component id="oc-283">
         <name>.debug_info</name>
         <load_address>0xbd75</load_address>
         <run_address>0xbd75</run_address>
         <size>0x1f2</size>
         <input_file_ref idref="fl-37"/>
      </object_component>
      <object_component id="oc-1c1">
         <name>.debug_info</name>
         <load_address>0xbf67</load_address>
         <run_address>0xbf67</run_address>
         <size>0x147</size>
         <input_file_ref idref="fl-38"/>
      </object_component>
      <object_component id="oc-2e6">
         <name>.debug_info</name>
         <load_address>0xc0ae</load_address>
         <run_address>0xc0ae</run_address>
         <size>0x7f</size>
         <input_file_ref idref="fl-38"/>
      </object_component>
      <object_component id="oc-3c4">
         <name>.debug_info</name>
         <load_address>0xc12d</load_address>
         <run_address>0xc12d</run_address>
         <size>0x53</size>
         <input_file_ref idref="fl-38"/>
      </object_component>
      <object_component id="oc-35b">
         <name>.debug_info</name>
         <load_address>0xc180</load_address>
         <run_address>0xc180</run_address>
         <size>0x2c</size>
         <input_file_ref idref="fl-38"/>
      </object_component>
      <object_component id="oc-356">
         <name>.debug_info</name>
         <load_address>0xc1ac</load_address>
         <run_address>0xc1ac</run_address>
         <size>0x39</size>
         <input_file_ref idref="fl-38"/>
      </object_component>
      <object_component id="oc-2f8">
         <name>.debug_info</name>
         <load_address>0xc1e5</load_address>
         <run_address>0xc1e5</run_address>
         <size>0x58b</size>
         <input_file_ref idref="fl-39"/>
      </object_component>
      <object_component id="oc-289">
         <name>.debug_info</name>
         <load_address>0xc770</load_address>
         <run_address>0xc770</run_address>
         <size>0x1cb</size>
         <input_file_ref idref="fl-39"/>
      </object_component>
      <object_component id="oc-1c8">
         <name>.debug_info</name>
         <load_address>0xc93b</load_address>
         <run_address>0xc93b</run_address>
         <size>0x141</size>
         <input_file_ref idref="fl-3a"/>
      </object_component>
      <object_component id="oc-262">
         <name>.debug_info</name>
         <load_address>0xca7c</load_address>
         <run_address>0xca7c</run_address>
         <size>0x246</size>
         <input_file_ref idref="fl-3b"/>
      </object_component>
      <object_component id="oc-360">
         <name>.debug_info</name>
         <load_address>0xccc2</load_address>
         <run_address>0xccc2</run_address>
         <size>0x60</size>
         <input_file_ref idref="fl-3b"/>
      </object_component>
      <object_component id="oc-2eb">
         <name>.debug_info</name>
         <load_address>0xcd22</load_address>
         <run_address>0xcd22</run_address>
         <size>0x46</size>
         <input_file_ref idref="fl-3b"/>
      </object_component>
      <object_component id="oc-2e0">
         <name>.debug_info</name>
         <load_address>0xcd68</load_address>
         <run_address>0xcd68</run_address>
         <size>0x168</size>
         <input_file_ref idref="fl-3c"/>
      </object_component>
      <object_component id="oc-3bf">
         <name>.debug_info</name>
         <load_address>0xced0</load_address>
         <run_address>0xced0</run_address>
         <size>0x2c</size>
         <input_file_ref idref="fl-3c"/>
      </object_component>
      <object_component id="oc-351">
         <name>.debug_info</name>
         <load_address>0xcefc</load_address>
         <run_address>0xcefc</run_address>
         <size>0x2c</size>
         <input_file_ref idref="fl-3c"/>
      </object_component>
      <object_component id="oc-9e">
         <name>.debug_info</name>
         <load_address>0xcf28</load_address>
         <run_address>0xcf28</run_address>
         <size>0x59c</size>
         <input_file_ref idref="fl-3d"/>
      </object_component>
      <object_component id="oc-95">
         <name>.debug_info</name>
         <load_address>0xd4c4</load_address>
         <run_address>0xd4c4</run_address>
         <size>0x186</size>
         <input_file_ref idref="fl-3d"/>
      </object_component>
      <object_component id="oc-98">
         <name>.debug_info</name>
         <load_address>0xd64a</load_address>
         <run_address>0xd64a</run_address>
         <size>0x118</size>
         <input_file_ref idref="fl-3d"/>
      </object_component>
      <object_component id="oc-58">
         <name>.debug_info</name>
         <load_address>0xd762</load_address>
         <run_address>0xd762</run_address>
         <size>0x178</size>
         <input_file_ref idref="fl-3d"/>
      </object_component>
      <object_component id="oc-6a">
         <name>.debug_info</name>
         <load_address>0xd8da</load_address>
         <run_address>0xd8da</run_address>
         <size>0x60e</size>
         <input_file_ref idref="fl-3e"/>
      </object_component>
      <object_component id="oc-2b">
         <name>.debug_info</name>
         <load_address>0xdee8</load_address>
         <run_address>0xdee8</run_address>
         <size>0x102</size>
         <input_file_ref idref="fl-3e"/>
      </object_component>
      <object_component id="oc-370">
         <name>.debug_info</name>
         <load_address>0xdfea</load_address>
         <run_address>0xdfea</run_address>
         <size>0x125</size>
         <input_file_ref idref="fl-3e"/>
      </object_component>
      <object_component id="oc-37b">
         <name>.debug_info</name>
         <load_address>0xe10f</load_address>
         <run_address>0xe10f</run_address>
         <size>0x173</size>
         <input_file_ref idref="fl-3e"/>
      </object_component>
      <object_component id="oc-375">
         <name>.debug_info</name>
         <load_address>0xe282</load_address>
         <run_address>0xe282</run_address>
         <size>0x172</size>
         <input_file_ref idref="fl-3e"/>
      </object_component>
      <object_component id="oc-31c">
         <name>.debug_info</name>
         <load_address>0xe3f4</load_address>
         <run_address>0xe3f4</run_address>
         <size>0x1dd</size>
         <input_file_ref idref="fl-3e"/>
      </object_component>
      <object_component id="oc-314">
         <name>.debug_info</name>
         <load_address>0xe5d1</load_address>
         <run_address>0xe5d1</run_address>
         <size>0x28b</size>
         <input_file_ref idref="fl-3e"/>
      </object_component>
      <object_component id="oc-d4">
         <name>.debug_info</name>
         <load_address>0xe85c</load_address>
         <run_address>0xe85c</run_address>
         <size>0x2c</size>
         <input_file_ref idref="fl-3e"/>
      </object_component>
      <object_component id="oc-d9">
         <name>.debug_info</name>
         <load_address>0xe888</load_address>
         <run_address>0xe888</run_address>
         <size>0x62</size>
         <input_file_ref idref="fl-3e"/>
      </object_component>
      <object_component id="oc-192">
         <name>.debug_info</name>
         <load_address>0xe8ea</load_address>
         <run_address>0xe8ea</run_address>
         <size>0x555</size>
         <input_file_ref idref="fl-3f"/>
      </object_component>
      <object_component id="oc-152">
         <name>.debug_info</name>
         <load_address>0xee3f</load_address>
         <run_address>0xee3f</run_address>
         <size>0xf5</size>
         <input_file_ref idref="fl-3f"/>
      </object_component>
      <object_component id="oc-158">
         <name>.debug_info</name>
         <load_address>0xef34</load_address>
         <run_address>0xef34</run_address>
         <size>0xf9</size>
         <input_file_ref idref="fl-3f"/>
      </object_component>
      <object_component id="oc-18c">
         <name>.debug_info</name>
         <load_address>0xf02d</load_address>
         <run_address>0xf02d</run_address>
         <size>0x124</size>
         <input_file_ref idref="fl-3f"/>
      </object_component>
      <object_component id="oc-2f1">
         <name>.debug_info</name>
         <load_address>0xf151</load_address>
         <run_address>0xf151</run_address>
         <size>0x561</size>
         <input_file_ref idref="fl-40"/>
      </object_component>
      <object_component id="oc-26b">
         <name>.debug_info</name>
         <load_address>0xf6b2</load_address>
         <run_address>0xf6b2</run_address>
         <size>0x1c1</size>
         <input_file_ref idref="fl-40"/>
      </object_component>
      <object_component id="oc-93">
         <name>.debug_info</name>
         <load_address>0xf873</load_address>
         <run_address>0xf873</run_address>
         <size>0x5a9</size>
         <input_file_ref idref="fl-41"/>
      </object_component>
      <object_component id="oc-52">
         <name>.debug_info</name>
         <load_address>0xfe1c</load_address>
         <run_address>0xfe1c</run_address>
         <size>0x168</size>
         <input_file_ref idref="fl-41"/>
      </object_component>
      <object_component id="oc-112">
         <name>.debug_info</name>
         <load_address>0xff84</load_address>
         <run_address>0xff84</run_address>
         <size>0x5e</size>
         <input_file_ref idref="fl-41"/>
      </object_component>
      <object_component id="oc-24b">
         <name>.debug_info</name>
         <load_address>0xffe2</load_address>
         <run_address>0xffe2</run_address>
         <size>0x583</size>
         <input_file_ref idref="fl-42"/>
      </object_component>
      <object_component id="oc-1b0">
         <name>.debug_info</name>
         <load_address>0x10565</load_address>
         <run_address>0x10565</run_address>
         <size>0x172</size>
         <input_file_ref idref="fl-42"/>
      </object_component>
      <object_component id="oc-2c5">
         <name>.debug_info</name>
         <load_address>0x106d7</load_address>
         <run_address>0x106d7</run_address>
         <size>0xef</size>
         <input_file_ref idref="fl-43"/>
      </object_component>
      <object_component id="oc-248">
         <name>.debug_info</name>
         <load_address>0x107c6</load_address>
         <run_address>0x107c6</run_address>
         <size>0xfb</size>
         <input_file_ref idref="fl-43"/>
      </object_component>
      <object_component id="oc-195">
         <name>.debug_info</name>
         <load_address>0x108c1</load_address>
         <run_address>0x108c1</run_address>
         <size>0x136</size>
         <input_file_ref idref="fl-44"/>
      </object_component>
      <object_component id="oc-155">
         <name>.debug_info</name>
         <load_address>0x109f7</load_address>
         <run_address>0x109f7</run_address>
         <size>0xf8</size>
         <input_file_ref idref="fl-44"/>
      </object_component>
      <object_component id="oc-381">
         <name>.debug_info</name>
         <load_address>0x10aef</load_address>
         <run_address>0x10aef</run_address>
         <size>0x100</size>
         <input_file_ref idref="fl-44"/>
      </object_component>
      <object_component id="oc-290">
         <name>.debug_info</name>
         <load_address>0x10bef</load_address>
         <run_address>0x10bef</run_address>
         <size>0x560</size>
         <input_file_ref idref="fl-45"/>
      </object_component>
      <object_component id="oc-1e5">
         <name>.debug_info</name>
         <load_address>0x1114f</load_address>
         <run_address>0x1114f</run_address>
         <size>0x1a3</size>
         <input_file_ref idref="fl-45"/>
      </object_component>
      <object_component id="oc-2be">
         <name>.debug_info</name>
         <load_address>0x112f2</load_address>
         <run_address>0x112f2</run_address>
         <size>0x79f</size>
         <input_file_ref idref="fl-46"/>
      </object_component>
      <object_component id="oc-331">
         <name>.debug_info</name>
         <load_address>0x11a91</load_address>
         <run_address>0x11a91</run_address>
         <size>0xf9</size>
         <input_file_ref idref="fl-46"/>
      </object_component>
      <object_component id="oc-2bb">
         <name>.debug_info</name>
         <load_address>0x11b8a</load_address>
         <run_address>0x11b8a</run_address>
         <size>0xf9</size>
         <input_file_ref idref="fl-46"/>
      </object_component>
      <object_component id="oc-240">
         <name>.debug_info</name>
         <load_address>0x11c83</load_address>
         <run_address>0x11c83</run_address>
         <size>0x194</size>
         <input_file_ref idref="fl-46"/>
      </object_component>
      <object_component id="oc-337">
         <name>.debug_info</name>
         <load_address>0x11e17</load_address>
         <run_address>0x11e17</run_address>
         <size>0x120</size>
         <input_file_ref idref="fl-46"/>
      </object_component>
      <object_component id="oc-33c">
         <name>.debug_info</name>
         <load_address>0x11f37</load_address>
         <run_address>0x11f37</run_address>
         <size>0x2c</size>
         <input_file_ref idref="fl-46"/>
      </object_component>
      <object_component id="oc-171">
         <name>.debug_info</name>
         <load_address>0x11f63</load_address>
         <run_address>0x11f63</run_address>
         <size>0x6fa</size>
         <input_file_ref idref="fl-47"/>
      </object_component>
      <object_component id="oc-123">
         <name>.debug_info</name>
         <load_address>0x1265d</load_address>
         <run_address>0x1265d</run_address>
         <size>0x210</size>
         <input_file_ref idref="fl-47"/>
      </object_component>
      <object_component id="oc-21a">
         <name>.debug_info</name>
         <load_address>0x1286d</load_address>
         <run_address>0x1286d</run_address>
         <size>0x2c</size>
         <input_file_ref idref="fl-47"/>
      </object_component>
      <object_component id="oc-21f">
         <name>.debug_info</name>
         <load_address>0x12899</load_address>
         <run_address>0x12899</run_address>
         <size>0x39</size>
         <input_file_ref idref="fl-47"/>
      </object_component>
      <object_component id="oc-29c">
         <name>.debug_info</name>
         <load_address>0x128d2</load_address>
         <run_address>0x128d2</run_address>
         <size>0x54e</size>
         <input_file_ref idref="fl-49"/>
      </object_component>
      <object_component id="oc-299">
         <name>.debug_info</name>
         <load_address>0x12e20</load_address>
         <run_address>0x12e20</run_address>
         <size>0xf9</size>
         <input_file_ref idref="fl-49"/>
      </object_component>
      <object_component id="oc-1f0">
         <name>.debug_info</name>
         <load_address>0x12f19</load_address>
         <run_address>0x12f19</run_address>
         <size>0x146</size>
         <input_file_ref idref="fl-49"/>
      </object_component>
      <object_component id="oc-297">
         <name>.debug_info</name>
         <load_address>0x1305f</load_address>
         <run_address>0x1305f</run_address>
         <size>0x559</size>
         <input_file_ref idref="fl-4a"/>
      </object_component>
      <object_component id="oc-1e9">
         <name>.debug_info</name>
         <load_address>0x135b8</load_address>
         <run_address>0x135b8</run_address>
         <size>0x150</size>
         <input_file_ref idref="fl-4a"/>
      </object_component>
      <object_component id="oc-2fb">
         <name>.debug_info</name>
         <load_address>0x13708</load_address>
         <run_address>0x13708</run_address>
         <size>0x46</size>
         <input_file_ref idref="fl-4a"/>
      </object_component>
      <object_component id="oc-292">
         <name>.debug_info</name>
         <load_address>0x1374e</load_address>
         <run_address>0x1374e</run_address>
         <size>0x39</size>
         <input_file_ref idref="fl-4a"/>
      </object_component>
      <object_component id="oc-2b9">
         <name>.debug_info</name>
         <load_address>0x13787</load_address>
         <run_address>0x13787</run_address>
         <size>0x612</size>
         <input_file_ref idref="fl-4b"/>
      </object_component>
      <object_component id="oc-239">
         <name>.debug_info</name>
         <load_address>0x13d99</load_address>
         <run_address>0x13d99</run_address>
         <size>0x17a</size>
         <input_file_ref idref="fl-4b"/>
      </object_component>
      <object_component id="oc-320">
         <name>.debug_info</name>
         <load_address>0x13f13</load_address>
         <run_address>0x13f13</run_address>
         <size>0x16c</size>
         <input_file_ref idref="fl-4c"/>
      </object_component>
      <object_component id="oc-312">
         <name>.debug_info</name>
         <load_address>0x1407f</load_address>
         <run_address>0x1407f</run_address>
         <size>0x5ee</size>
         <input_file_ref idref="fl-4d"/>
      </object_component>
      <object_component id="oc-2ab">
         <name>.debug_info</name>
         <load_address>0x1466d</load_address>
         <run_address>0x1466d</run_address>
         <size>0x20d</size>
         <input_file_ref idref="fl-4d"/>
      </object_component>
      <object_component id="oc-36c">
         <name>.debug_info</name>
         <load_address>0x1487a</load_address>
         <run_address>0x1487a</run_address>
         <size>0x661</size>
         <input_file_ref idref="fl-4f"/>
      </object_component>
      <object_component id="oc-30d">
         <name>.debug_info</name>
         <load_address>0x14edb</load_address>
[...]
               <start_address>0x809d3c</start_address>
               <size>0x4</size>
            </available_space>
            <allocated_space>
               <start_address>0x809d40</start_address>
               <size>0x208</size>
               <logical_group_ref idref="lg-6"/>
            </allocated_space>
            <allocated_space>
               <start_address>0x809f48</start_address>
               <size>0x1e8</size>
               <logical_group_ref idref="lg-12"/>
            </allocated_space>
            <allocated_space>
               <start_address>0x80a130</start_address>
               <size>0x120</size>
               <logical_group_ref idref="lg-4"/>
            </allocated_space>
            <allocated_space>
               <start_address>0x80a250</start_address>
               <size>0x38</size>
               <logical_group_ref idref="lg-8"/>
            </allocated_space>
            <allocated_space>
               <start_address>0x80a288</start_address>
               <size>0x128</size>
               <logical_group_ref idref="lg-b"/>
            </allocated_space>
            <available_space>
               <start_address>0x80a3b0</start_address>
               <size>0x35c50</size>
            </available_space>
         </usage_details>
      </memory_area>
      <memory_area display="yes" color="green">
         <name>SHRAM</name>
         <page_id>0x0</page_id>
         <origin>0x80000000</origin>
         <length>0x20000</length>
         <used_space>0x0</used_space>
         <unused_space>0x20000</unused_space>
         <attributes>RWIX</attributes>
         <usage_details>
         </usage_details>
      </memory_area>
      <memory_area display="yes" color="green">
         <name>DDR2</name>
         <page_id>0x0</page_id>
         <origin>0xc0000000</origin>
         <length>0x8000000</length>
         <used_space>0x0</used_space>
         <unused_space>0x8000000</unused_space>
         <attributes>RWIX</attributes>
         <usage_details>
         </usage_details>
      </memory_area>
   </placement_map>
   <cptbl_list>
      <cptbl>
         <name>__TI_cinit_table</name>
         <cprec>
            <name>.fardata</name>
            <load_address>0x80a288</load_address>
            <load_size>0xff</load_size>
            <run_address>0x809980</run_address>
            <run_size>0x3bc</run_size>
            <compression>rle</compression>
         </cprec>
         <cprec>
            <name>.far</name>
            <load_address>0x80a387</load_address>
            <load_size>0xb</load_size>
            <run_address>0x809f48</run_address>
            <run_size>0x1e8</run_size>
            <compression>rle</compression>
         </cprec>
      </cptbl>
   </cptbl_list>
   <handler_table>
      <handler_table_name>__TI_handler_table</handler_table_name>
      <handler>
         <index>0x0</index>
         <name>__TI_decompress_rle24</name>
      </handler>
      <handler>
         <index>0x1</index>
         <name>__TI_decompress_none</name>
      </handler>
   </handler_table>
   <symbol_table>
      <symbol id="sm-1">
         <name>__TI_CINIT_Base</name>
         <value>0x80a3a0</value>
      </symbol>
      <symbol id="sm-2">
         <name>__TI_CINIT_Limit</name>
         <value>0x80a3b0</value>
      </symbol>
      <symbol id="sm-3">
         <name>__TI_Handler_Table_Base</name>
         <value>0x80a394</value>
      </symbol>
      <symbol id="sm-4">
         <name>__TI_Handler_Table_Limit</name>
         <value>0x80a39c</value>
      </symbol>
      <symbol id="sm-5">
         <name>binit</name>
         <value>0xffffffff</value>
      </symbol>
      <symbol id="sm-6">
         <name>__binit__</name>
         <value>0xffffffff</value>
      </symbol>
      <symbol id="sm-7">
         <name>__TI_STACK_SIZE</name>
         <value>0x1000</value>
      </symbol>
      <symbol id="sm-8">
         <name>__TI_STACK_END</name>
         <value>0x808980</value>
      </symbol>
      <symbol id="sm-9">
         <name>__TI_SYSMEM_SIZE</name>
         <value>0x1000</value>
      </symbol>
      <symbol id="sm-a">
         <name>__c_args__</name>
         <value>0xffffffff</value>
      </symbol>
      <symbol id="sm-b">
         <name>__TI_pprof_out_hndl</name>
         <value>0xffffffff</value>
      </symbol>
      <symbol id="sm-c">
         <name>__TI_prof_data_start</name>
         <value>0xffffffff</value>
      </symbol>
      <symbol id="sm-d">
         <name>__TI_prof_data_size</name>
         <value>0xffffffff</value>
      </symbol>
      <symbol id="sm-b0">
         <name>MatTransA</name>
         <value>0x80a0c8</value>
      </symbol>
      <symbol id="sm-b1">
         <name>MatEPOut</name>
         <value>0x80a108</value>
      </symbol>
      <symbol id="sm-b2">
         <name>MatIPOut</name>
         <value>0x80a088</value>
      </symbol>
      <symbol id="sm-b3">
         <name>C</name>
         <value>0x809cb8</value>
         <object_component_ref idref="oc-f4"/>
      </symbol>
      <symbol id="sm-b4">
         <name>B</name>
         <value>0x809cf8</value>
         <object_component_ref idref="oc-f1"/>
      </symbol>
      <symbol id="sm-b5">
         <name>A</name>
         <value>0x809c78</value>
         <object_component_ref idref="oc-ee"/>
      </symbol>
      <symbol id="sm-b6">
         <name>main</name>
         <value>0x802138</value>
         <object_component_ref idref="oc-8c"/>
      </symbol>
      <symbol id="sm-b7">
         <name>MAT_mul_IP</name>
         <value>0x8020c0</value>
         <object_component_ref idref="oc-8c"/>
      </symbol>
      <symbol id="sm-df">
         <name>printf</name>
         <value>0x8068c0</value>
         <object_component_ref idref="oc-102"/>
      </symbol>
      <symbol id="sm-2f9">
         <name>__TI_printfi</name>
         <value>0x800000</value>
         <object_component_ref idref="oc-166"/>
      </symbol>
      <symbol id="sm-318">
         <name>putc</name>
         <value>0x804e20</value>
         <object_component_ref idref="oc-199"/>
      </symbol>
      <symbol id="sm-319">
         <name>fputc</name>
         <value>0x804e20</value>
         <object_component_ref idref="oc-199"/>
      </symbol>
      <symbol id="sm-34d">
         <name>fputs</name>
         <value>0x803fe0</value>
         <object_component_ref idref="oc-1a0"/>
      </symbol>
      <symbol id="sm-363">
         <name>__TI_wrt_ok</name>
         <value>0x806460</value>
         <object_component_ref idref="oc-230"/>
      </symbol>
      <symbol id="sm-37f">
         <name>setvbuf</name>
         <value>0x805520</value>
         <object_component_ref idref="oc-2b0"/>
      </symbol>
      <symbol id="sm-38d">
         <name>__c6xabi_push_rts</name>
         <value>0x807840</value>
         <object_component_ref idref="oc-1a7"/>
      </symbol>
      <symbol id="sm-38e">
         <name>__pop_rts</name>
         <value>0x807820</value>
         <object_component_ref idref="oc-1f4"/>
      </symbol>
      <symbol id="sm-38f">
         <name>__c6xabi_pop_rts</name>
         <value>0x807820</value>
         <object_component_ref idref="oc-1f4"/>
      </symbol>
      <symbol id="sm-390">
         <name>__push_rts</name>
         <value>0x807840</value>
         <object_component_ref idref="oc-1a7"/>
      </symbol>
      <symbol id="sm-399">
         <name>__c6xabi_divu</name>
         <value>0x806be0</value>
         <object_component_ref idref="oc-258"/>
      </symbol>
      <symbol id="sm-39a">
         <name>__divu</name>
         <value>0x806be0</value>
         <object_component_ref idref="oc-258"/>
      </symbol>
      <symbol id="sm-3a3">
         <name>memcpy</name>
         <value>0x807140</value>
         <object_component_ref idref="oc-2d"/>
      </symbol>
      <symbol id="sm-3b9">
         <name>_c_int00</name>
         <value>0x807380</value>
         <object_component_ref idref="oc-21"/>
      </symbol>
      <symbol id="sm-3ba">
         <name>_stack</name>
         <value>0x807980</value>
         <object_component_ref idref="oc-27"/>
      </symbol>
      <symbol id="sm-3cb">
         <name>__c6xabi_divul</name>
         <value>0x804c60</value>
         <object_component_ref idref="oc-252"/>
      </symbol>
      <symbol id="sm-3e7">
         <name>_subcull</name>
         <value>0x807540</value>
         <object_component_ref idref="oc-2ce"/>
      </symbol>
      <symbol id="sm-3e8">
         <name>__c6xabi_divull</name>
         <value>0x804800</value>
         <object_component_ref idref="oc-24c"/>
      </symbol>
      <symbol id="sm-408">
         <name>__c6xabi_llshru</name>
         <value>0x8074e0</value>
         <object_component_ref idref="oc-2d4"/>
      </symbol>
      <symbol id="sm-409">
         <name>__c6xabi_llshl</name>
         <value>0x807300</value>
         <object_component_ref idref="oc-2c8"/>
      </symbol>
      <symbol id="sm-419">
         <name>memset</name>
         <value>0x806700</value>
         <object_component_ref idref="oc-78"/>
      </symbol>
      <symbol id="sm-43e">
         <name>__TI_auto_init_nobinit_nopinit</name>
         <value>0x806b20</value>
         <object_component_ref idref="oc-a0"/>
      </symbol>
      <symbol id="sm-447">
         <name>_system_pre_init</name>
         <value>0x807900</value>
         <object_component_ref idref="oc-5d"/>
      </symbol>
      <symbol id="sm-450">
         <name>_system_post_cinit</name>
         <value>0x8078e0</value>
         <object_component_ref idref="oc-11c"/>
      </symbol>
      <symbol id="sm-469">
         <name>__TI_decompress_none</name>
         <value>0x807940</value>
         <object_component_ref idref="oc-14"/>
      </symbol>
      <symbol id="sm-494">
         <name>__TI_decompress_rle24</name>
         <value>0x807960</value>
         <object_component_ref idref="oc-1a"/>
      </symbol>
      <symbol id="sm-4a8">
         <name>frexpl</name>
         <value>0x804fe0</value>
         <object_component_ref idref="oc-282"/>
      </symbol>
      <symbol id="sm-4a9">
         <name>frexp</name>
         <value>0x804fe0</value>
         <object_component_ref idref="oc-282"/>
      </symbol>
      <symbol id="sm-4c6">
         <name>__c6xabi_isinf</name>
         <value>0x807700</value>
         <object_component_ref idref="oc-1be"/>
      </symbol>
      <symbol id="sm-4db">
         <name>scalbn</name>
         <value>0x8051a0</value>
         <object_component_ref idref="oc-288"/>
      </symbol>
      <symbol id="sm-4dc">
         <name>scalbnl</name>
         <value>0x8051a0</value>
         <object_component_ref idref="oc-288"/>
      </symbol>
      <symbol id="sm-4dd">
         <name>ldexpl</name>
         <value>0x8051a0</value>
         <object_component_ref idref="oc-288"/>
      </symbol>
      <symbol id="sm-4de">
         <name>ldexp</name>
         <value>0x8051a0</value>
         <object_component_ref idref="oc-288"/>
      </symbol>
      <symbol id="sm-4e7">
         <name>_signbit</name>
         <value>0x8078c0</value>
         <object_component_ref idref="oc-1c4"/>
      </symbol>
      <symbol id="sm-506">
         <name>__c6xabi_divd</name>
         <value>0x802ec0</value>
         <object_component_ref idref="oc-261"/>
      </symbol>
      <symbol id="sm-519">
         <name>__TI_frcmpyd_div</name>
         <value>0x8076c0</value>
         <object_component_ref idref="oc-2df"/>
      </symbol>
      <symbol id="sm-53a">
         <name>C$$EXIT</name>
         <value>0x807920</value>
         <object_component_ref idref="oc-97"/>
      </symbol>
      <symbol id="sm-53b">
         <name>abort</name>
         <value>0x807920</value>
         <object_component_ref idref="oc-97"/>
      </symbol>
      <symbol id="sm-53c">
         <name>exit</name>
         <value>0x806620</value>
         <object_component_ref idref="oc-57"/>
      </symbol>
      <symbol id="sm-53d">
         <name>__TI_dtors_ptr</name>
         <value>0x809d1c</value>
         <object_component_ref idref="oc-94"/>
      </symbol>
      <symbol id="sm-53e">
         <name>__TI_cleanup_ptr</name>
         <value>0x809d18</value>
         <object_component_ref idref="oc-94"/>
      </symbol>
      <symbol id="sm-53f">
         <name>__TI_enable_exit_profile_output</name>
         <value>0x809d20</value>
         <object_component_ref idref="oc-94"/>
      </symbol>
      <symbol id="sm-5aa">
         <name>_sys_memory</name>
         <value>0x808980</value>
         <object_component_ref idref="oc-2a"/>
      </symbol>
      <symbol id="sm-5ab">
         <name>free</name>
         <value>0x8038c0</value>
         <object_component_ref idref="oc-313"/>
      </symbol>
      <symbol id="sm-5ac">
         <name>malloc</name>
         <value>0x805360</value>
         <object_component_ref idref="oc-319"/>
      </symbol>
      <symbol id="sm-5c2">
         <name>_nop</name>
         <value>0x807860</value>
         <object_component_ref idref="oc-18a"/>
      </symbol>
      <symbol id="sm-5c3">
         <name>_lock</name>
         <value>0x809d2c</value>
         <object_component_ref idref="oc-151"/>
      </symbol>
      <symbol id="sm-5c4">
         <name>_unlock</name>
         <value>0x809d30</value>
         <object_component_ref idref="oc-157"/>
      </symbol>
      <symbol id="sm-5d4">
         <name>__TI_ltoa</name>
         <value>0x806380</value>
         <object_component_ref idref="oc-267"/>
      </symbol>
      <symbol id="sm-5e6">
         <name>_args_main</name>
         <value>0x807780</value>
         <object_component_ref idref="oc-51"/>
      </symbol>
      <symbol id="sm-5fa">
         <name>atoi</name>
         <value>0x805ee0</value>
         <object_component_ref idref="oc-1ac"/>
      </symbol>
      <symbol id="sm-604">
         <name>_ctypes_</name>
         <value>0x809d40</value>
         <object_component_ref idref="oc-247"/>
      </symbol>
      <symbol id="sm-614">
         <name>__TI_tmpnams</name>
         <value>0x809f48</value>
      </symbol>
      <symbol id="sm-615">
         <name>_ftable</name>
         <value>0x809980</value>
         <object_component_ref idref="oc-154"/>
      </symbol>
      <symbol id="sm-616">
         <name>__TI_ft_end</name>
         <value>0x809d34</value>
         <object_component_ref idref="oc-380"/>
      </symbol>
      <symbol id="sm-627">
         <name>memccpy</name>
         <value>0x807600</value>
         <object_component_ref idref="oc-1e2"/>
      </symbol>
      <symbol id="sm-64a">
         <name>_stream</name>
         <value>0x809b60</value>
         <object_component_ref idref="oc-2ba"/>
      </symbol>
      <symbol id="sm-64b">
         <name>_device</name>
         <value>0x809c00</value>
         <object_component_ref idref="oc-330"/>
      </symbol>
      <symbol id="sm-64c">
         <name>write</name>
         <value>0x807660</value>
         <object_component_ref idref="oc-23c"/>
      </symbol>
      <symbol id="sm-665">
         <name>__TI_tls_init</name>
         <value>0x806d60</value>
         <object_component_ref idref="oc-122"/>
      </symbol>
      <symbol id="sm-677">
         <name>__errno</name>
         <value>0x809d38</value>
         <object_component_ref idref="oc-298"/>
      </symbol>
      <symbol id="sm-678">
         <name>errno</name>
         <value>0x809d38</value>
         <object_component_ref idref="oc-298"/>
      </symbol>
      <symbol id="sm-679">
         <name>__c6xabi_errno_addr</name>
         <value>0x807800</value>
         <object_component_ref idref="oc-1ee"/>
      </symbol>
      <symbol id="sm-693">
         <name>wcslen</name>
         <value>0x8077c0</value>
         <object_component_ref idref="oc-1e8"/>
      </symbol>
      <symbol id="sm-6a2">
         <name>__TI_doflush</name>
         <value>0x806f60</value>
         <object_component_ref idref="oc-236"/>
      </symbol>
      <symbol id="sm-6b0">
         <name>__TI_cleanup</name>
         <value>0x806ec0</value>
         <object_component_ref idref="oc-31f"/>
      </symbol>
      <symbol id="sm-6c8">
         <name>fseek</name>
         <value>0x805fe0</value>
         <object_component_ref idref="oc-2aa"/>
      </symbol>
      <symbol id="sm-6d8">
         <name>lseek</name>
         <value>0x8075a0</value>
         <object_component_ref idref="oc-30b"/>
      </symbol>
      <symbol id="sm-6e9">
         <name>HOSTclose</name>
         <value>0x806e20</value>
         <object_component_ref idref="oc-392"/>
      </symbol>
      <symbol id="sm-6f9">
         <name>HOSTlseek</name>
         <value>0x8060e0</value>
         <object_component_ref idref="oc-3a4"/>
      </symbol>
      <symbol id="sm-70d">
         <name>parmbuf</name>
         <value>0x80a128</value>
      </symbol>
      <symbol id="sm-70e">
         <name>HOSTopen</name>
         <value>0x8061c0</value>
         <object_component_ref idref="oc-38c"/>
      </symbol>
      <symbol id="sm-71e">
         <name>HOSTread</name>
         <value>0x8069a0</value>
         <object_component_ref idref="oc-398"/>
      </symbol>
      <symbol id="sm-73c">
         <name>HOSTrename</name>
         <value>0x8056e0</value>
         <object_component_ref idref="oc-3b0"/>
      </symbol>
      <symbol id="sm-74f">
         <name>HOSTunlink</name>
         <value>0x806a60</value>
         <object_component_ref idref="oc-3aa"/>
      </symbol>
      <symbol id="sm-75f">
         <name>HOSTwrite</name>
         <value>0x8062a0</value>
         <object_component_ref idref="oc-39e"/>
      </symbol>
      <symbol id="sm-785">
         <name>__TI_readmsg</name>
         <value>0x807280</value>
         <object_component_ref idref="oc-3e9"/>
      </symbol>
      <symbol id="sm-786">
         <name>C$$IO$$</name>
         <value>0x8074d8</value>
         <object_component_ref idref="oc-3e3"/>
      </symbol>
      <symbol id="sm-787">
         <name>__CIOBUF_</name>
         <value>0x80a130</value>
         <object_component_ref idref="oc-40a"/>
      </symbol>
      <symbol id="sm-788">
         <name>__TI_writemsg</name>
         <value>0x807480</value>
         <object_component_ref idref="oc-3e3"/>
      </symbol>
      <symbol id="sm-7a1">
         <name>__TI_closefile</name>
         <value>0x805be0</value>
         <object_component_ref idref="oc-383"/>
      </symbol>
      <symbol id="sm-7cb">
         <name>finddevice</name>
         <value>0x8070a0</value>
         <object_component_ref idref="oc-41e"/>
      </symbol>
      <symbol id="sm-7cc">
         <name>getdevice</name>
         <value>0x8059a0</value>
         <object_component_ref idref="oc-3fe"/>
      </symbol>
      <symbol id="sm-7de">
         <name>close</name>
         <value>0x806540</value>
         <object_component_ref idref="oc-3d1"/>
      </symbol>
      <symbol id="sm-7ef">
         <name>unlink</name>
         <value>0x807400</value>
         <object_component_ref idref="oc-3d7"/>
      </symbol>
      <symbol id="sm-7f5">
         <name>DSPF_sp_mat_trans</name>
         <value>0x8067e0</value>
         <object_component_ref idref="oc-108"/>
      </symbol>
      <symbol id="sm-7fb">
         <name>DSPF_sp_dotprod</name>
         <value>0x805ac0</value>
         <object_component_ref idref="oc-10e"/>
      </symbol>
      <symbol id="sm-805">
         <name>DSPF_sp_mat_mul</name>
         <value>0x803c80</value>
         <object_component_ref idref="oc-109"/>
      </symbol>
      <symbol id="sm-806">
         <name>__TI_STATIC_BASE</name>
         <value>0x0</value>
      </symbol>
      <symbol id="sm-808">
         <name>__TI_TLS_INIT_Base</name>
         <value>0x0</value>
      </symbol>
      <symbol id="sm-809">
         <name>__TI_TLS_INIT_Limit</name>
         <value>0x0</value>
      </symbol>
      <symbol id="sm-80a">
         <name>remove</name>
         <value>0x807400</value>
      </symbol>
   </symbol_table>
   <title>Link successful</title>
</link_info>
