******************************************************************************
               TMS320C6x Linker PC v8.3.12                     
******************************************************************************
>> Linked Tue Apr 26 12:03:07 2022

OUTPUT FILE NAME:   <Matrix.out>
ENTRY POINT SYMBOL: "_c_int00"  address: 008070c0


MEMORY CONFIGURATION

         name            origin    length      used     unused   attr    fill
----------------------  --------  ---------  --------  --------  ----  --------
  DSPL2RAM              00800000   00040000  0000a088  00035f78  RWIX
  SHRAM                 80000000   00020000  00000000  00020000  RWIX
  DDR2                  c0000000   08000000  00000000  08000000  RWIX


SEGMENT ALLOCATION MAP

run origin  load origin   length   init length attrs members
----------  ----------- ---------- ----------- ----- -------
00800000    00800000    000076c0   000076c0    r-x
  00800000    00800000    000076c0   000076c0    r-x .text
008076c0    008076c0    000025a8   00000000    rw-
  008076c0    008076c0    00001000   00000000    rw- .stack
  008086c0    008086c0    00001000   00000000    rw- .sysmem
  008096c0    008096c0    000003bc   00000000    rw- .fardata
  00809a80    00809a80    000001e8   00000000    rw- .far
00809c68    00809c68    000001a4   000001a4    r--
  00809c68    00809c68    000001a4   000001a4    r-- .const
00809e10    00809e10    00000120   00000000    rw-
  00809e10    00809e10    00000120   00000000    rw- .cio
00809f30    00809f30    00000160   00000160    r--
  00809f30    00809f30    00000038   00000038    r-- .switch
  00809f68    00809f68    00000128   00000128    r-- .cinit


SECTION ALLOCATION MAP

 output                                  attributes/
section   page    origin      length       input sections
--------  ----  ----------  ----------   ----------------
.text      0    00800000    000076c0     
                  00800000    000020c0     rts6740_elf.lib : _printfi.c.obj (.text:__TI_printfi)
                  008020c0    00000660                     : _printfi.c.obj (.text:_pconv_a)
                  00802720    00000600                     : divd.c.obj (.text:__c6xabi_divd)
                  00802d20    00000600     main.obj (.text)
                  00803320    00000400     rts6740_elf.lib : _printfi.c.obj (.text:_pconv_g)
                  00803720    000003c0                     : memory.c.obj (.text:free)
                  00803ae0    00000360     dsplib.ae674 : DSPF_sp_mat_mul.oe674 (.text:optimized)
                  00803e40    000002e0     rts6740_elf.lib : fputs.c.obj (.text:fputs)
                  00804120    000002a0                     : _printfi.c.obj (.text:_pconv_e)
                  008043c0    000002a0                     : _printfi.c.obj (.text:fcvt)
                  00804660    00000260                     : imath64.c.obj (.text:__c6xabi_divull)
                  008048c0    00000200                     : _printfi.c.obj (.text:_ltostr)
                  00804ac0    000001c0                     : imath40.c.obj (.text:__c6xabi_divul)
                  00804c80    000001c0                     : fputc.c.obj (.text:fputc)
                  00804e40    000001c0                     : frexp.c.obj (.text:frexp)
                  00805000    000001c0                     : ldexp.c.obj (.text:ldexp)
                  008051c0    000001c0                     : memory.c.obj (.text:malloc)
                  00805380    000001c0                     : setvbuf.c.obj (.text:setvbuf)
                  00805540    000001a0                     : hostrename.c.obj (.text:HOSTrename)
                  008056e0    00000120                     : _printfi.c.obj (.text:_pconv_f)
                  00805800    00000120                     : getdevice.c.obj (.text:getdevice)
                  00805920    00000100                     : fclose.c.obj (.text:__TI_closefile)
                  00805a20    00000100                     : copy_decompress_rle.c.obj (.text:__TI_decompress_rle_core)
                  00805b20    00000100                     : _printfi.c.obj (.text:_mcpy)
                  00805c20    00000100                     : atoi.c.obj (.text:atoi)
                  00805d20    00000100                     : fseek.c.obj (.text:fseek)
                  00805e20    000000e0                     : hostlseek.c.obj (.text:HOSTlseek)
                  00805f00    000000e0                     : hostopen.c.obj (.text:HOSTopen)
                  00805fe0    000000e0                     : hostwrite.c.obj (.text:HOSTwrite)
                  008060c0    000000e0                     : _ltoa.c.obj (.text:__TI_ltoa)
                  008061a0    000000e0                     : _io_perm.c.obj (.text:__TI_wrt_ok)
                  00806280    000000e0                     : close.c.obj (.text:close)
                  00806360    000000e0                     : exit.c.obj (.text:exit)
                  00806440    000000e0                     : memset.c.obj (.text:memset)
                  00806520    000000e0     dsplib.ae674 : DSPF_sp_mat_trans.oe674 (.text:optimized)
                  00806600    000000e0     rts6740_elf.lib : printf.c.obj (.text:printf)
                  008066e0    000000c0                     : hostread.c.obj (.text:HOSTread)
                  008067a0    000000c0                     : hostunlink.c.obj (.text:HOSTunlink)
                  00806860    000000c0                     : autoinit.c.obj (.text:__TI_auto_init_nobinit_nopinit:__TI_auto_init_nobinit_nopinit)
                  00806920    000000c0                     : divu.asm.obj (.text:__divu)
                  008069e0    000000c0                     : memory.c.obj (.text:mremove)
                  00806aa0    000000c0                     : tls.c.obj (.text:tls:init:__TI_tls_init)
                  00806b60    000000a0                     : hostclose.c.obj (.text:HOSTclose)
                  00806c00    000000a0                     : fopen.c.obj (.text:__TI_cleanup)
                  00806ca0    000000a0                     : fflush.c.obj (.text:__TI_doflush)
                  00806d40    000000a0                     : _printfi.c.obj (.text:_ecpy)
                  00806de0    000000a0                     : getdevice.c.obj (.text:finddevice)
                  00806e80    000000a0                     : memcpy64.asm.obj (.text:memcpy)
                  00806f20    000000a0                     : memory.c.obj (.text:minsert)
                  00806fc0    00000080                     : trgmsg.c.obj (.text:__TI_readmsg)
                  00807040    00000080                     : llshift.c.obj (.text:__c6xabi_llshl)
                  008070c0    00000080                     : boot.c.obj (.text:_c_int00)
                  00807140    00000080                     : unlink.c.obj (.text:unlink)
                  008071c0    00000060                     : trgmsg.c.obj (.text:__TI_writemsg)
                  00807220    00000060                     : llshift.c.obj (.text:__c6xabi_llshru)
                  00807280    00000060                     : imath64.c.obj (.text:_subcull)
                  008072e0    00000060                     : lseek.c.obj (.text:lseek)
                  00807340    00000060                     : memccpy.c.obj (.text:memccpy)
                  008073a0    00000060                     : write.c.obj (.text:write)
                  00807400    00000040                     : frcmpyd_div.c.obj (.text:__TI_frcmpyd_div)
                  00807440    00000040                     : isinf.c.obj (.text:__c6xabi_isinf)
                  00807480    00000040                     : _printfi.c.obj (.text:__c6xabi_isnan)
                  008074c0    00000040                     : args_main.c.obj (.text:_args_main)
                  00807500    00000040                     : wcslen.c.obj (.text:wcslen)
                  00807540    00000020                     : errno.c.obj (.text:__c6xabi_errno_addr)
                  00807560    00000020                     : push.asm.obj (.text:__pop_rts)
                  00807580    00000020                     : push.asm.obj (.text:__push_rts)
                  008075a0    00000020                     : _lock.c.obj (.text:_nop)
                  008075c0    00000020                     : printf.c.obj (.text:_outc)
                  008075e0    00000020                     : printf.c.obj (.text:_outs)
                  00807600    00000020                     : signbit.c.obj (.text:_signbit)
                  00807620    00000020                     : startup.c.obj (.text:_system_post_cinit)
                  00807640    00000020                     : pre_init.c.obj (.text:_system_pre_init)
                  00807660    00000020                     : exit.c.obj (.text:abort)
                  00807680    00000020                     : copy_decompress_none.c.obj (.text:decompress:none:__TI_decompress_none)
                  008076a0    00000020                     : copy_decompress_rle.c.obj (.text:decompress:rle24:__TI_decompress_rle24)

.stack     0    008076c0    00001000     UNINITIALIZED
                  008076c0    00000008     rts6740_elf.lib : boot.c.obj (.stack)
                  008076c8    00000ff8     --HOLE--

.cio       0    00809e10    00000120     UNINITIALIZED
                  00809e10    00000120     rts6740_elf.lib : trgmsg.c.obj (.cio)

.const     0    00809c68    000001a4     
                  00809c68    00000101     rts6740_elf.lib : ctype.c.obj (.const:.string:_ctypes_)
                  00809d69    00000003     --HOLE-- [fill = 0]
                  00809d6c    0000007c     main.obj (.const:.string)
                  00809de8    00000024     rts6740_elf.lib : _printfi.c.obj (.const:.string)

.sysmem    0    008086c0    00001000     UNINITIALIZED
                  008086c0    00000008     rts6740_elf.lib : memory.c.obj (.sysmem)
                  008086c8    00000ff8     --HOLE--

.switch    0    00809f30    00000038     
                  00809f30    00000038     rts6740_elf.lib : _printfi.c.obj (.switch:__TI_printfi)

.cinit     0    00809f68    00000128     
                  00809f68    00000102     (.cinit..fardata.load) [load image, compression = rle]
                  0080a06a    0000000b     (.cinit..far.load) [load image, compression = rle]
                  0080a075    00000003     --HOLE-- [fill = 0]
                  0080a078    00000008     (__TI_handler_table)
                  0080a080    00000010     (__TI_cinit_table)

.init_array 
*          0    00800000    00000000     UNINITIALIZED

.fardata   0    008096c0    000003bc     UNINITIALIZED
                  008096c0    000001e0     rts6740_elf.lib : defs.c.obj (.fardata:_ftable)
                  008098a0    000000a0                     : write.c.obj (.fardata:_stream)
                  00809940    00000078                     : write.c.obj (.fardata:_device)
                  008099b8    00000040     main.obj (.fardata:A)
                  008099f8    00000040     main.obj (.fardata:C)
                  00809a38    00000020     main.obj (.fardata:B)
                  00809a58    0000000c     rts6740_elf.lib : exit.c.obj (.fardata)
                  00809a64    00000008                     : memory.c.obj (.fardata)
                  00809a6c    00000004                     : _lock.c.obj (.fardata:_lock)
                  00809a70    00000004                     : _lock.c.obj (.fardata:_unlock)
                  00809a74    00000004                     : defs.c.obj (.fardata)
                  00809a78    00000004                     : errno.c.obj (.fardata)

.far       0    00809a80    000001e8     UNINITIALIZED
                  00809a80    00000140     (.common:__TI_tmpnams)
                  00809bc0    00000040     (.common:MatIPOut)
                  00809c00    00000040     (.common:MatTransA)
                  00809c40    00000020     (.common:MatEPOut)
                  00809c60    00000008     (.common:parmbuf)

MODULE SUMMARY

       Module                       code    ro data   rw data
       ------                       ----    -------   -------
    .\
       main.obj                     1536    124       320    
    +--+----------------------------+-------+---------+---------+
       Total:                       1536    124       320    
                                                             
    ../../Library/dsplib/dsplib.ae674
       DSPF_sp_mat_mul.oe674        864     0         0      
       DSPF_sp_mat_trans.oe674      224     0         0      
    +--+----------------------------+-------+---------+---------+
       Total:                       1088    0         0      
                                                             
    C:\ti\ti-cgt-c6000_8.3.12\lib\rts6740_elf.lib
       _printfi.c.obj               13664   92        0      
       memory.c.obj                 1760    0         8      
       divd.c.obj                   1536    0         0      
       defs.c.obj                   0       0         804    
       fputs.c.obj                  736     0         0      
       imath64.c.obj                704     0         0      
       trgmsg.c.obj                 224     0         288    
       fputc.c.obj                  448     0         0      
       frexp.c.obj                  448     0         0      
       getdevice.c.obj              448     0         0      
       imath40.c.obj                448     0         0      
       ldexp.c.obj                  448     0         0      
       setvbuf.c.obj                448     0         0      
       hostrename.c.obj             416     0         0      
       write.c.obj                  96      0         280    
       copy_decompress_rle.c.obj    288     0         0      
       printf.c.obj                 288     0         0      
       exit.c.obj                   256     0         12     
       ctype.c.obj                  0       257       0      
       atoi.c.obj                   256     0         0      
       fclose.c.obj                 256     0         0      
       fseek.c.obj                  256     0         0      
       hostopen.c.obj               224     0         8      
       _io_perm.c.obj               224     0         0      
       _ltoa.c.obj                  224     0         0      
       close.c.obj                  224     0         0      
       hostlseek.c.obj              224     0         0      
       hostwrite.c.obj              224     0         0      
       llshift.c.obj                224     0         0      
       memset.c.obj                 224     0         0      
       autoinit.c.obj               192     0         0      
       divu.asm.obj                 192     0         0      
       hostread.c.obj               192     0         0      
       hostunlink.c.obj             192     0         0      
       tls.c.obj                    192     0         0      
       fflush.c.obj                 160     0         0      
       fopen.c.obj                  160     0         0      
       hostclose.c.obj              160     0         0      
       memcpy64.asm.obj             160     0         0      
       boot.c.obj                   128     0         0      
       unlink.c.obj                 128     0         0      
       lseek.c.obj                  96      0         0      
       memccpy.c.obj                96      0         0      
       args_main.c.obj              64      0         0      
       frcmpyd_div.c.obj            64      0         0      
       isinf.c.obj                  64      0         0      
       push.asm.obj                 64      0         0      
       wcslen.c.obj                 64      0         0      
       _lock.c.obj                  32      0         8      
       errno.c.obj                  32      0         4      
       copy_decompress_none.c.obj   32      0         0      
       pre_init.c.obj               32      0         0      
       signbit.c.obj                32      0         0      
       startup.c.obj                32      0         0      
    +--+----------------------------+-------+---------+---------+
       Total:                       27776   349       1412   
                                                             
       Heap:                        0       0         4096   
       Stack:                       0       0         4096   
       Linker Generated:            0       293       0      
    +--+----------------------------+-------+---------+---------+
       Grand Total:                 30400   766       9924   


LINKER GENERATED COPY TABLES

__TI_cinit_table @ 0080a080 records: 2, size/record: 8, table size: 16
	.fardata: load addr=00809f68, load size=00000102 bytes, run addr=008096c0, run size=000003bc bytes, compression=rle
	.far: load addr=0080a06a, load size=0000000b bytes, run addr=00809a80, run size=000001e8 bytes, compression=rle


LINKER GENERATED HANDLER TABLE

__TI_handler_table @ 0080a078 records: 2, size/record: 4, table size: 8
	index: 0, handler: __TI_decompress_rle24
	index: 1, handler: __TI_decompress_none


GLOBAL SYMBOLS: SORTED ALPHABETICALLY BY Name 

address   name                           
-------   ----                           
008099b8  A                              
00809a38  B                              
008099f8  C                              
00807660  C$$EXIT                        
00807218  C$$IO$$                        
00803ae0  DSPF_sp_mat_mul                
00806520  DSPF_sp_mat_trans              
00806b60  HOSTclose                      
00805e20  HOSTlseek                      
00805f00  HOSTopen                       
008066e0  HOSTread                       
00805540  HOSTrename                     
008067a0  HOSTunlink                     
00805fe0  HOSTwrite                      
00802d20  MAT_mul_IP                     
00809c40  MatEPOut                       
00809bc0  MatIPOut                       
00809c00  MatTransA                      
00809e10  __CIOBUF_                      
0080a080  __TI_CINIT_Base                
0080a090  __TI_CINIT_Limit               
0080a078  __TI_Handler_Table_Base        
0080a080  __TI_Handler_Table_Limit       
008086c0  __TI_STACK_END                 
00001000  __TI_STACK_SIZE                
00000000  __TI_STATIC_BASE               
00001000  __TI_SYSMEM_SIZE               
UNDEFED   __TI_TLS_INIT_Base             
UNDEFED   __TI_TLS_INIT_Limit            
00806860  __TI_auto_init_nobinit_nopinit 
00806c00  __TI_cleanup                   
00809a58  __TI_cleanup_ptr               
00805920  __TI_closefile                 
00807680  __TI_decompress_none           
008076a0  __TI_decompress_rle24          
00806ca0  __TI_doflush                   
00809a5c  __TI_dtors_ptr                 
00809a60  __TI_enable_exit_profile_output
00807400  __TI_frcmpyd_div               
00809a74  __TI_ft_end                    
008060c0  __TI_ltoa                      
ffffffff  __TI_pprof_out_hndl            
00800000  __TI_printfi                   
ffffffff  __TI_prof_data_size            
ffffffff  __TI_prof_data_start           
00806fc0  __TI_readmsg                   
00806aa0  __TI_tls_init                  
00809a80  __TI_tmpnams                   
008071c0  __TI_writemsg                  
008061a0  __TI_wrt_ok                    
ffffffff  __binit__                      
00802720  __c6xabi_divd                  
00806920  __c6xabi_divu                  
00804ac0  __c6xabi_divul                 
00804660  __c6xabi_divull                
00807540  __c6xabi_errno_addr            
00807440  __c6xabi_isinf                 
00807040  __c6xabi_llshl                 
00807220  __c6xabi_llshru                
00807560  __c6xabi_pop_rts               
00807580  __c6xabi_push_rts              
ffffffff  __c_args__                     
00806920  __divu                         
00809a78  __errno                        
00807560  __pop_rts                      
00807580  __push_rts                     
008074c0  _args_main                     
008070c0  _c_int00                       
00809c68  _ctypes_                       
00809940  _device                        
008096c0  _ftable                        
00809a6c  _lock                          
008075a0  _nop                           
00807600  _signbit                       
008076c0  _stack                         
008098a0  _stream                        
00807280  _subcull                       
008086c0  _sys_memory                    
00807620  _system_post_cinit             
00807640  _system_pre_init               
00809a70  _unlock                        
00807660  abort                          
00805c20  atoi                           
ffffffff  binit                          
00806280  close                          
00809a78  errno                          
00806360  exit                           
00806de0  finddevice                     
00804c80  fputc                          
00803e40  fputs                          
00803720  free                           
00804e40  frexp                          
00804e40  frexpl                         
00805d20  fseek                          
00805800  getdevice                      
00805000  ldexp                          
00805000  ldexpl                         
008072e0  lseek                          
00802d98  main                           
008051c0  malloc                         
00807340  memccpy                        
00806e80  memcpy                         
00806440  memset                         
00809c60  parmbuf                        
00806600  printf                         
00804c80  putc                           
00807140  remove                         
00805000  scalbn                         
00805000  scalbnl                        
00805380  setvbuf                        
00807140  unlink                         
00807500  wcslen                         
008073a0  write                          


GLOBAL SYMBOLS: SORTED BY Symbol Address 

address   name                           
-------   ----                           
00000000  __TI_STATIC_BASE               
00001000  __TI_STACK_SIZE                
00001000  __TI_SYSMEM_SIZE               
00800000  __TI_printfi                   
00802720  __c6xabi_divd                  
00802d20  MAT_mul_IP                     
00802d98  main                           
00803720  free                           
00803ae0  DSPF_sp_mat_mul                
00803e40  fputs                          
00804660  __c6xabi_divull                
00804ac0  __c6xabi_divul                 
00804c80  fputc                          
00804c80  putc                           
00804e40  frexp                          
00804e40  frexpl                         
00805000  ldexp                          
00805000  ldexpl                         
00805000  scalbn                         
00805000  scalbnl                        
008051c0  malloc                         
00805380  setvbuf                        
00805540  HOSTrename                     
00805800  getdevice                      
00805920  __TI_closefile                 
00805c20  atoi                           
00805d20  fseek                          
00805e20  HOSTlseek                      
00805f00  HOSTopen                       
00805fe0  HOSTwrite                      
008060c0  __TI_ltoa                      
008061a0  __TI_wrt_ok                    
00806280  close                          
00806360  exit                           
00806440  memset                         
00806520  DSPF_sp_mat_trans              
00806600  printf                         
008066e0  HOSTread                       
008067a0  HOSTunlink                     
00806860  __TI_auto_init_nobinit_nopinit 
00806920  __c6xabi_divu                  
00806920  __divu                         
00806aa0  __TI_tls_init                  
00806b60  HOSTclose                      
00806c00  __TI_cleanup                   
00806ca0  __TI_doflush                   
00806de0  finddevice                     
00806e80  memcpy                         
00806fc0  __TI_readmsg                   
00807040  __c6xabi_llshl                 
008070c0  _c_int00                       
00807140  remove                         
00807140  unlink                         
008071c0  __TI_writemsg                  
00807218  C$$IO$$                        
00807220  __c6xabi_llshru                
00807280  _subcull                       
008072e0  lseek                          
00807340  memccpy                        
008073a0  write                          
00807400  __TI_frcmpyd_div               
00807440  __c6xabi_isinf                 
008074c0  _args_main                     
00807500  wcslen                         
00807540  __c6xabi_errno_addr            
00807560  __c6xabi_pop_rts               
00807560  __pop_rts                      
00807580  __c6xabi_push_rts              
00807580  __push_rts                     
008075a0  _nop                           
00807600  _signbit                       
00807620  _system_post_cinit             
00807640  _system_pre_init               
00807660  C$$EXIT                        
00807660  abort                          
00807680  __TI_decompress_none           
008076a0  __TI_decompress_rle24          
008076c0  _stack                         
008086c0  __TI_STACK_END                 
008086c0  _sys_memory                    
008096c0  _ftable                        
008098a0  _stream                        
00809940  _device                        
008099b8  A                              
008099f8  C                              
00809a38  B                              
00809a58  __TI_cleanup_ptr               
00809a5c  __TI_dtors_ptr                 
00809a60  __TI_enable_exit_profile_output
00809a6c  _lock                          
00809a70  _unlock                        
00809a74  __TI_ft_end                    
00809a78  __errno                        
00809a78  errno                          
00809a80  __TI_tmpnams                   
00809bc0  MatIPOut                       
00809c00  MatTransA                      
00809c40  MatEPOut                       
00809c60  parmbuf                        
00809c68  _ctypes_                       
00809e10  __CIOBUF_                      
0080a078  __TI_Handler_Table_Base        
0080a080  __TI_CINIT_Base                
0080a080  __TI_Handler_Table_Limit       
0080a090  __TI_CINIT_Limit               
ffffffff  __TI_pprof_out_hndl            
ffffffff  __TI_prof_data_size            
ffffffff  __TI_prof_data_start           
ffffffff  __binit__                      
ffffffff  __c_args__                     
ffffffff  binit                          
UNDEFED   __TI_TLS_INIT_Base             
UNDEFED   __TI_TLS_INIT_Limit            

[113 symbols]
