******************************************************************************
               TMS320C6x Linker PC v8.3.12                     
******************************************************************************
>> Linked Tue Apr 26 15:40:05 2022

OUTPUT FILE NAME:   <FFT.out>
ENTRY POINT SYMBOL: "_c_int00"  address: 00814140


MEMORY CONFIGURATION

         name            origin    length      used     unused   attr    fill
----------------------  --------  ---------  --------  --------  ----  --------
  DSPL2RAM              00800000   00040000  00016f2c  000290d4  RWIX
  SHRAM                 80000000   00020000  00000000  00020000  RWIX
  DDR2                  c0000000   08000000  00000000  08000000  RWIX


SEGMENT ALLOCATION MAP

run origin  load origin   length   init length attrs members
----------  ----------- ---------- ----------- ----- -------
00800000    00800000    0000c190   00000000    rw-
  00800000    00800000    0000c190   00000000    rw- .far
0080c1a0    0080c1a0    000085c0   000085c0    r-x
  0080c1a0    0080c1a0    000085c0   000085c0    r-x .text
00814760    00814760    000023dc   00000000    rw-
  00814760    00814760    00001000   00000000    rw- .stack
  00815760    00815760    00001000   00000000    rw- .sysmem
  00816760    00816760    000003dc   00000000    rw- .fardata
00816b40    00816b40    00000158   00000158    r--
  00816b40    00816b40    00000158   00000158    r-- .const
00816c98    00816c98    00000120   00000000    rw-
  00816c98    00816c98    00000120   00000000    rw- .cio
00816db8    00816db8    00000188   00000188    r--
  00816db8    00816db8    00000038   00000038    r-- .switch
  00816df0    00816df0    00000150   00000150    r-- .cinit


SECTION ALLOCATION MAP

 output                                  attributes/
section   page    origin      length       input sections
--------  ----  ----------  ----------   ----------------
.text      0    0080c1a0    000085c0     
                  0080c1a0    000020c0     rts6740_elf.lib : _printfi.c.obj (.text:__TI_printfi)
                  0080e260    00000660                     : _printfi.c.obj (.text:_pconv_a)
                  0080e8c0    00000620     main.obj (.text)
                  0080eee0    00000600     rts6740_elf.lib : divd.c.obj (.text:__c6xabi_divd)
                  0080f4e0    00000400                     : _printfi.c.obj (.text:_pconv_g)
                  0080f8e0    000003c0                     : memory.c.obj (.text:free)
                  0080fca0    000003c0     dsplib.ae674 : DSPF_sp_ifftSPxSP.oe674 (.text:optimized)
                  00810060    000003a0                  : DSPF_sp_fftSPxSP.oe674 (.text:optimized)
                  00810400    00000300     rts6740_elf.lib : cos.c.obj (.text:cos)
                  00810700    000002e0                     : fputs.c.obj (.text:fputs)
                  008109e0    000002e0                     : sin.c.obj (.text:sin)
                  00810cc0    000002a0                     : divf.c.obj (.text:__c6xabi_divf)
                  00810f60    000002a0                     : _printfi.c.obj (.text:_pconv_e)
                  00811200    000002a0                     : _printfi.c.obj (.text:fcvt)
                  008114a0    00000260                     : imath64.c.obj (.text:__c6xabi_divull)
                  00811700    00000200                     : _printfi.c.obj (.text:_ltostr)
                  00811900    000001c0                     : imath40.c.obj (.text:__c6xabi_divul)
                  00811ac0    000001c0                     : fputc.c.obj (.text:fputc)
                  00811c80    000001c0                     : frexp.c.obj (.text:frexp)
                  00811e40    000001c0                     : ldexp.c.obj (.text:ldexp)
                  00812000    000001c0                     : memory.c.obj (.text:malloc)
                  008121c0    000001c0                     : setvbuf.c.obj (.text:setvbuf)
                  00812380    000001a0                     : hostrename.c.obj (.text:HOSTrename)
                  00812520    00000120                     : _printfi.c.obj (.text:_pconv_f)
                  00812640    00000120                     : getdevice.c.obj (.text:getdevice)
                  00812760    00000120     mathlib.ae674 : sinsp.oe674 (.text:optasm)
                  00812880    00000100     rts6740_elf.lib : fclose.c.obj (.text:__TI_closefile)
                  00812980    00000100                     : copy_decompress_rle.c.obj (.text:__TI_decompress_rle_core)
                  00812a80    00000100                     : _printfi.c.obj (.text:_mcpy)
                  00812b80    00000100                     : atoi.c.obj (.text:atoi)
                  00812c80    00000100                     : fseek.c.obj (.text:fseek)
                  00812d80    000000e0                     : hostlseek.c.obj (.text:HOSTlseek)
                  00812e60    000000e0                     : hostopen.c.obj (.text:HOSTopen)
                  00812f40    000000e0                     : hostwrite.c.obj (.text:HOSTwrite)
                  00813020    000000e0                     : _ltoa.c.obj (.text:__TI_ltoa)
                  00813100    000000e0                     : _io_perm.c.obj (.text:__TI_wrt_ok)
                  008131e0    000000e0                     : close.c.obj (.text:close)
                  008132c0    000000e0                     : exit.c.obj (.text:exit)
                  008133a0    000000e0                     : memset.c.obj (.text:memset)
                  00813480    000000e0                     : printf.c.obj (.text:printf)
                  00813560    000000c0                     : hostread.c.obj (.text:HOSTread)
                  00813620    000000c0                     : hostunlink.c.obj (.text:HOSTunlink)
                  008136e0    000000c0                     : autoinit.c.obj (.text:__TI_auto_init_nobinit_nopinit:__TI_auto_init_nobinit_nopinit)
                  008137a0    000000c0                     : divu.asm.obj (.text:__divu)
                  00813860    000000c0                     : modf.c.obj (.text:modf)
                  00813920    000000c0                     : memory.c.obj (.text:mremove)
                  008139e0    000000c0                     : tls.c.obj (.text:tls:init:__TI_tls_init)
                  00813aa0    000000a0                     : hostclose.c.obj (.text:HOSTclose)
                  00813b40    000000a0                     : fopen.c.obj (.text:__TI_cleanup)
                  00813be0    000000a0                     : fflush.c.obj (.text:__TI_doflush)
                  00813c80    000000a0                     : round.c.obj (.text:__c6xabi_nround)
                  00813d20    000000a0                     : _printfi.c.obj (.text:_ecpy)
                  00813dc0    000000a0                     : getdevice.c.obj (.text:finddevice)
                  00813e60    000000a0                     : memcpy64.asm.obj (.text:memcpy)
                  00813f00    000000a0                     : memory.c.obj (.text:minsert)
                  00813fa0    000000a0     mathlib.ae674 : sqrtsp.oe674 (.text:optasm)
                  00814040    00000080     rts6740_elf.lib : trgmsg.c.obj (.text:__TI_readmsg)
                  008140c0    00000080                     : llshift.c.obj (.text:__c6xabi_llshl)
                  00814140    00000080                     : boot.c.obj (.text:_c_int00)
                  008141c0    00000080                     : unlink.c.obj (.text:unlink)
                  00814240    00000060                     : trgmsg.c.obj (.text:__TI_writemsg)
                  008142a0    00000060                     : llshift.c.obj (.text:__c6xabi_llshru)
                  00814300    00000060                     : imath64.c.obj (.text:_subcull)
                  00814360    00000060                     : lseek.c.obj (.text:lseek)
                  008143c0    00000060                     : memccpy.c.obj (.text:memccpy)
                  00814420    00000060                     : write.c.obj (.text:write)
                  00814480    00000040                     : frcmpyd_div.c.obj (.text:__TI_frcmpyd_div)
                  008144c0    00000040                     : isinf.c.obj (.text:__c6xabi_isinf)
                  00814500    00000040                     : _printfi.c.obj (.text:__c6xabi_isnan)
                  00814540    00000040                     : args_main.c.obj (.text:_args_main)
                  00814580    00000040                     : wcslen.c.obj (.text:wcslen)
                  008145c0    00000020                     : errno.c.obj (.text:__c6xabi_errno_addr)
                  008145e0    00000020                     : trunc.c.obj (.text:__c6xabi_trunc)
                  00814600    00000020                     : push.asm.obj (.text:__pop_rts)
                  00814620    00000020                     : push.asm.obj (.text:__push_rts)
                  00814640    00000020                     : _lock.c.obj (.text:_nop)
                  00814660    00000020                     : printf.c.obj (.text:_outc)
                  00814680    00000020                     : printf.c.obj (.text:_outs)
                  008146a0    00000020                     : signbit.c.obj (.text:_signbit)
                  008146c0    00000020                     : startup.c.obj (.text:_system_post_cinit)
                  008146e0    00000020                     : pre_init.c.obj (.text:_system_pre_init)
                  00814700    00000020                     : exit.c.obj (.text:abort)
                  00814720    00000020                     : copy_decompress_none.c.obj (.text:decompress:none:__TI_decompress_none)
                  00814740    00000020                     : copy_decompress_rle.c.obj (.text:decompress:rle24:__TI_decompress_rle24)

.stack     0    00814760    00001000     UNINITIALIZED
                  00814760    00000008     rts6740_elf.lib : boot.c.obj (.stack)
                  00814768    00000ff8     --HOLE--

.cio       0    00816c98    00000120     UNINITIALIZED
                  00816c98    00000120     rts6740_elf.lib : trgmsg.c.obj (.cio)

.const     0    00816b40    00000158     
                  00816b40    00000101     rts6740_elf.lib : ctype.c.obj (.const:.string:_ctypes_)
                  00816c41    00000003     --HOLE-- [fill = 0]
                  00816c44    00000030     main.obj (.const:.string)
                  00816c74    00000024     rts6740_elf.lib : _printfi.c.obj (.const:.string)

.sysmem    0    00815760    00001000     UNINITIALIZED
                  00815760    00000008     rts6740_elf.lib : memory.c.obj (.sysmem)
                  00815768    00000ff8     --HOLE--

.switch    0    00816db8    00000038     
                  00816db8    00000038     rts6740_elf.lib : _printfi.c.obj (.switch:__TI_printfi)

.cinit     0    00816df0    00000150     
                  00816df0    00000128     (.cinit..fardata.load) [load image, compression = rle]
                  00816f18    0000000b     (.cinit..far.load) [load image, compression = rle]
                  00816f23    00000001     --HOLE-- [fill = 0]
                  00816f24    00000008     (__TI_handler_table)
                  00816f2c    00000004     --HOLE-- [fill = 0]
                  00816f30    00000010     (__TI_cinit_table)

.init_array 
*          0    00800000    00000000     UNINITIALIZED

.fardata   0    00816760    000003dc     UNINITIALIZED
                  00816760    000001e0     rts6740_elf.lib : defs.c.obj (.fardata:_ftable)
                  00816940    000000a0                     : write.c.obj (.fardata:_stream)
                  008169e0    00000078                     : write.c.obj (.fardata:_device)
                  00816a58    00000040                     : cos.c.obj (.fardata:R$1)
                  00816a98    00000040                     : sin.c.obj (.fardata:R$1)
                  00816ad8    00000040     main.obj (.fardata:brev)
                  00816b18    0000000c     rts6740_elf.lib : exit.c.obj (.fardata)
                  00816b24    00000008                     : memory.c.obj (.fardata)
                  00816b2c    00000004                     : _lock.c.obj (.fardata:_lock)
                  00816b30    00000004                     : _lock.c.obj (.fardata:_unlock)
                  00816b34    00000004                     : defs.c.obj (.fardata)
                  00816b38    00000004                     : errno.c.obj (.fardata)

.far       0    00800000    0000c190     UNINITIALIZED
                  00800000    00002010     (.common:FFTIn)
                  00802010    00002010     (.common:FFTInOrg)
                  00804020    00002010     (.common:FFTOut)
                  00806030    00002010     (.common:IFFTOut)
                  00808040    00002000     (.common:w)
                  0080a040    00001008     (.common:mo)
                  0080b048    00001000     (.common:Input)
                  0080c048    00000140     (.common:__TI_tmpnams)
                  0080c188    00000008     (.common:parmbuf)

MODULE SUMMARY

       Module                       code    ro data   rw data
       ------                       ----    -------   -------
    .\
       main.obj                     1568    48        49288  
    +--+----------------------------+-------+---------+---------+
       Total:                       1568    48        49288  
                                                             
    ../../Library/dsplib/dsplib.ae674
       DSPF_sp_ifftSPxSP.oe674      960     0         0      
       DSPF_sp_fftSPxSP.oe674       928     0         0      
    +--+----------------------------+-------+---------+---------+
       Total:                       1888    0         0      
                                                             
    ../../Library/mathlib/mathlib.ae674
       sinsp.oe674                  288     0         0      
       sqrtsp.oe674                 160     0         0      
    +--+----------------------------+-------+---------+---------+
       Total:                       448     0         0      
                                                             
    C:\ti\ti-cgt-c6000_8.3.12\lib\rts6740_elf.lib
       _printfi.c.obj               13664   92        0      
       memory.c.obj                 1760    0         8      
       divd.c.obj                   1536    0         0      
       cos.c.obj                    768     0         64     
       defs.c.obj                   0       0         804    
       sin.c.obj                    736     0         64     
       fputs.c.obj                  736     0         0      
       imath64.c.obj                704     0         0      
       divf.c.obj                   672     0         0      
       trgmsg.c.obj                 224     0         288    
       fputc.c.obj                  448     0         0      
       frexp.c.obj                  448     0         0      
       getdevice.c.obj              448     0         0      
       imath40.c.obj                448     0         0      
       ldexp.c.obj                  448     0         0      
       setvbuf.c.obj                448     0         0      
       hostrename.c.obj             416     0         0      
       write.c.obj                  96      0         280    
       copy_decompress_rle.c.obj    288     0         0      
       printf.c.obj                 288     0         0      
       exit.c.obj                   256     0         12     
       ctype.c.obj                  0       257       0      
       atoi.c.obj                   256     0         0      
       fclose.c.obj                 256     0         0      
       fseek.c.obj                  256     0         0      
       hostopen.c.obj               224     0         8      
       _io_perm.c.obj               224     0         0      
       _ltoa.c.obj                  224     0         0      
       close.c.obj                  224     0         0      
       hostlseek.c.obj              224     0         0      
       hostwrite.c.obj              224     0         0      
       llshift.c.obj                224     0         0      
       memset.c.obj                 224     0         0      
       autoinit.c.obj               192     0         0      
       divu.asm.obj                 192     0         0      
       hostread.c.obj               192     0         0      
       hostunlink.c.obj             192     0         0      
       modf.c.obj                   192     0         0      
       tls.c.obj                    192     0         0      
       fflush.c.obj                 160     0         0      
       fopen.c.obj                  160     0         0      
       hostclose.c.obj              160     0         0      
       memcpy64.asm.obj             160     0         0      
       round.c.obj                  160     0         0      
       boot.c.obj                   128     0         0      
       unlink.c.obj                 128     0         0      
       lseek.c.obj                  96      0         0      
       memccpy.c.obj                96      0         0      
       args_main.c.obj              64      0         0      
       frcmpyd_div.c.obj            64      0         0      
       isinf.c.obj                  64      0         0      
       push.asm.obj                 64      0         0      
       wcslen.c.obj                 64      0         0      
       _lock.c.obj                  32      0         8      
       errno.c.obj                  32      0         4      
       copy_decompress_none.c.obj   32      0         0      
       pre_init.c.obj               32      0         0      
       signbit.c.obj                32      0         0      
       startup.c.obj                32      0         0      
       trunc.c.obj                  32      0         0      
    +--+----------------------------+-------+---------+---------+
       Total:                       30336   349       1540   
                                                             
       Heap:                        0       0         4096   
       Stack:                       0       0         4096   
       Linker Generated:            0       331       0      
    +--+----------------------------+-------+---------+---------+
       Grand Total:                 34240   728       59020  


LINKER GENERATED COPY TABLES

__TI_cinit_table @ 00816f30 records: 2, size/record: 8, table size: 16
	.fardata: load addr=00816df0, load size=00000128 bytes, run addr=00816760, run size=000003dc bytes, compression=rle
	.far: load addr=00816f18, load size=0000000b bytes, run addr=00800000, run size=0000c190 bytes, compression=rle


LINKER GENERATED HANDLER TABLE

__TI_handler_table @ 00816f24 records: 2, size/record: 4, table size: 8
	index: 0, handler: __TI_decompress_rle24
	index: 1, handler: __TI_decompress_none


GLOBAL SYMBOLS: SORTED ALPHABETICALLY BY Name 

address   name                           
-------   ----                           
00814700  C$$EXIT                        
00814298  C$$IO$$                        
00810060  DSPF_sp_fftSPxSP               
0080fca0  DSPF_sp_ifftSPxSP              
00800000  FFTIn                          
00802010  FFTInOrg                       
00804020  FFTOut                         
00813aa0  HOSTclose                      
00812d80  HOSTlseek                      
00812e60  HOSTopen                       
00813560  HOSTread                       
00812380  HOSTrename                     
00813620  HOSTunlink                     
00812f40  HOSTwrite                      
00806030  IFFTOut                        
0080b048  Input                          
00816c98  __CIOBUF_                      
00816f30  __TI_CINIT_Base                
00816f40  __TI_CINIT_Limit               
00816f24  __TI_Handler_Table_Base        
00816f2c  __TI_Handler_Table_Limit       
00815760  __TI_STACK_END                 
00001000  __TI_STACK_SIZE                
00000000  __TI_STATIC_BASE               
00001000  __TI_SYSMEM_SIZE               
UNDEFED   __TI_TLS_INIT_Base             
UNDEFED   __TI_TLS_INIT_Limit            
008136e0  __TI_auto_init_nobinit_nopinit 
00813b40  __TI_cleanup                   
00816b18  __TI_cleanup_ptr               
00812880  __TI_closefile                 
00814720  __TI_decompress_none           
00814740  __TI_decompress_rle24          
00813be0  __TI_doflush                   
00816b1c  __TI_dtors_ptr                 
00816b20  __TI_enable_exit_profile_output
00814480  __TI_frcmpyd_div               
00816b34  __TI_ft_end                    
00813020  __TI_ltoa                      
ffffffff  __TI_pprof_out_hndl            
0080c1a0  __TI_printfi                   
ffffffff  __TI_prof_data_size            
ffffffff  __TI_prof_data_start           
00814040  __TI_readmsg                   
008139e0  __TI_tls_init                  
0080c048  __TI_tmpnams                   
00814240  __TI_writemsg                  
00813100  __TI_wrt_ok                    
ffffffff  __binit__                      
0080eee0  __c6xabi_divd                  
00810cc0  __c6xabi_divf                  
008137a0  __c6xabi_divu                  
00811900  __c6xabi_divul                 
008114a0  __c6xabi_divull                
008145c0  __c6xabi_errno_addr            
008144c0  __c6xabi_isinf                 
008140c0  __c6xabi_llshl                 
008142a0  __c6xabi_llshru                
00813c80  __c6xabi_nround                
00814600  __c6xabi_pop_rts               
00814620  __c6xabi_push_rts              
00813c80  __c6xabi_roundl                
008145e0  __c6xabi_trunc                 
008145e0  __c6xabi_truncl                
ffffffff  __c_args__                     
008137a0  __divu                         
00816b38  __errno                        
00814600  __pop_rts                      
00814620  __push_rts                     
00814540  _args_main                     
00814140  _c_int00                       
00816b40  _ctypes_                       
008169e0  _device                        
00816760  _ftable                        
00816b2c  _lock                          
00814640  _nop                           
008146a0  _signbit                       
00814760  _stack                         
00816940  _stream                        
00814300  _subcull                       
00815760  _sys_memory                    
008146c0  _system_post_cinit             
008146e0  _system_pre_init               
00816b30  _unlock                        
00814700  abort                          
00812b80  atoi                           
ffffffff  binit                          
00816ad8  brev                           
008131e0  close                          
00810400  cos                            
00810400  cosl                           
00816b38  errno                          
008132c0  exit                           
00813dc0  finddevice                     
00811ac0  fputc                          
00810700  fputs                          
0080f8e0  free                           
00811c80  frexp                          
00811c80  frexpl                         
00812c80  fseek                          
00812640  getdevice                      
00811e40  ldexp                          
00811e40  ldexpl                         
00814360  lseek                          
0080eb00  main                           
00812000  malloc                         
008143c0  memccpy                        
00813e60  memcpy                         
008133a0  memset                         
0080a040  mo                             
00813860  modf                           
00813860  modfl                          
0080c188  parmbuf                        
00813480  printf                         
00811ac0  putc                           
008141c0  remove                         
00811e40  scalbn                         
00811e40  scalbnl                        
008121c0  setvbuf                        
008109e0  sin                            
008109e0  sinl                           
00812774  sinsp                          
00813fa0  sqrtsp                         
0080e8c0  tw_gen                         
008141c0  unlink                         
00808040  w                              
00814580  wcslen                         
00814420  write                          


GLOBAL SYMBOLS: SORTED BY Symbol Address 

address   name                           
-------   ----                           
00000000  __TI_STATIC_BASE               
00001000  __TI_STACK_SIZE                
00001000  __TI_SYSMEM_SIZE               
00800000  FFTIn                          
00802010  FFTInOrg                       
00804020  FFTOut                         
00806030  IFFTOut                        
00808040  w                              
0080a040  mo                             
0080b048  Input                          
0080c048  __TI_tmpnams                   
0080c188  parmbuf                        
0080c1a0  __TI_printfi                   
0080e8c0  tw_gen                         
0080eb00  main                           
0080eee0  __c6xabi_divd                  
0080f8e0  free                           
0080fca0  DSPF_sp_ifftSPxSP              
00810060  DSPF_sp_fftSPxSP               
00810400  cos                            
00810400  cosl                           
00810700  fputs                          
008109e0  sin                            
008109e0  sinl                           
00810cc0  __c6xabi_divf                  
008114a0  __c6xabi_divull                
00811900  __c6xabi_divul                 
00811ac0  fputc                          
00811ac0  putc                           
00811c80  frexp                          
00811c80  frexpl                         
00811e40  ldexp                          
00811e40  ldexpl                         
00811e40  scalbn                         
00811e40  scalbnl                        
00812000  malloc                         
008121c0  setvbuf                        
00812380  HOSTrename                     
00812640  getdevice                      
00812774  sinsp                          
00812880  __TI_closefile                 
00812b80  atoi                           
00812c80  fseek                          
00812d80  HOSTlseek                      
00812e60  HOSTopen                       
00812f40  HOSTwrite                      
00813020  __TI_ltoa                      
00813100  __TI_wrt_ok                    
008131e0  close                          
008132c0  exit                           
008133a0  memset                         
00813480  printf                         
00813560  HOSTread                       
00813620  HOSTunlink                     
008136e0  __TI_auto_init_nobinit_nopinit 
008137a0  __c6xabi_divu                  
008137a0  __divu                         
00813860  modf                           
00813860  modfl                          
008139e0  __TI_tls_init                  
00813aa0  HOSTclose                      
00813b40  __TI_cleanup                   
00813be0  __TI_doflush                   
00813c80  __c6xabi_nround                
00813c80  __c6xabi_roundl                
00813dc0  finddevice                     
00813e60  memcpy                         
00813fa0  sqrtsp                         
00814040  __TI_readmsg                   
008140c0  __c6xabi_llshl                 
00814140  _c_int00                       
008141c0  remove                         
008141c0  unlink                         
00814240  __TI_writemsg                  
00814298  C$$IO$$                        
008142a0  __c6xabi_llshru                
00814300  _subcull                       
00814360  lseek                          
008143c0  memccpy                        
00814420  write                          
00814480  __TI_frcmpyd_div               
008144c0  __c6xabi_isinf                 
00814540  _args_main                     
00814580  wcslen                         
008145c0  __c6xabi_errno_addr            
008145e0  __c6xabi_trunc                 
008145e0  __c6xabi_truncl                
00814600  __c6xabi_pop_rts               
00814600  __pop_rts                      
00814620  __c6xabi_push_rts              
00814620  __push_rts                     
00814640  _nop                           
008146a0  _signbit                       
008146c0  _system_post_cinit             
008146e0  _system_pre_init               
00814700  C$$EXIT                        
00814700  abort                          
00814720  __TI_decompress_none           
00814740  __TI_decompress_rle24          
00814760  _stack                         
00815760  __TI_STACK_END                 
00815760  _sys_memory                    
00816760  _ftable                        
00816940  _stream                        
008169e0  _device                        
00816ad8  brev                           
00816b18  __TI_cleanup_ptr               
00816b1c  __TI_dtors_ptr                 
00816b20  __TI_enable_exit_profile_output
00816b2c  _lock                          
00816b30  _unlock                        
00816b34  __TI_ft_end                    
00816b38  __errno                        
00816b38  errno                          
00816b40  _ctypes_                       
00816c98  __CIOBUF_                      
00816f24  __TI_Handler_Table_Base        
00816f2c  __TI_Handler_Table_Limit       
00816f30  __TI_CINIT_Base                
00816f40  __TI_CINIT_Limit               
ffffffff  __TI_pprof_out_hndl            
ffffffff  __TI_prof_data_size            
ffffffff  __TI_prof_data_start           
ffffffff  __binit__                      
ffffffff  __c_args__                     
ffffffff  binit                          
UNDEFED   __TI_TLS_INIT_Base             
UNDEFED   __TI_TLS_INIT_Limit            

[128 symbols]
