<?xml version="1.0" encoding="ISO-8859-1" ?>
<link_info>
   <banner>TMS320C6x Linker PC v8.3.12</banner>
   <copyright>Copyright (c) 1996-2018 Texas Instruments Incorporated</copyright>
   <link_time>0x62676efb</link_time>
   <link_errors>0x0</link_errors>
   <output_file>Matrix.out</output_file>
   <entry_point>
      <name>_c_int00</name>
      <address>0x8070c0</address>
   </entry_point>
   <input_file_list>
      <input_file id="fl-2">
         <path>.\</path>
         <kind>object</kind>
         <file>main.obj</file>
         <name>main.obj</name>
      </input_file>
      <input_file id="fl-8">
         <kind>object</kind>
         <file>&lt;internal&gt;</file>
         <name>&lt;internal&gt;</name>
      </input_file>
      <input_file id="fl-22">
         <path>C:\ti\ti-cgt-c6000_8.3.12\lib\</path>
         <kind>archive</kind>
         <file>rts6740_elf.lib</file>
         <name>printf.c.obj</name>
      </input_file>
      <input_file id="fl-23">
         <path>C:\ti\ti-cgt-c6000_8.3.12\lib\</path>
         <kind>archive</kind>
         <file>rts6740_elf.lib</file>
         <name>_printfi.c.obj</name>
      </input_file>
      <input_file id="fl-24">
         <path>C:\ti\ti-cgt-c6000_8.3.12\lib\</path>
         <kind>archive</kind>
         <file>rts6740_elf.lib</file>
         <name>fputc.c.obj</name>
      </input_file>
      <input_file id="fl-25">
         <path>C:\ti\ti-cgt-c6000_8.3.12\lib\</path>
         <kind>archive</kind>
         <file>rts6740_elf.lib</file>
         <name>fputs.c.obj</name>
      </input_file>
      <input_file id="fl-26">
         <path>C:\ti\ti-cgt-c6000_8.3.12\lib\</path>
         <kind>archive</kind>
         <file>rts6740_elf.lib</file>
         <name>_io_perm.c.obj</name>
      </input_file>
      <input_file id="fl-27">
         <path>C:\ti\ti-cgt-c6000_8.3.12\lib\</path>
         <kind>archive</kind>
         <file>rts6740_elf.lib</file>
         <name>setvbuf.c.obj</name>
      </input_file>
      <input_file id="fl-28">
         <path>C:\ti\ti-cgt-c6000_8.3.12\lib\</path>
         <kind>archive</kind>
         <file>rts6740_elf.lib</file>
         <name>push.asm.obj</name>
      </input_file>
      <input_file id="fl-29">
         <path>C:\ti\ti-cgt-c6000_8.3.12\lib\</path>
         <kind>archive</kind>
         <file>rts6740_elf.lib</file>
         <name>divu.asm.obj</name>
      </input_file>
      <input_file id="fl-2a">
         <path>C:\ti\ti-cgt-c6000_8.3.12\lib\</path>
         <kind>archive</kind>
         <file>rts6740_elf.lib</file>
         <name>memcpy64.asm.obj</name>
      </input_file>
      <input_file id="fl-2b">
         <path>C:\ti\ti-cgt-c6000_8.3.12\lib\</path>
         <kind>archive</kind>
         <file>rts6740_elf.lib</file>
         <name>boot.c.obj</name>
      </input_file>
      <input_file id="fl-2c">
         <path>C:\ti\ti-cgt-c6000_8.3.12\lib\</path>
         <kind>archive</kind>
         <file>rts6740_elf.lib</file>
         <name>imath40.c.obj</name>
      </input_file>
      <input_file id="fl-2d">
         <path>C:\ti\ti-cgt-c6000_8.3.12\lib\</path>
         <kind>archive</kind>
         <file>rts6740_elf.lib</file>
         <name>imath64.c.obj</name>
      </input_file>
      <input_file id="fl-2e">
         <path>C:\ti\ti-cgt-c6000_8.3.12\lib\</path>
         <kind>archive</kind>
         <file>rts6740_elf.lib</file>
         <name>llshift.c.obj</name>
      </input_file>
      <input_file id="fl-2f">
         <path>C:\ti\ti-cgt-c6000_8.3.12\lib\</path>
         <kind>archive</kind>
         <file>rts6740_elf.lib</file>
         <name>memset.c.obj</name>
      </input_file>
      <input_file id="fl-30">
         <path>C:\ti\ti-cgt-c6000_8.3.12\lib\</path>
         <kind>archive</kind>
         <file>rts6740_elf.lib</file>
         <name>autoinit.c.obj</name>
      </input_file>
      <input_file id="fl-31">
         <path>C:\ti\ti-cgt-c6000_8.3.12\lib\</path>
         <kind>archive</kind>
         <file>rts6740_elf.lib</file>
         <name>pre_init.c.obj</name>
      </input_file>
      <input_file id="fl-32">
         <path>C:\ti\ti-cgt-c6000_8.3.12\lib\</path>
         <kind>archive</kind>
         <file>rts6740_elf.lib</file>
         <name>startup.c.obj</name>
      </input_file>
      <input_file id="fl-33">
         <path>C:\ti\ti-cgt-c6000_8.3.12\lib\</path>
         <kind>archive</kind>
         <file>rts6740_elf.lib</file>
         <name>cpy_tbl.c.obj</name>
      </input_file>
      <input_file id="fl-34">
         <path>C:\ti\ti-cgt-c6000_8.3.12\lib\</path>
         <kind>archive</kind>
         <file>rts6740_elf.lib</file>
         <name>copy_zero_init.c.obj</name>
      </input_file>
      <input_file id="fl-35">
         <path>C:\ti\ti-cgt-c6000_8.3.12\lib\</path>
         <kind>archive</kind>
         <file>rts6740_elf.lib</file>
         <name>copy_decompress_none.c.obj</name>
      </input_file>
      <input_file id="fl-36">
         <path>C:\ti\ti-cgt-c6000_8.3.12\lib\</path>
         <kind>archive</kind>
         <file>rts6740_elf.lib</file>
         <name>copy_decompress_rle.c.obj</name>
      </input_file>
      <input_file id="fl-37">
         <path>C:\ti\ti-cgt-c6000_8.3.12\lib\</path>
         <kind>archive</kind>
         <file>rts6740_elf.lib</file>
         <name>frexp.c.obj</name>
      </input_file>
      <input_file id="fl-38">
         <path>C:\ti\ti-cgt-c6000_8.3.12\lib\</path>
         <kind>archive</kind>
         <file>rts6740_elf.lib</file>
         <name>isinf.c.obj</name>
      </input_file>
      <input_file id="fl-39">
         <path>C:\ti\ti-cgt-c6000_8.3.12\lib\</path>
         <kind>archive</kind>
         <file>rts6740_elf.lib</file>
         <name>ldexp.c.obj</name>
      </input_file>
      <input_file id="fl-3a">
         <path>C:\ti\ti-cgt-c6000_8.3.12\lib\</path>
         <kind>archive</kind>
         <file>rts6740_elf.lib</file>
         <name>signbit.c.obj</name>
      </input_file>
      <input_file id="fl-3b">
         <path>C:\ti\ti-cgt-c6000_8.3.12\lib\</path>
         <kind>archive</kind>
         <file>rts6740_elf.lib</file>
         <name>divd.c.obj</name>
      </input_file>
      <input_file id="fl-3c">
         <path>C:\ti\ti-cgt-c6000_8.3.12\lib\</path>
         <kind>archive</kind>
         <file>rts6740_elf.lib</file>
         <name>frcmpyd_div.c.obj</name>
      </input_file>
      <input_file id="fl-3d">
         <path>C:\ti\ti-cgt-c6000_8.3.12\lib\</path>
         <kind>archive</kind>
         <file>rts6740_elf.lib</file>
         <name>exit.c.obj</name>
      </input_file>
      <input_file id="fl-3e">
         <path>C:\ti\ti-cgt-c6000_8.3.12\lib\</path>
         <kind>archive</kind>
         <file>rts6740_elf.lib</file>
         <name>memory.c.obj</name>
      </input_file>
      <input_file id="fl-3f">
         <path>C:\ti\ti-cgt-c6000_8.3.12\lib\</path>
         <kind>archive</kind>
         <file>rts6740_elf.lib</file>
         <name>_lock.c.obj</name>
      </input_file>
      <input_file id="fl-40">
         <path>C:\ti\ti-cgt-c6000_8.3.12\lib\</path>
         <kind>archive</kind>
         <file>rts6740_elf.lib</file>
         <name>_ltoa.c.obj</name>
      </input_file>
      <input_file id="fl-41">
         <path>C:\ti\ti-cgt-c6000_8.3.12\lib\</path>
         <kind>archive</kind>
         <file>rts6740_elf.lib</file>
         <name>args_main.c.obj</name>
      </input_file>
      <input_file id="fl-42">
         <path>C:\ti\ti-cgt-c6000_8.3.12\lib\</path>
         <kind>archive</kind>
         <file>rts6740_elf.lib</file>
         <name>atoi.c.obj</name>
      </input_file>
      <input_file id="fl-43">
         <path>C:\ti\ti-cgt-c6000_8.3.12\lib\</path>
         <kind>archive</kind>
         <file>rts6740_elf.lib</file>
         <name>ctype.c.obj</name>
      </input_file>
      <input_file id="fl-44">
         <path>C:\ti\ti-cgt-c6000_8.3.12\lib\</path>
         <kind>archive</kind>
         <file>rts6740_elf.lib</file>
         <name>defs.c.obj</name>
      </input_file>
      <input_file id="fl-45">
         <path>C:\ti\ti-cgt-c6000_8.3.12\lib\</path>
         <kind>archive</kind>
         <file>rts6740_elf.lib</file>
         <name>memccpy.c.obj</name>
      </input_file>
      <input_file id="fl-46">
         <path>C:\ti\ti-cgt-c6000_8.3.12\lib\</path>
         <kind>archive</kind>
         <file>rts6740_elf.lib</file>
         <name>write.c.obj</name>
      </input_file>
      <input_file id="fl-47">
         <path>C:\ti\ti-cgt-c6000_8.3.12\lib\</path>
         <kind>archive</kind>
         <file>rts6740_elf.lib</file>
         <name>tls.c.obj</name>
      </input_file>
      <input_file id="fl-48">
         <path>C:\ti\ti-cgt-c6000_8.3.12\lib\</path>
         <kind>archive</kind>
         <file>rts6740_elf.lib</file>
         <name>llabs.c.obj</name>
      </input_file>
      <input_file id="fl-49">
         <path>C:\ti\ti-cgt-c6000_8.3.12\lib\</path>
         <kind>archive</kind>
         <file>rts6740_elf.lib</file>
         <name>errno.c.obj</name>
      </input_file>
      <input_file id="fl-4a">
         <path>C:\ti\ti-cgt-c6000_8.3.12\lib\</path>
         <kind>archive</kind>
         <file>rts6740_elf.lib</file>
         <name>wcslen.c.obj</name>
      </input_file>
      <input_file id="fl-4b">
         <path>C:\ti\ti-cgt-c6000_8.3.12\lib\</path>
         <kind>archive</kind>
         <file>rts6740_elf.lib</file>
         <name>fflush.c.obj</name>
      </input_file>
      <input_file id="fl-4c">
         <path>C:\ti\ti-cgt-c6000_8.3.12\lib\</path>
         <kind>archive</kind>
         <file>rts6740_elf.lib</file>
         <name>fopen.c.obj</name>
      </input_file>
      <input_file id="fl-4d">
         <path>C:\ti\ti-cgt-c6000_8.3.12\lib\</path>
         <kind>archive</kind>
         <file>rts6740_elf.lib</file>
         <name>fseek.c.obj</name>
      </input_file>
      <input_file id="fl-4e">
         <path>C:\ti\ti-cgt-c6000_8.3.12\lib\</path>
         <kind>archive</kind>
         <file>rts6740_elf.lib</file>
         <name>tls_get_tp.asm.obj</name>
      </input_file>
      <input_file id="fl-4f">
         <path>C:\ti\ti-cgt-c6000_8.3.12\lib\</path>
         <kind>archive</kind>
         <file>rts6740_elf.lib</file>
         <name>lseek.c.obj</name>
      </input_file>
      <input_file id="fl-50">
         <path>C:\ti\ti-cgt-c6000_8.3.12\lib\</path>
         <kind>archive</kind>
         <file>rts6740_elf.lib</file>
         <name>open.c.obj</name>
      </input_file>
      <input_file id="fl-51">
         <path>C:\ti\ti-cgt-c6000_8.3.12\lib\</path>
         <kind>archive</kind>
         <file>rts6740_elf.lib</file>
         <name>hostclose.c.obj</name>
      </input_file>
      <input_file id="fl-52">
         <path>C:\ti\ti-cgt-c6000_8.3.12\lib\</path>
         <kind>archive</kind>
         <file>rts6740_elf.lib</file>
         <name>hostlseek.c.obj</name>
      </input_file>
      <input_file id="fl-53">
         <path>C:\ti\ti-cgt-c6000_8.3.12\lib\</path>
         <kind>archive</kind>
         <file>rts6740_elf.lib</file>
         <name>hostopen.c.obj</name>
      </input_file>
      <input_file id="fl-54">
         <path>C:\ti\ti-cgt-c6000_8.3.12\lib\</path>
         <kind>archive</kind>
         <file>rts6740_elf.lib</file>
         <name>hostread.c.obj</name>
      </input_file>
      <input_file id="fl-55">
         <path>C:\ti\ti-cgt-c6000_8.3.12\lib\</path>
         <kind>archive</kind>
         <file>rts6740_elf.lib</file>
         <name>hostrename.c.obj</name>
      </input_file>
      <input_file id="fl-56">
         <path>C:\ti\ti-cgt-c6000_8.3.12\lib\</path>
         <kind>archive</kind>
         <file>rts6740_elf.lib</file>
         <name>hostunlink.c.obj</name>
      </input_file>
      <input_file id="fl-57">
         <path>C:\ti\ti-cgt-c6000_8.3.12\lib\</path>
         <kind>archive</kind>
         <file>rts6740_elf.lib</file>
         <name>hostwrite.c.obj</name>
      </input_file>
      <input_file id="fl-58">
         <path>C:\ti\ti-cgt-c6000_8.3.12\lib\</path>
         <kind>archive</kind>
         <file>rts6740_elf.lib</file>
         <name>trgmsg.c.obj</name>
      </input_file>
      <input_file id="fl-59">
         <path>C:\ti\ti-cgt-c6000_8.3.12\lib\</path>
         <kind>archive</kind>
         <file>rts6740_elf.lib</file>
         <name>fclose.c.obj</name>
      </input_file>
      <input_file id="fl-5a">
         <path>C:\ti\ti-cgt-c6000_8.3.12\lib\</path>
         <kind>archive</kind>
         <file>rts6740_elf.lib</file>
         <name>getdevice.c.obj</name>
      </input_file>
      <input_file id="fl-5b">
         <path>C:\ti\ti-cgt-c6000_8.3.12\lib\</path>
         <kind>archive</kind>
         <file>rts6740_elf.lib</file>
         <name>close.c.obj</name>
      </input_file>
      <input_file id="fl-5c">
         <path>C:\ti\ti-cgt-c6000_8.3.12\lib\</path>
         <kind>archive</kind>
         <file>rts6740_elf.lib</file>
         <name>remove.c.obj</name>
      </input_file>
      <input_file id="fl-5d">
         <path>C:\ti\ti-cgt-c6000_8.3.12\lib\</path>
         <kind>archive</kind>
         <file>rts6740_elf.lib</file>
         <name>unlink.c.obj</name>
      </input_file>
      <input_file id="fl-5e">
         <path>..\..\Library\dsplib\</path>
         <kind>archive</kind>
         <file>dsplib.ae674</file>
         <name>DSPF_sp_mat_trans.oe674</name>
      </input_file>
      <input_file id="fl-5f">
         <path>..\..\Library\dsplib\</path>
         <kind>archive</kind>
         <file>dsplib.ae674</file>
         <name>DSPF_sp_mat_mul.oe674</name>
      </input_file>
   </input_file_list>
   <object_component_list>
      <object_component id="oc-15b">
         <name>.text:__TI_printfi</name>
         <load_address>0x800000</load_address>
         <run_address>0x800000</run_address>
         <size>0x20c0</size>
         <input_file_ref idref="fl-23"/>
      </object_component>
      <object_component id="oc-1d1">
         <name>.text:_pconv_a</name>
         <load_address>0x8020c0</load_address>
         <run_address>0x8020c0</run_address>
         <size>0x660</size>
         <input_file_ref idref="fl-23"/>
      </object_component>
      <object_component id="oc-256">
         <name>.text:__c6xabi_divd</name>
         <load_address>0x802720</load_address>
         <run_address>0x802720</run_address>
         <size>0x600</size>
         <input_file_ref idref="fl-3b"/>
      </object_component>
      <object_component id="oc-8c">
         <name>.text</name>
         <load_address>0x802d20</load_address>
         <run_address>0x802d20</run_address>
         <size>0x600</size>
         <input_file_ref idref="fl-2"/>
      </object_component>
      <object_component id="oc-1bf">
         <name>.text:_pconv_g</name>
         <load_address>0x803320</load_address>
         <run_address>0x803320</run_address>
         <size>0x400</size>
         <input_file_ref idref="fl-23"/>
      </object_component>
      <object_component id="oc-308">
         <name>.text:free</name>
         <load_address>0x803720</load_address>
         <run_address>0x803720</run_address>
         <size>0x3c0</size>
         <input_file_ref idref="fl-3e"/>
      </object_component>
      <object_component id="oc-103">
         <name>.text:optimized</name>
         <load_address>0x803ae0</load_address>
         <run_address>0x803ae0</run_address>
         <size>0x360</size>
         <input_file_ref idref="fl-5f"/>
      </object_component>
      <object_component id="oc-195">
         <name>.text:fputs</name>
         <load_address>0x803e40</load_address>
         <run_address>0x803e40</run_address>
         <size>0x2e0</size>
         <input_file_ref idref="fl-25"/>
      </object_component>
      <object_component id="oc-1cb">
         <name>.text:_pconv_e</name>
         <load_address>0x804120</load_address>
         <run_address>0x804120</run_address>
         <size>0x2a0</size>
         <input_file_ref idref="fl-23"/>
      </object_component>
      <object_component id="oc-26f">
         <name>.text:fcvt</name>
         <load_address>0x8043c0</load_address>
         <run_address>0x8043c0</run_address>
         <size>0x2a0</size>
         <input_file_ref idref="fl-23"/>
      </object_component>
      <object_component id="oc-241">
         <name>.text:__c6xabi_divull</name>
         <load_address>0x804660</load_address>
         <run_address>0x804660</run_address>
         <size>0x260</size>
         <input_file_ref idref="fl-2d"/>
      </object_component>
      <object_component id="oc-1a7">
         <name>.text:_ltostr</name>
         <load_address>0x8048c0</load_address>
         <run_address>0x8048c0</run_address>
         <size>0x200</size>
         <input_file_ref idref="fl-23"/>
      </object_component>
      <object_component id="oc-247">
         <name>.text:__c6xabi_divul</name>
         <load_address>0x804ac0</load_address>
         <run_address>0x804ac0</run_address>
         <size>0x1c0</size>
         <input_file_ref idref="fl-2c"/>
      </object_component>
      <object_component id="oc-18e">
         <name>.text:fputc</name>
         <load_address>0x804c80</load_address>
         <run_address>0x804c80</run_address>
         <size>0x1c0</size>
         <input_file_ref idref="fl-24"/>
      </object_component>
      <object_component id="oc-277">
         <name>.text:frexp</name>
         <load_address>0x804e40</load_address>
         <run_address>0x804e40</run_address>
         <size>0x1c0</size>
         <input_file_ref idref="fl-37"/>
      </object_component>
      <object_component id="oc-27d">
         <name>.text:ldexp</name>
         <load_address>0x805000</load_address>
         <run_address>0x805000</run_address>
         <size>0x1c0</size>
         <input_file_ref idref="fl-39"/>
      </object_component>
      <object_component id="oc-30e">
         <name>.text:malloc</name>
         <load_address>0x8051c0</load_address>
         <run_address>0x8051c0</run_address>
         <size>0x1c0</size>
         <input_file_ref idref="fl-3e"/>
      </object_component>
      <object_component id="oc-2a5">
         <name>.text:setvbuf</name>
         <load_address>0x805380</load_address>
         <run_address>0x805380</run_address>
         <size>0x1c0</size>
         <input_file_ref idref="fl-27"/>
      </object_component>
      <object_component id="oc-3a5">
         <name>.text:HOSTrename</name>
         <load_address>0x805540</load_address>
         <run_address>0x805540</run_address>
         <size>0x1a0</size>
         <input_file_ref idref="fl-55"/>
      </object_component>
      <object_component id="oc-1c5">
         <name>.text:_pconv_f</name>
         <load_address>0x8056e0</load_address>
         <run_address>0x8056e0</run_address>
         <size>0x120</size>
         <input_file_ref idref="fl-23"/>
      </object_component>
      <object_component id="oc-3f3">
         <name>.text:getdevice</name>
         <load_address>0x805800</load_address>
         <run_address>0x805800</run_address>
         <size>0x120</size>
         <input_file_ref idref="fl-5a"/>
      </object_component>
      <object_component id="oc-378">
         <name>.text:__TI_closefile</name>
         <load_address>0x805920</load_address>
         <run_address>0x805920</run_address>
         <size>0x100</size>
         <input_file_ref idref="fl-59"/>
      </object_component>
      <object_component id="oc-39">
         <name>.text:__TI_decompress_rle_core</name>
         <load_address>0x805a20</load_address>
         <run_address>0x805a20</run_address>
         <size>0x100</size>
         <input_file_ref idref="fl-36"/>
      </object_component>
      <object_component id="oc-268">
         <name>.text:_mcpy</name>
         <load_address>0x805b20</load_address>
         <run_address>0x805b20</run_address>
         <size>0x100</size>
         <input_file_ref idref="fl-23"/>
      </object_component>
      <object_component id="oc-1a1">
         <name>.text:atoi</name>
         <load_address>0x805c20</load_address>
         <run_address>0x805c20</run_address>
         <size>0x100</size>
         <input_file_ref idref="fl-42"/>
      </object_component>
      <object_component id="oc-29f">
         <name>.text:fseek</name>
         <load_address>0x805d20</load_address>
         <run_address>0x805d20</run_address>
         <size>0x100</size>
         <input_file_ref idref="fl-4d"/>
      </object_component>
      <object_component id="oc-399">
         <name>.text:HOSTlseek</name>
         <load_address>0x805e20</load_address>
         <run_address>0x805e20</run_address>
         <size>0xe0</size>
         <input_file_ref idref="fl-52"/>
      </object_component>
      <object_component id="oc-381">
         <name>.text:HOSTopen</name>
         <load_address>0x805f00</load_address>
         <run_address>0x805f00</run_address>
         <size>0xe0</size>
         <input_file_ref idref="fl-53"/>
      </object_component>
      <object_component id="oc-393">
         <name>.text:HOSTwrite</name>
         <load_address>0x805fe0</load_address>
         <run_address>0x805fe0</run_address>
         <size>0xe0</size>
         <input_file_ref idref="fl-57"/>
      </object_component>
      <object_component id="oc-25c">
         <name>.text:__TI_ltoa</name>
         <load_address>0x8060c0</load_address>
         <run_address>0x8060c0</run_address>
         <size>0xe0</size>
         <input_file_ref idref="fl-40"/>
      </object_component>
      <object_component id="oc-225">
         <name>.text:__TI_wrt_ok</name>
         <load_address>0x8061a0</load_address>
         <run_address>0x8061a0</run_address>
         <size>0xe0</size>
         <input_file_ref idref="fl-26"/>
      </object_component>
      <object_component id="oc-3c6">
         <name>.text:close</name>
         <load_address>0x806280</load_address>
         <run_address>0x806280</run_address>
         <size>0xe0</size>
         <input_file_ref idref="fl-5b"/>
      </object_component>
      <object_component id="oc-57">
         <name>.text:exit</name>
         <load_address>0x806360</load_address>
         <run_address>0x806360</run_address>
         <size>0xe0</size>
         <input_file_ref idref="fl-3d"/>
      </object_component>
      <object_component id="oc-78">
         <name>.text:memset</name>
         <load_address>0x806440</load_address>
         <run_address>0x806440</run_address>
         <size>0xe0</size>
         <input_file_ref idref="fl-2f"/>
      </object_component>
      <object_component id="oc-102">
         <name>.text:optimized</name>
         <load_address>0x806520</load_address>
         <run_address>0x806520</run_address>
         <size>0xe0</size>
         <input_file_ref idref="fl-5e"/>
      </object_component>
      <object_component id="oc-fc">
         <name>.text:printf</name>
         <load_address>0x806600</load_address>
         <run_address>0x806600</run_address>
         <size>0xe0</size>
         <input_file_ref idref="fl-22"/>
      </object_component>
      <object_component id="oc-38d">
         <name>.text:HOSTread</name>
         <load_address>0x8066e0</load_address>
         <run_address>0x8066e0</run_address>
         <size>0xc0</size>
         <input_file_ref idref="fl-54"/>
      </object_component>
      <object_component id="oc-39f">
         <name>.text:HOSTunlink</name>
         <load_address>0x8067a0</load_address>
         <run_address>0x8067a0</run_address>
         <size>0xc0</size>
         <input_file_ref idref="fl-56"/>
      </object_component>
      <object_component id="oc-a0">
         <name>.text:__TI_auto_init_nobinit_nopinit:__TI_auto_init_nobinit_nopinit</name>
         <load_address>0x806860</load_address>
         <run_address>0x806860</run_address>
         <size>0xc0</size>
         <input_file_ref idref="fl-30"/>
      </object_component>
      <object_component id="oc-24d">
         <name>.text:__divu</name>
         <load_address>0x806920</load_address>
         <run_address>0x806920</run_address>
         <size>0xc0</size>
         <input_file_ref idref="fl-29"/>
      </object_component>
      <object_component id="oc-36d">
         <name>.text:mremove</name>
         <load_address>0x8069e0</load_address>
         <run_address>0x8069e0</run_address>
         <size>0xc0</size>
         <input_file_ref idref="fl-3e"/>
      </object_component>
      <object_component id="oc-11b">
         <name>.text:tls:init:__TI_tls_init</name>
         <load_address>0x806aa0</load_address>
         <run_address>0x806aa0</run_address>
         <size>0xc0</size>
         <input_file_ref idref="fl-47"/>
      </object_component>
      <object_component id="oc-387">
         <name>.text:HOSTclose</name>
         <load_address>0x806b60</load_address>
         <run_address>0x806b60</run_address>
         <size>0xa0</size>
         <input_file_ref idref="fl-51"/>
      </object_component>
      <object_component id="oc-314">
         <name>.text:__TI_cleanup</name>
         <load_address>0x806c00</load_address>
         <run_address>0x806c00</run_address>
         <size>0xa0</size>
         <input_file_ref idref="fl-4c"/>
      </object_component>
      <object_component id="oc-22b">
         <name>.text:__TI_doflush</name>
         <load_address>0x806ca0</load_address>
         <run_address>0x806ca0</run_address>
         <size>0xa0</size>
         <input_file_ref idref="fl-4b"/>
      </object_component>
      <object_component id="oc-262">
         <name>.text:_ecpy</name>
         <load_address>0x806d40</load_address>
         <run_address>0x806d40</run_address>
         <size>0xa0</size>
         <input_file_ref idref="fl-23"/>
      </object_component>
      <object_component id="oc-413">
         <name>.text:finddevice</name>
         <load_address>0x806de0</load_address>
         <run_address>0x806de0</run_address>
         <size>0xa0</size>
         <input_file_ref idref="fl-5a"/>
      </object_component>
      <object_component id="oc-2d">
         <name>.text:memcpy</name>
         <load_address>0x806e80</load_address>
         <run_address>0x806e80</run_address>
         <size>0xa0</size>
         <input_file_ref idref="fl-2a"/>
      </object_component>
      <object_component id="oc-367">
         <name>.text:minsert</name>
         <load_address>0x806f20</load_address>
         <run_address>0x806f20</run_address>
         <size>0xa0</size>
         <input_file_ref idref="fl-3e"/>
      </object_component>
      <object_component id="oc-3de">
         <name>.text:__TI_readmsg</name>
         <load_address>0x806fc0</load_address>
         <run_address>0x806fc0</run_address>
         <size>0x80</size>
         <input_file_ref idref="fl-58"/>
      </object_component>
      <object_component id="oc-2bd">
         <name>.text:__c6xabi_llshl</name>
         <load_address>0x807040</load_address>
         <run_address>0x807040</run_address>
         <size>0x80</size>
         <input_file_ref idref="fl-2e"/>
      </object_component>
      <object_component id="oc-21">
         <name>.text:_c_int00</name>
         <load_address>0x8070c0</load_address>
         <run_address>0x8070c0</run_address>
         <size>0x80</size>
         <input_file_ref idref="fl-2b"/>
      </object_component>
      <object_component id="oc-3cc">
         <name>.text:unlink</name>
         <load_address>0x807140</load_address>
         <run_address>0x807140</run_address>
         <size>0x80</size>
         <input_file_ref idref="fl-5d"/>
      </object_component>
      <object_component id="oc-3d8">
         <name>.text:__TI_writemsg</name>
         <load_address>0x8071c0</load_address>
         <run_address>0x8071c0</run_address>
         <size>0x60</size>
         <input_file_ref idref="fl-58"/>
      </object_component>
      <object_component id="oc-2c9">
         <name>.text:__c6xabi_llshru</name>
         <load_address>0x807220</load_address>
         <run_address>0x807220</run_address>
         <size>0x60</size>
         <input_file_ref idref="fl-2e"/>
      </object_component>
      <object_component id="oc-2c3">
         <name>.text:_subcull</name>
         <load_address>0x807280</load_address>
         <run_address>0x807280</run_address>
         <size>0x60</size>
         <input_file_ref idref="fl-2d"/>
      </object_component>
      <object_component id="oc-300">
         <name>.text:lseek</name>
         <load_address>0x8072e0</load_address>
         <run_address>0x8072e0</run_address>
         <size>0x60</size>
         <input_file_ref idref="fl-4f"/>
      </object_component>
      <object_component id="oc-1d7">
         <name>.text:memccpy</name>
         <load_address>0x807340</load_address>
         <run_address>0x807340</run_address>
         <size>0x60</size>
         <input_file_ref idref="fl-45"/>
      </object_component>
      <object_component id="oc-231">
         <name>.text:write</name>
         <load_address>0x8073a0</load_address>
         <run_address>0x8073a0</run_address>
         <size>0x60</size>
         <input_file_ref idref="fl-46"/>
      </object_component>
      <object_component id="oc-2d4">
         <name>.text:__TI_frcmpyd_div</name>
         <load_address>0x807400</load_address>
         <run_address>0x807400</run_address>
         <size>0x40</size>
         <input_file_ref idref="fl-3c"/>
      </object_component>
      <object_component id="oc-1b3">
         <name>.text:__c6xabi_isinf</name>
         <load_address>0x807440</load_address>
         <run_address>0x807440</run_address>
         <size>0x40</size>
         <input_file_ref idref="fl-38"/>
      </object_component>
      <object_component id="oc-1ad">
         <name>.text:__c6xabi_isnan</name>
         <load_address>0x807480</load_address>
         <run_address>0x807480</run_address>
         <size>0x40</size>
         <input_file_ref idref="fl-23"/>
      </object_component>
      <object_component id="oc-51">
         <name>.text:_args_main</name>
         <load_address>0x8074c0</load_address>
         <run_address>0x8074c0</run_address>
         <size>0x40</size>
         <input_file_ref idref="fl-41"/>
      </object_component>
      <object_component id="oc-1dd">
         <name>.text:wcslen</name>
         <load_address>0x807500</load_address>
         <run_address>0x807500</run_address>
         <size>0x40</size>
         <input_file_ref idref="fl-4a"/>
      </object_component>
      <object_component id="oc-1e3">
         <name>.text:__c6xabi_errno_addr</name>
         <load_address>0x807540</load_address>
         <run_address>0x807540</run_address>
         <size>0x20</size>
         <input_file_ref idref="fl-49"/>
      </object_component>
      <object_component id="oc-1e9">
         <name>.text:__pop_rts</name>
         <load_address>0x807560</load_address>
         <run_address>0x807560</run_address>
         <size>0x20</size>
         <input_file_ref idref="fl-28"/>
      </object_component>
      <object_component id="oc-19c">
         <name>.text:__push_rts</name>
         <load_address>0x807580</load_address>
         <run_address>0x807580</run_address>
         <size>0x20</size>
         <input_file_ref idref="fl-28"/>
      </object_component>
      <object_component id="oc-17f">
         <name>.text:_nop</name>
         <load_address>0x8075a0</load_address>
         <run_address>0x8075a0</run_address>
         <size>0x20</size>
         <input_file_ref idref="fl-3f"/>
      </object_component>
      <object_component id="oc-14f">
         <name>.text:_outc</name>
         <load_address>0x8075c0</load_address>
         <run_address>0x8075c0</run_address>
         <size>0x20</size>
         <input_file_ref idref="fl-22"/>
      </object_component>
      <object_component id="oc-155">
         <name>.text:_outs</name>
         <load_address>0x8075e0</load_address>
         <run_address>0x8075e0</run_address>
         <size>0x20</size>
         <input_file_ref idref="fl-22"/>
      </object_component>
      <object_component id="oc-1b9">
         <name>.text:_signbit</name>
         <load_address>0x807600</load_address>
         <run_address>0x807600</run_address>
         <size>0x20</size>
         <input_file_ref idref="fl-3a"/>
      </object_component>
      <object_component id="oc-115">
         <name>.text:_system_post_cinit</name>
         <load_address>0x807620</load_address>
         <run_address>0x807620</run_address>
         <size>0x20</size>
         <input_file_ref idref="fl-32"/>
      </object_component>
      <object_component id="oc-5d">
         <name>.text:_system_pre_init</name>
         <load_address>0x807640</load_address>
         <run_address>0x807640</run_address>
         <size>0x20</size>
         <input_file_ref idref="fl-31"/>
      </object_component>
      <object_component id="oc-97">
         <name>.text:abort</name>
         <load_address>0x807660</load_address>
         <run_address>0x807660</run_address>
         <size>0x20</size>
         <input_file_ref idref="fl-3d"/>
      </object_component>
      <object_component id="oc-14">
         <name>.text:decompress:none:__TI_decompress_none</name>
         <load_address>0x807680</load_address>
         <run_address>0x807680</run_address>
         <size>0x20</size>
         <input_file_ref idref="fl-35"/>
      </object_component>
      <object_component id="oc-1a">
         <name>.text:decompress:rle24:__TI_decompress_rle24</name>
         <load_address>0x8076a0</load_address>
         <run_address>0x8076a0</run_address>
         <size>0x20</size>
         <input_file_ref idref="fl-36"/>
      </object_component>
      <object_component id="oc-27">
         <name>.stack</name>
         <uninitialized>true</uninitialized>
         <run_address>0x8076c0</run_address>
         <size>0x8</size>
         <input_file_ref idref="fl-2b"/>
      </object_component>
      <object_component id="oc-451">
         <name>.stack</name>
         <uninitialized>true</uninitialized>
         <run_address>0x8076c0</run_address>
         <size>0x0</size>
      </object_component>
      <object_component id="oc-3ff">
         <name>.cio</name>
         <uninitialized>true</uninitialized>
         <run_address>0x809e10</run_address>
         <size>0x120</size>
         <input_file_ref idref="fl-58"/>
      </object_component>
      <object_component id="oc-23c">
         <name>.const:.string:_ctypes_</name>
         <load_address>0x809c68</load_address>
         <run_address>0x809c68</run_address>
         <size>0x101</size>
         <input_file_ref idref="fl-43"/>
      </object_component>
      <object_component id="oc-ed">
         <name>.const:.string</name>
         <load_address>0x809d6c</load_address>
         <run_address>0x809d6c</run_address>
         <size>0x7c</size>
         <input_file_ref idref="fl-2"/>
      </object_component>
      <object_component id="oc-1ee">
         <name>.const:.string</name>
         <load_address>0x809de8</load_address>
         <run_address>0x809de8</run_address>
         <size>0x24</size>
         <input_file_ref idref="fl-23"/>
      </object_component>
      <object_component id="oc-1ef">
         <name>.switch:__TI_printfi</name>
         <load_address>0x809f30</load_address>
         <run_address>0x809f30</run_address>
         <size>0x38</size>
         <input_file_ref idref="fl-23"/>
      </object_component>
      <object_component id="oc-2a">
         <name>.sysmem</name>
         <uninitialized>true</uninitialized>
         <run_address>0x8086c0</run_address>
         <size>0x8</size>
         <input_file_ref idref="fl-3e"/>
      </object_component>
      <object_component id="oc-452">
         <name>.sysmem</name>
         <uninitialized>true</uninitialized>
         <run_address>0x8086c0</run_address>
         <size>0x0</size>
      </object_component>
      <object_component id="oc-44f">
         <name>.cinit..fardata.load</name>
         <load_address>0x809f68</load_address>
         <run_address>0x809f68</run_address>
         <size>0x102</size>
      </object_component>
      <object_component id="oc-450">
         <name>.cinit..far.load</name>
         <load_address>0x80a06a</load_address>
         <run_address>0x80a06a</run_address>
         <size>0xb</size>
      </object_component>
      <object_component id="oc-44d">
         <name>__TI_handler_table</name>
         <load_address>0x80a078</load_address>
         <run_address>0x80a078</run_address>
         <size>0x8</size>
      </object_component>
      <object_component id="oc-44e">
         <name>__TI_cinit_table</name>
         <load_address>0x80a080</load_address>
         <run_address>0x80a080</run_address>
         <size>0x10</size>
      </object_component>
      <object_component id="oc-ee">
         <name>.fardata:A</name>
         <load_address>0x8099b8</load_address>
         <run_address>0x8099b8</run_address>
         <size>0x40</size>
         <input_file_ref idref="fl-2"/>
      </object_component>
      <object_component id="oc-f1">
         <name>.fardata:B</name>
         <load_address>0x809a38</load_address>
         <run_address>0x809a38</run_address>
         <size>0x20</size>
         <input_file_ref idref="fl-2"/>
      </object_component>
      <object_component id="oc-f4">
         <name>.fardata:C</name>
         <load_address>0x8099f8</load_address>
         <run_address>0x8099f8</run_address>
         <size>0x40</size>
         <input_file_ref idref="fl-2"/>
      </object_component>
      <object_component id="oc-94">
         <name>.fardata</name>
         <load_address>0x809a58</load_address>
         <run_address>0x809a58</run_address>
         <size>0xc</size>
         <input_file_ref idref="fl-3d"/>
      </object_component>
      <object_component id="oc-364">
         <name>.fardata</name>
         <load_address>0x809a64</load_address>
         <run_address>0x809a64</run_address>
         <size>0x8</size>
         <input_file_ref idref="fl-3e"/>
      </object_component>
      <object_component id="oc-146">
         <name>.fardata:_lock</name>
         <load_address>0x809a6c</load_address>
         <run_address>0x809a6c</run_address>
         <size>0x4</size>
         <input_file_ref idref="fl-3f"/>
      </object_component>
      <object_component id="oc-14c">
         <name>.fardata:_unlock</name>
         <load_address>0x809a70</load_address>
         <run_address>0x809a70</run_address>
         <size>0x4</size>
         <input_file_ref idref="fl-3f"/>
      </object_component>
      <object_component id="oc-149">
         <name>.fardata:_ftable</name>
         <load_address>0x8096c0</load_address>
         <run_address>0x8096c0</run_address>
         <size>0x1e0</size>
         <input_file_ref idref="fl-44"/>
      </object_component>
      <object_component id="oc-375">
         <name>.fardata</name>
         <load_address>0x809a74</load_address>
         <run_address>0x809a74</run_address>
         <size>0x4</size>
         <input_file_ref idref="fl-44"/>
      </object_component>
      <object_component id="oc-325">
         <name>.fardata:_device</name>
         <load_address>0x809940</load_address>
         <run_address>0x809940</run_address>
         <size>0x78</size>
         <input_file_ref idref="fl-46"/>
      </object_component>
      <object_component id="oc-2af">
         <name>.fardata:_stream</name>
         <load_address>0x8098a0</load_address>
         <run_address>0x8098a0</run_address>
         <size>0xa0</size>
         <input_file_ref idref="fl-46"/>
      </object_component>
      <object_component id="oc-28d">
         <name>.fardata</name>
         <load_address>0x809a78</load_address>
         <run_address>0x809a78</run_address>
         <size>0x4</size>
         <input_file_ref idref="fl-49"/>
      </object_component>
      <object_component id="oc-f7">
         <name>.common:MatTransA</name>
         <uninitialized>true</uninitialized>
         <run_address>0x809c00</run_address>
         <size>0x40</size>
      </object_component>
      <object_component id="oc-fa">
         <name>.common:MatEPOut</name>
         <uninitialized>true</uninitialized>
         <run_address>0x809c40</run_address>
         <size>0x20</size>
      </object_component>
      <object_component id="oc-fb">
         <name>.common:MatIPOut</name>
         <uninitialized>true</uninitialized>
         <run_address>0x809bc0</run_address>
         <size>0x40</size>
      </object_component>
      <object_component id="oc-3d2">
         <name>.common:__TI_tmpnams</name>
         <uninitialized>true</uninitialized>
         <run_address>0x809a80</run_address>
         <size>0x140</size>
      </object_component>
      <object_component id="oc-3d5">
         <name>.common:parmbuf</name>
         <uninitialized>true</uninitialized>
         <run_address>0x809c60</run_address>
         <size>0x8</size>
      </object_component>
      <object_component id="oc-f8">
         <name>.debug_info</name>
         <load_address>0x0</load_address>
         <run_address>0x0</run_address>
         <size>0x687</size>
         <input_file_ref idref="fl-2"/>
      </object_component>
      <object_component id="oc-ef">
         <name>.debug_info</name>
         <load_address>0x687</load_address>
         <run_address>0x687</run_address>
         <size>0xb4</size>
         <input_file_ref idref="fl-2"/>
      </object_component>
      <object_component id="oc-f2">
         <name>.debug_info</name>
         <load_address>0x73b</load_address>
         <run_address>0x73b</run_address>
         <size>0xb4</size>
         <input_file_ref idref="fl-2"/>
      </object_component>
      <object_component id="oc-f5">
         <name>.debug_info</name>
         <load_address>0x7ef</load_address>
         <run_address>0x7ef</run_address>
         <size>0xb4</size>
         <input_file_ref idref="fl-2"/>
      </object_component>
      <object_component id="oc-8d">
         <name>.debug_info</name>
         <load_address>0x8a3</load_address>
         <run_address>0x8a3</run_address>
         <size>0x340</size>
         <input_file_ref idref="fl-2"/>
      </object_component>
      <object_component id="oc-141">
         <name>.debug_info</name>
         <load_address>0xbe3</load_address>
         <run_address>0xbe3</run_address>
         <size>0x26b</size>
         <input_file_ref idref="fl-2"/>
      </object_component>
      <object_component id="oc-73">
         <name>.debug_info</name>
         <load_address>0xe4e</load_address>
         <run_address>0xe4e</run_address>
         <size>0xc0</size>
         <input_file_ref idref="fl-2"/>
      </object_component>
      <object_component id="oc-17a">
         <name>.debug_info</name>
         <load_address>0xf0e</load_address>
         <run_address>0xf0e</run_address>
         <size>0x275</size>
         <input_file_ref idref="fl-2"/>
      </object_component>
      <object_component id="oc-1f2">
         <name>.debug_info</name>
         <load_address>0x1183</load_address>
         <run_address>0x1183</run_address>
         <size>0x2c</size>
         <input_file_ref idref="fl-2"/>
      </object_component>
      <object_component id="oc-162">
         <name>.debug_info</name>
         <load_address>0x11af</load_address>
         <run_address>0x11af</run_address>
         <size>0x6b0</size>
         <input_file_ref idref="fl-22"/>
      </object_component>
      <object_component id="oc-151">
         <name>.debug_info</name>
         <load_address>0x185f</load_address>
         <run_address>0x185f</run_address>
         <size>0x152</size>
         <input_file_ref idref="fl-22"/>
      </object_component>
      <object_component id="oc-156">
         <name>.debug_info</name>
         <load_address>0x19b1</load_address>
         <run_address>0x19b1</run_address>
         <size>0x161</size>
         <input_file_ref idref="fl-22"/>
      </object_component>
      <object_component id="oc-fe">
         <name>.debug_info</name>
         <load_address>0x1b12</load_address>
         <run_address>0x1b12</run_address>
         <size>0x199</size>
         <input_file_ref idref="fl-22"/>
      </object_component>
      <object_component id="oc-208">
         <name>.debug_info</name>
         <load_address>0x1cab</load_address>
         <run_address>0x1cab</run_address>
         <size>0xb2</size>
         <input_file_ref idref="fl-22"/>
      </object_component>
      <object_component id="oc-1f1">
         <name>.debug_info</name>
         <load_address>0x1d5d</load_address>
         <run_address>0x1d5d</run_address>
         <size>0x80e</size>
         <input_file_ref idref="fl-23"/>
      </object_component>
      <object_component id="oc-1a8">
         <name>.debug_info</name>
         <load_address>0x256b</load_address>
         <run_address>0x256b</run_address>
         <size>0x26b</size>
         <input_file_ref idref="fl-23"/>
      </object_component>
      <object_component id="oc-1ae">
         <name>.debug_info</name>
         <load_address>0x27d6</load_address>
         <run_address>0x27d6</run_address>
         <size>0x222</size>
         <input_file_ref idref="fl-23"/>
      </object_component>
      <object_component id="oc-263">
         <name>.debug_info</name>
         <load_address>0x29f8</load_address>
         <run_address>0x29f8</run_address>
         <size>0x1a9</size>
         <input_file_ref idref="fl-23"/>
      </object_component>
      <object_component id="oc-269">
         <name>.debug_info</name>
         <load_address>0x2ba1</load_address>
         <run_address>0x2ba1</run_address>
         <size>0x21a</size>
         <input_file_ref idref="fl-23"/>
      </object_component>
      <object_component id="oc-1c0">
         <name>.debug_info</name>
         <load_address>0x2dbb</load_address>
         <run_address>0x2dbb</run_address>
         <size>0x304</size>
         <input_file_ref idref="fl-23"/>
      </object_component>
      <object_component id="oc-270">
         <name>.debug_info</name>
         <load_address>0x30bf</load_address>
         <run_address>0x30bf</run_address>
         <size>0x246</size>
         <input_file_ref idref="fl-23"/>
      </object_component>
      <object_component id="oc-1c6">
         <name>.debug_info</name>
         <load_address>0x3305</load_address>
         <run_address>0x3305</run_address>
         <size>0x272</size>
         <input_file_ref idref="fl-23"/>
      </object_component>
      <object_component id="oc-1cd">
         <name>.debug_info</name>
         <load_address>0x3577</load_address>
         <run_address>0x3577</run_address>
         <size>0x2ec</size>
         <input_file_ref idref="fl-23"/>
      </object_component>
      <object_component id="oc-1d2">
         <name>.debug_info</name>
         <load_address>0x3863</load_address>
         <run_address>0x3863</run_address>
         <size>0x4ac</size>
         <input_file_ref idref="fl-23"/>
      </object_component>
      <object_component id="oc-15c">
         <name>.debug_info</name>
         <load_address>0x3d0f</load_address>
         <run_address>0x3d0f</run_address>
         <size>0x6b0</size>
         <input_file_ref idref="fl-23"/>
      </object_component>
      <object_component id="oc-1f7">
         <name>.debug_info</name>
         <load_address>0x43bf</load_address>
         <run_address>0x43bf</run_address>
         <size>0x86</size>
         <input_file_ref idref="fl-23"/>
      </object_component>
      <object_component id="oc-295">
         <name>.debug_info</name>
         <load_address>0x4445</load_address>
         <run_address>0x4445</run_address>
         <size>0x39</size>
         <input_file_ref idref="fl-23"/>
      </object_component>
      <object_component id="oc-2fb">
         <name>.debug_info</name>
         <load_address>0x447e</load_address>
         <run_address>0x447e</run_address>
         <size>0x94</size>
         <input_file_ref idref="fl-23"/>
      </object_component>
      <object_component id="oc-29a">
         <name>.debug_info</name>
         <load_address>0x4512</load_address>
         <run_address>0x4512</run_address>
         <size>0x46</size>
         <input_file_ref idref="fl-23"/>
      </object_component>
      <object_component id="oc-201">
         <name>.debug_info</name>
         <load_address>0x4558</load_address>
         <run_address>0x4558</run_address>
         <size>0x46</size>
         <input_file_ref idref="fl-23"/>
      </object_component>
      <object_component id="oc-1fc">
         <name>.debug_info</name>
         <load_address>0x459e</load_address>
         <run_address>0x459e</run_address>
         <size>0x2c</size>
         <input_file_ref idref="fl-23"/>
      </object_component>
      <object_component id="oc-238">
         <name>.debug_info</name>
         <load_address>0x45ca</load_address>
         <run_address>0x45ca</run_address>
         <size>0x64e</size>
         <input_file_ref idref="fl-24"/>
      </object_component>
      <object_component id="oc-191">
         <name>.debug_info</name>
         <load_address>0x4c18</load_address>
         <run_address>0x4c18</run_address>
         <size>0x213</size>
         <input_file_ref idref="fl-24"/>
      </object_component>
      <object_component id="oc-23a">
         <name>.debug_info</name>
         <load_address>0x4e2b</load_address>
         <run_address>0x4e2b</run_address>
         <size>0x65f</size>
         <input_file_ref idref="fl-25"/>
      </object_component>
      <object_component id="oc-199">
         <name>.debug_info</name>
         <load_address>0x548a</load_address>
         <run_address>0x548a</run_address>
         <size>0x326</size>
         <input_file_ref idref="fl-25"/>
      </object_component>
      <object_component id="oc-e0">
         <name>.debug_info</name>
         <load_address>0x57b0</load_address>
         <run_address>0x57b0</run_address>
         <size>0x2c</size>
         <input_file_ref idref="fl-25"/>
      </object_component>
      <object_component id="oc-2ac">
         <name>.debug_info</name>
         <load_address>0x57dc</load_address>
         <run_address>0x57dc</run_address>
         <size>0x5ca</size>
         <input_file_ref idref="fl-26"/>
      </object_component>
      <object_component id="oc-227">
         <name>.debug_info</name>
         <load_address>0x5da6</load_address>
         <run_address>0x5da6</run_address>
         <size>0x18c</size>
         <input_file_ref idref="fl-26"/>
      </object_component>
      <object_component id="oc-31c">
         <name>.debug_info</name>
         <load_address>0x5f32</load_address>
         <run_address>0x5f32</run_address>
         <size>0xbf</size>
         <input_file_ref idref="fl-26"/>
      </object_component>
      <object_component id="oc-31b">
         <name>.debug_info</name>
         <load_address>0x5ff1</load_address>
         <run_address>0x5ff1</run_address>
         <size>0x634</size>
         <input_file_ref idref="fl-27"/>
      </object_component>
      <object_component id="oc-2a6">
         <name>.debug_info</name>
         <load_address>0x6625</load_address>
         <run_address>0x6625</run_address>
         <size>0x22c</size>
         <input_file_ref idref="fl-27"/>
      </object_component>
      <object_component id="oc-19f">
         <name>.debug_info</name>
         <load_address>0x6851</load_address>
         <run_address>0x6851</run_address>
         <size>0x10f</size>
         <input_file_ref idref="fl-28"/>
      </object_component>
      <object_component id="oc-1eb">
         <name>.debug_info</name>
         <load_address>0x6960</load_address>
         <run_address>0x6960</run_address>
         <size>0x10d</size>
         <input_file_ref idref="fl-28"/>
      </object_component>
      <object_component id="oc-24e">
         <name>.debug_info</name>
         <load_address>0x6a6d</load_address>
         <run_address>0x6a6d</run_address>
         <size>0x115</size>
         <input_file_ref idref="fl-29"/>
      </object_component>
      <object_component id="oc-2e">
         <name>.debug_info</name>
         <load_address>0x6b82</load_address>
         <run_address>0x6b82</run_address>
         <size>0x122</size>
         <input_file_ref idref="fl-2a"/>
      </object_component>
      <object_component id="oc-67">
         <name>.debug_info</name>
         <load_address>0x6ca4</load_address>
         <run_address>0x6ca4</run_address>
         <size>0x5df</size>
         <input_file_ref idref="fl-2b"/>
      </object_component>
      <object_component id="oc-28">
         <name>.debug_info</name>
         <load_address>0x7283</load_address>
         <run_address>0x7283</run_address>
         <size>0xf6</size>
         <input_file_ref idref="fl-2b"/>
      </object_component>
      <object_component id="oc-22">
         <name>.debug_info</name>
         <load_address>0x7379</load_address>
         <run_address>0x7379</run_address>
         <size>0x183</size>
         <input_file_ref idref="fl-2b"/>
      </object_component>
      <object_component id="oc-2d2">
         <name>.debug_info</name>
         <load_address>0x74fc</load_address>
         <run_address>0x74fc</run_address>
         <size>0x554</size>
         <input_file_ref idref="fl-2c"/>
      </object_component>
      <object_component id="oc-24a">
         <name>.debug_info</name>
         <load_address>0x7a50</load_address>
         <run_address>0x7a50</run_address>
         <size>0x1d6</size>
         <input_file_ref idref="fl-2c"/>
      </object_component>
      <object_component id="oc-2d0">
         <name>.debug_info</name>
         <load_address>0x7c26</load_address>
         <run_address>0x7c26</run_address>
         <size>0x574</size>
         <input_file_ref idref="fl-2d"/>
      </object_component>
      <object_component id="oc-2c7">
         <name>.debug_info</name>
         <load_address>0x819a</load_address>
         <run_address>0x819a</run_address>
         <size>0x184</size>
         <input_file_ref idref="fl-2d"/>
      </object_component>
      <object_component id="oc-245">
         <name>.debug_info</name>
         <load_address>0x831e</load_address>
         <run_address>0x831e</run_address>
         <size>0x26a</size>
         <input_file_ref idref="fl-2d"/>
      </object_component>
      <object_component id="oc-33e">
         <name>.debug_info</name>
         <load_address>0x8588</load_address>
         <run_address>0x8588</run_address>
         <size>0x554</size>
         <input_file_ref idref="fl-2e"/>
      </object_component>
      <object_component id="oc-2cb">
         <name>.debug_info</name>
         <load_address>0x8adc</load_address>
         <run_address>0x8adc</run_address>
         <size>0x1a5</size>
         <input_file_ref idref="fl-2e"/>
      </object_component>
      <object_component id="oc-2bf">
         <name>.debug_info</name>
         <load_address>0x8c81</load_address>
         <run_address>0x8c81</run_address>
         <size>0x18c</size>
         <input_file_ref idref="fl-2e"/>
      </object_component>
      <object_component id="oc-339">
         <name>.debug_info</name>
         <load_address>0x8e0d</load_address>
         <run_address>0x8e0d</run_address>
         <size>0x39</size>
         <input_file_ref idref="fl-2e"/>
      </object_component>
      <object_component id="oc-3ad">
         <name>.debug_info</name>
         <load_address>0x8e46</load_address>
         <run_address>0x8e46</run_address>
         <size>0x2c</size>
         <input_file_ref idref="fl-2e"/>
      </object_component>
      <object_component id="oc-df">
         <name>.debug_info</name>
         <load_address>0x8e72</load_address>
         <run_address>0x8e72</run_address>
         <size>0x564</size>
         <input_file_ref idref="fl-2f"/>
      </object_component>
      <object_component id="oc-7c">
         <name>.debug_info</name>
         <load_address>0x93d6</load_address>
         <run_address>0x93d6</run_address>
         <size>0x22a</size>
         <input_file_ref idref="fl-2f"/>
      </object_component>
      <object_component id="oc-122">
         <name>.debug_info</name>
         <load_address>0x9600</load_address>
         <run_address>0x9600</run_address>
         <size>0x7c4</size>
         <input_file_ref idref="fl-30"/>
      </object_component>
      <object_component id="oc-a2">
         <name>.debug_info</name>
         <load_address>0x9dc4</load_address>
         <run_address>0x9dc4</run_address>
         <size>0x1b0</size>
         <input_file_ref idref="fl-30"/>
      </object_component>
      <object_component id="oc-169">
         <name>.debug_info</name>
         <load_address>0x9f74</load_address>
         <run_address>0x9f74</run_address>
         <size>0x39</size>
         <input_file_ref idref="fl-30"/>
      </object_component>
      <object_component id="oc-175">
         <name>.debug_info</name>
         <load_address>0x9fad</load_address>
         <run_address>0x9fad</run_address>
         <size>0x39</size>
         <input_file_ref idref="fl-30"/>
      </object_component>
      <object_component id="oc-12d">
         <name>.debug_info</name>
         <load_address>0x9fe6</load_address>
         <run_address>0x9fe6</run_address>
         <size>0x39</size>
         <input_file_ref idref="fl-30"/>
      </object_component>
      <object_component id="oc-16e">
         <name>.debug_info</name>
         <load_address>0xa01f</load_address>
         <run_address>0xa01f</run_address>
         <size>0xcd</size>
         <input_file_ref idref="fl-30"/>
      </object_component>
      <object_component id="oc-5e">
         <name>.debug_info</name>
         <load_address>0xa0ec</load_address>
         <run_address>0xa0ec</run_address>
         <size>0x149</size>
         <input_file_ref idref="fl-31"/>
      </object_component>
      <object_component id="oc-118">
         <name>.debug_info</name>
         <load_address>0xa235</load_address>
         <run_address>0xa235</run_address>
         <size>0x146</size>
         <input_file_ref idref="fl-32"/>
      </object_component>
      <object_component id="oc-38">
         <name>.debug_info</name>
         <load_address>0xa37b</load_address>
         <run_address>0xa37b</run_address>
         <size>0x56d</size>
         <input_file_ref idref="fl-35"/>
      </object_component>
      <object_component id="oc-15">
         <name>.debug_info</name>
         <load_address>0xa8e8</load_address>
         <run_address>0xa8e8</run_address>
         <size>0x1cd</size>
         <input_file_ref idref="fl-35"/>
      </object_component>
      <object_component id="oc-33">
         <name>.debug_info</name>
         <load_address>0xaab5</load_address>
         <run_address>0xaab5</run_address>
         <size>0x46</size>
         <input_file_ref idref="fl-35"/>
      </object_component>
      <object_component id="oc-6c">
         <name>.debug_info</name>
         <load_address>0xaafb</load_address>
         <run_address>0xaafb</run_address>
         <size>0x2c</size>
         <input_file_ref idref="fl-35"/>
      </object_component>
      <object_component id="oc-7f">
         <name>.debug_info</name>
         <load_address>0xab27</load_address>
         <run_address>0xab27</run_address>
         <size>0x59e</size>
         <input_file_ref idref="fl-36"/>
      </object_component>
      <object_component id="oc-3c">
         <name>.debug_info</name>
         <load_address>0xb0c5</load_address>
         <run_address>0xb0c5</run_address>
         <size>0x255</size>
         <input_file_ref idref="fl-36"/>
      </object_component>
      <object_component id="oc-1b">
         <name>.debug_info</name>
         <load_address>0xb31a</load_address>
         <run_address>0xb31a</run_address>
         <size>0x1b2</size>
         <input_file_ref idref="fl-36"/>
      </object_component>
      <object_component id="oc-40">
         <name>.debug_info</name>
         <load_address>0xb4cc</load_address>
         <run_address>0xb4cc</run_address>
         <size>0x46</size>
         <input_file_ref idref="fl-36"/>
      </object_component>
      <object_component id="oc-e7">
         <name>.debug_info</name>
         <load_address>0xb512</load_address>
         <run_address>0xb512</run_address>
         <size>0x39</size>
         <input_file_ref idref="fl-36"/>
      </object_component>
      <object_component id="oc-80">
         <name>.debug_info</name>
         <load_address>0xb54b</load_address>
         <run_address>0xb54b</run_address>
         <size>0x2c</size>
         <input_file_ref idref="fl-36"/>
      </object_component>
      <object_component id="oc-2eb">
         <name>.debug_info</name>
         <load_address>0xb577</load_address>
         <run_address>0xb577</run_address>
         <size>0x58b</size>
         <input_file_ref idref="fl-37"/>
      </object_component>
      <object_component id="oc-27a">
         <name>.debug_info</name>
         <load_address>0xbb02</load_address>
         <run_address>0xbb02</run_address>
         <size>0x1f2</size>
         <input_file_ref idref="fl-37"/>
      </object_component>
      <object_component id="oc-1b4">
         <name>.debug_info</name>
         <load_address>0xbcf4</load_address>
         <run_address>0xbcf4</run_address>
         <size>0x147</size>
         <input_file_ref idref="fl-38"/>
      </object_component>
      <object_component id="oc-2db">
         <name>.debug_info</name>
         <load_address>0xbe3b</load_address>
         <run_address>0xbe3b</run_address>
         <size>0x7f</size>
         <input_file_ref idref="fl-38"/>
      </object_component>
      <object_component id="oc-3b9">
         <name>.debug_info</name>
         <load_address>0xbeba</load_address>
         <run_address>0xbeba</run_address>
         <size>0x53</size>
         <input_file_ref idref="fl-38"/>
      </object_component>
      <object_component id="oc-350">
         <name>.debug_info</name>
         <load_address>0xbf0d</load_address>
         <run_address>0xbf0d</run_address>
         <size>0x2c</size>
         <input_file_ref idref="fl-38"/>
      </object_component>
      <object_component id="oc-34b">
         <name>.debug_info</name>
         <load_address>0xbf39</load_address>
         <run_address>0xbf39</run_address>
         <size>0x39</size>
         <input_file_ref idref="fl-38"/>
      </object_component>
      <object_component id="oc-2ed">
         <name>.debug_info</name>
         <load_address>0xbf72</load_address>
         <run_address>0xbf72</run_address>
         <size>0x58b</size>
         <input_file_ref idref="fl-39"/>
      </object_component>
      <object_component id="oc-27f">
         <name>.debug_info</name>
         <load_address>0xc4fd</load_address>
         <run_address>0xc4fd</run_address>
         <size>0x1cb</size>
         <input_file_ref idref="fl-39"/>
      </object_component>
      <object_component id="oc-1bd">
         <name>.debug_info</name>
         <load_address>0xc6c8</load_address>
         <run_address>0xc6c8</run_address>
         <size>0x141</size>
         <input_file_ref idref="fl-3a"/>
      </object_component>
      <object_component id="oc-257">
         <name>.debug_info</name>
         <load_address>0xc809</load_address>
         <run_address>0xc809</run_address>
         <size>0x246</size>
         <input_file_ref idref="fl-3b"/>
      </object_component>
      <object_component id="oc-355">
         <name>.debug_info</name>
         <load_address>0xca4f</load_address>
         <run_address>0xca4f</run_address>
         <size>0x60</size>
         <input_file_ref idref="fl-3b"/>
      </object_component>
      <object_component id="oc-2e0">
         <name>.debug_info</name>
         <load_address>0xcaaf</load_address>
         <run_address>0xcaaf</run_address>
         <size>0x46</size>
         <input_file_ref idref="fl-3b"/>
      </object_component>
      <object_component id="oc-2d5">
         <name>.debug_info</name>
         <load_address>0xcaf5</load_address>
         <run_address>0xcaf5</run_address>
         <size>0x168</size>
         <input_file_ref idref="fl-3c"/>
      </object_component>
      <object_component id="oc-3b4">
         <name>.debug_info</name>
         <load_address>0xcc5d</load_address>
         <run_address>0xcc5d</run_address>
         <size>0x2c</size>
         <input_file_ref idref="fl-3c"/>
      </object_component>
      <object_component id="oc-346">
         <name>.debug_info</name>
         <load_address>0xcc89</load_address>
         <run_address>0xcc89</run_address>
         <size>0x2c</size>
         <input_file_ref idref="fl-3c"/>
      </object_component>
      <object_component id="oc-9e">
         <name>.debug_info</name>
         <load_address>0xccb5</load_address>
         <run_address>0xccb5</run_address>
         <size>0x59c</size>
         <input_file_ref idref="fl-3d"/>
      </object_component>
      <object_component id="oc-95">
         <name>.debug_info</name>
         <load_address>0xd251</load_address>
         <run_address>0xd251</run_address>
         <size>0x186</size>
         <input_file_ref idref="fl-3d"/>
      </object_component>
      <object_component id="oc-98">
         <name>.debug_info</name>
         <load_address>0xd3d7</load_address>
         <run_address>0xd3d7</run_address>
         <size>0x118</size>
         <input_file_ref idref="fl-3d"/>
      </object_component>
      <object_component id="oc-58">
         <name>.debug_info</name>
         <load_address>0xd4ef</load_address>
         <run_address>0xd4ef</run_address>
         <size>0x178</size>
         <input_file_ref idref="fl-3d"/>
      </object_component>
      <object_component id="oc-6a">
         <name>.debug_info</name>
         <load_address>0xd667</load_address>
         <run_address>0xd667</run_address>
         <size>0x60e</size>
         <input_file_ref idref="fl-3e"/>
      </object_component>
      <object_component id="oc-2b">
         <name>.debug_info</name>
         <load_address>0xdc75</load_address>
         <run_address>0xdc75</run_address>
         <size>0x102</size>
         <input_file_ref idref="fl-3e"/>
      </object_component>
      <object_component id="oc-365">
         <name>.debug_info</name>
         <load_address>0xdd77</load_address>
         <run_address>0xdd77</run_address>
         <size>0x125</size>
         <input_file_ref idref="fl-3e"/>
      </object_component>
      <object_component id="oc-370">
         <name>.debug_info</name>
         <load_address>0xde9c</load_address>
         <run_address>0xde9c</run_address>
         <size>0x173</size>
         <input_file_ref idref="fl-3e"/>
      </object_component>
      <object_component id="oc-36a">
         <name>.debug_info</name>
         <load_address>0xe00f</load_address>
         <run_address>0xe00f</run_address>
         <size>0x172</size>
         <input_file_ref idref="fl-3e"/>
      </object_component>
      <object_component id="oc-311">
         <name>.debug_info</name>
         <load_address>0xe181</load_address>
         <run_address>0xe181</run_address>
         <size>0x1dd</size>
         <input_file_ref idref="fl-3e"/>
      </object_component>
      <object_component id="oc-30b">
         <name>.debug_info</name>
         <load_address>0xe35e</load_address>
         <run_address>0xe35e</run_address>
         <size>0x28b</size>
         <input_file_ref idref="fl-3e"/>
      </object_component>
      <object_component id="oc-d4">
         <name>.debug_info</name>
         <load_address>0xe5e9</load_address>
         <run_address>0xe5e9</run_address>
         <size>0x2c</size>
         <input_file_ref idref="fl-3e"/>
      </object_component>
      <object_component id="oc-d9">
         <name>.debug_info</name>
         <load_address>0xe615</load_address>
         <run_address>0xe615</run_address>
         <size>0x62</size>
         <input_file_ref idref="fl-3e"/>
      </object_component>
      <object_component id="oc-187">
         <name>.debug_info</name>
         <load_address>0xe677</load_address>
         <run_address>0xe677</run_address>
         <size>0x555</size>
         <input_file_ref idref="fl-3f"/>
      </object_component>
      <object_component id="oc-147">
         <name>.debug_info</name>
         <load_address>0xebcc</load_address>
         <run_address>0xebcc</run_address>
         <size>0xf5</size>
         <input_file_ref idref="fl-3f"/>
      </object_component>
      <object_component id="oc-14d">
         <name>.debug_info</name>
         <load_address>0xecc1</load_address>
         <run_address>0xecc1</run_address>
         <size>0xf9</size>
         <input_file_ref idref="fl-3f"/>
      </object_component>
      <object_component id="oc-180">
         <name>.debug_info</name>
         <load_address>0xedba</load_address>
         <run_address>0xedba</run_address>
         <size>0x124</size>
         <input_file_ref idref="fl-3f"/>
      </object_component>
      <object_component id="oc-2e6">
         <name>.debug_info</name>
         <load_address>0xeede</load_address>
         <run_address>0xeede</run_address>
         <size>0x561</size>
         <input_file_ref idref="fl-40"/>
      </object_component>
      <object_component id="oc-25f">
         <name>.debug_info</name>
         <load_address>0xf43f</load_address>
         <run_address>0xf43f</run_address>
         <size>0x1c1</size>
         <input_file_ref idref="fl-40"/>
      </object_component>
      <object_component id="oc-93">
         <name>.debug_info</name>
         <load_address>0xf600</load_address>
         <run_address>0xf600</run_address>
         <size>0x5a9</size>
         <input_file_ref idref="fl-41"/>
      </object_component>
      <object_component id="oc-52">
         <name>.debug_info</name>
         <load_address>0xfba9</load_address>
         <run_address>0xfba9</run_address>
         <size>0x168</size>
         <input_file_ref idref="fl-41"/>
      </object_component>
      <object_component id="oc-10b">
         <name>.debug_info</name>
         <load_address>0xfd11</load_address>
         <run_address>0xfd11</run_address>
         <size>0x5e</size>
         <input_file_ref idref="fl-41"/>
      </object_component>
      <object_component id="oc-240">
         <name>.debug_info</name>
         <load_address>0xfd6f</load_address>
         <run_address>0xfd6f</run_address>
         <size>0x583</size>
         <input_file_ref idref="fl-42"/>
      </object_component>
      <object_component id="oc-1a2">
         <name>.debug_info</name>
         <load_address>0x102f2</load_address>
         <run_address>0x102f2</run_address>
         <size>0x172</size>
         <input_file_ref idref="fl-42"/>
      </object_component>
      <object_component id="oc-2ba">
         <name>.debug_info</name>
         <load_address>0x10464</load_address>
         <run_address>0x10464</run_address>
         <size>0xef</size>
         <input_file_ref idref="fl-43"/>
      </object_component>
      <object_component id="oc-23d">
         <name>.debug_info</name>
         <load_address>0x10553</load_address>
         <run_address>0x10553</run_address>
         <size>0xfb</size>
         <input_file_ref idref="fl-43"/>
      </object_component>
      <object_component id="oc-18a">
         <name>.debug_info</name>
         <load_address>0x1064e</load_address>
         <run_address>0x1064e</run_address>
         <size>0x136</size>
         <input_file_ref idref="fl-44"/>
      </object_component>
      <object_component id="oc-14a">
         <name>.debug_info</name>
         <load_address>0x10784</load_address>
         <run_address>0x10784</run_address>
         <size>0xf8</size>
         <input_file_ref idref="fl-44"/>
      </object_component>
      <object_component id="oc-376">
         <name>.debug_info</name>
         <load_address>0x1087c</load_address>
         <run_address>0x1087c</run_address>
         <size>0x100</size>
         <input_file_ref idref="fl-44"/>
      </object_component>
      <object_component id="oc-285">
         <name>.debug_info</name>
         <load_address>0x1097c</load_address>
         <run_address>0x1097c</run_address>
         <size>0x560</size>
         <input_file_ref idref="fl-45"/>
      </object_component>
      <object_component id="oc-1d8">
         <name>.debug_info</name>
         <load_address>0x10edc</load_address>
         <run_address>0x10edc</run_address>
         <size>0x1a3</size>
         <input_file_ref idref="fl-45"/>
      </object_component>
      <object_component id="oc-2b3">
         <name>.debug_info</name>
         <load_address>0x1107f</load_address>
         <run_address>0x1107f</run_address>
         <size>0x79f</size>
         <input_file_ref idref="fl-46"/>
      </object_component>
      <object_component id="oc-326">
         <name>.debug_info</name>
         <load_address>0x1181e</load_address>
         <run_address>0x1181e</run_address>
         <size>0xf9</size>
         <input_file_ref idref="fl-46"/>
      </object_component>
      <object_component id="oc-2b0">
         <name>.debug_info</name>
         <load_address>0x11917</load_address>
         <run_address>0x11917</run_address>
         <size>0xf9</size>
         <input_file_ref idref="fl-46"/>
      </object_component>
      <object_component id="oc-234">
         <name>.debug_info</name>
         <load_address>0x11a10</load_address>
         <run_address>0x11a10</run_address>
         <size>0x194</size>
         <input_file_ref idref="fl-46"/>
      </object_component>
      <object_component id="oc-32c">
         <name>.debug_info</name>
         <load_address>0x11ba4</load_address>
         <run_address>0x11ba4</run_address>
         <size>0x120</size>
         <input_file_ref idref="fl-46"/>
      </object_component>
      <object_component id="oc-331">
         <name>.debug_info</name>
         <load_address>0x11cc4</load_address>
         <run_address>0x11cc4</run_address>
         <size>0x2c</size>
         <input_file_ref idref="fl-46"/>
      </object_component>
      <object_component id="oc-166">
         <name>.debug_info</name>
         <load_address>0x11cf0</load_address>
         <run_address>0x11cf0</run_address>
         <size>0x6fa</size>
         <input_file_ref idref="fl-47"/>
      </object_component>
      <object_component id="oc-11e">
         <name>.debug_info</name>
         <load_address>0x123ea</load_address>
         <run_address>0x123ea</run_address>
         <size>0x210</size>
         <input_file_ref idref="fl-47"/>
      </object_component>
      <object_component id="oc-20f">
         <name>.debug_info</name>
         <load_address>0x125fa</load_address>
         <run_address>0x125fa</run_address>
         <size>0x2c</size>
         <input_file_ref idref="fl-47"/>
      </object_component>
      <object_component id="oc-214">
         <name>.debug_info</name>
         <load_address>0x12626</load_address>
         <run_address>0x12626</run_address>
         <size>0x39</size>
         <input_file_ref idref="fl-47"/>
      </object_component>
      <object_component id="oc-291">
         <name>.debug_info</name>
         <load_address>0x1265f</load_address>
         <run_address>0x1265f</run_address>
         <size>0x54e</size>
         <input_file_ref idref="fl-49"/>
      </object_component>
      <object_component id="oc-28e">
         <name>.debug_info</name>
         <load_address>0x12bad</load_address>
         <run_address>0x12bad</run_address>
         <size>0xf9</size>
         <input_file_ref idref="fl-49"/>
      </object_component>
      <object_component id="oc-1e5">
         <name>.debug_info</name>
         <load_address>0x12ca6</load_address>
         <run_address>0x12ca6</run_address>
         <size>0x146</size>
         <input_file_ref idref="fl-49"/>
      </object_component>
      <object_component id="oc-28c">
         <name>.debug_info</name>
         <load_address>0x12dec</load_address>
         <run_address>0x12dec</run_address>
         <size>0x559</size>
         <input_file_ref idref="fl-4a"/>
      </object_component>
      <object_component id="oc-1de">
         <name>.debug_info</name>
         <load_address>0x13345</load_address>
         <run_address>0x13345</run_address>
         <size>0x150</size>
         <input_file_ref idref="fl-4a"/>
      </object_component>
      <object_component id="oc-2f0">
         <name>.debug_info</name>
         <load_address>0x13495</load_address>
         <run_address>0x13495</run_address>
         <size>0x46</size>
         <input_file_ref idref="fl-4a"/>
      </object_component>
      <object_component id="oc-287">
         <name>.debug_info</name>
         <load_address>0x134db</load_address>
         <run_address>0x134db</run_address>
         <size>0x39</size>
         <input_file_ref idref="fl-4a"/>
      </object_component>
      <object_component id="oc-2ae">
         <name>.debug_info</name>
         <load_address>0x13514</load_address>
         <run_address>0x13514</run_address>
         <size>0x612</size>
         <input_file_ref idref="fl-4b"/>
      </object_component>
      <object_component id="oc-22c">
         <name>.debug_info</name>
         <load_address>0x13b26</load_address>
         <run_address>0x13b26</run_address>
         <size>0x17a</size>
         <input_file_ref idref="fl-4b"/>
      </object_component>
      <object_component id="oc-315">
         <name>.debug_info</name>
         <load_address>0x13ca0</load_address>
         <run_address>0x13ca0</run_address>
         <size>0x16c</size>
         <input_file_ref idref="fl-4c"/>
      </object_component>
      <object_component id="oc-307">
         <name>.debug_info</name>
         <load_address>0x13e0c</load_address>
         <run_address>0x13e0c</run_address>
         <size>0x5ee</size>
         <input_file_ref idref="fl-4d"/>
      </object_component>
      <object_component id="oc-2a0">
         <name>.debug_info</name>
         <load_address>0x143fa</load_address>
         <run_address>0x143fa</run_address>
         <size>0x20d</size>
         <input_file_ref idref="fl-4d"/>
      </object_component>
      <object_component id="oc-361">
         <name>.debug_info</name>
         <load_address>0x14607</load_address>
         <run_address>0x14607</run_address>
         <size>0x661</size>
         <input_file_ref idref="fl-4f"/>
      </object_component>
      <object_component id="oc-303">
         <name>.debug_info</name>
         <load_address>0x14c68</load_address>
         <run_address>0x14c68</run_address>
         <size>0x1a0</size>
         <input_file_ref idref="fl-4f"/>
      </object_component>
      <object_component id="oc-3e6">
         <name>.debug_info</name>
         <load_address>0x14e08</load_address>
         <run_address>0x14e08</run_address>
         <size>0x63d</size>
         <input_file_ref idref="fl-51"/>
      </object_component>
      <object_component id="oc-38a">
         <name>.debug_info</name>
         <load_address>0x15445</load_address>
         <run_address>0x15445</run_address>
         <size>0x1b2</size>
         <input_file_ref idref="fl-51"/>
      </object_component>
      <object_component id="oc-3ec">
         <name>.debug_info</name>
         <load_address>0x155f7</load_address>
         <run_address>0x155f7</run_address>
         <size>0x642</size>
         <input_file_ref idref="fl-52"/>
      </object_component>
      <object_component id="oc-39a">
         <name>.debug_info</name>
         <load_address>0x15c39</load_address>
         <run_address>0x15c39</run_address>
         <size>0x1f1</size>
         <input_file_ref idref="fl-52"/>
      </object_component>
      <object_component id="oc-3d6">
         <name>.debug_info</name>
         <load_address>0x15e2a</load_address>
         <run_address>0x15e2a</run_address>
         <size>0x64b</size>
         <input_file_ref idref="fl-53"/>
      </object_component>
      <object_component id="oc-383">
         <name>.debug_info</name>
[...]
               <start_address>0x809a7c</start_address>
               <size>0x4</size>
            </available_space>
            <allocated_space>
               <start_address>0x809a80</start_address>
               <size>0x1e8</size>
               <logical_group_ref idref="lg-12"/>
            </allocated_space>
            <allocated_space>
               <start_address>0x809c68</start_address>
               <size>0x1a4</size>
               <logical_group_ref idref="lg-6"/>
            </allocated_space>
            <available_space>
               <start_address>0x809e0c</start_address>
               <size>0x4</size>
            </available_space>
            <allocated_space>
               <start_address>0x809e10</start_address>
               <size>0x120</size>
               <logical_group_ref idref="lg-4"/>
            </allocated_space>
            <allocated_space>
               <start_address>0x809f30</start_address>
               <size>0x38</size>
               <logical_group_ref idref="lg-8"/>
            </allocated_space>
            <allocated_space>
               <start_address>0x809f68</start_address>
               <size>0x128</size>
               <logical_group_ref idref="lg-b"/>
            </allocated_space>
            <available_space>
               <start_address>0x80a090</start_address>
               <size>0x35f70</size>
            </available_space>
         </usage_details>
      </memory_area>
      <memory_area display="yes" color="green">
         <name>SHRAM</name>
         <page_id>0x0</page_id>
         <origin>0x80000000</origin>
         <length>0x20000</length>
         <used_space>0x0</used_space>
         <unused_space>0x20000</unused_space>
         <attributes>RWIX</attributes>
         <usage_details>
         </usage_details>
      </memory_area>
      <memory_area display="yes" color="green">
         <name>DDR2</name>
         <page_id>0x0</page_id>
         <origin>0xc0000000</origin>
         <length>0x8000000</length>
         <used_space>0x0</used_space>
         <unused_space>0x8000000</unused_space>
         <attributes>RWIX</attributes>
         <usage_details>
         </usage_details>
      </memory_area>
   </placement_map>
   <cptbl_list>
      <cptbl>
         <name>__TI_cinit_table</name>
         <cprec>
            <name>.fardata</name>
            <load_address>0x809f68</load_address>
            <load_size>0x102</load_size>
            <run_address>0x8096c0</run_address>
            <run_size>0x3bc</run_size>
            <compression>rle</compression>
         </cprec>
         <cprec>
            <name>.far</name>
            <load_address>0x80a06a</load_address>
            <load_size>0xb</load_size>
            <run_address>0x809a80</run_address>
            <run_size>0x1e8</run_size>
            <compression>rle</compression>
         </cprec>
      </cptbl>
   </cptbl_list>
   <handler_table>
      <handler_table_name>__TI_handler_table</handler_table_name>
      <handler>
         <index>0x0</index>
         <name>__TI_decompress_rle24</name>
      </handler>
      <handler>
         <index>0x1</index>
         <name>__TI_decompress_none</name>
      </handler>
   </handler_table>
   <symbol_table>
      <symbol id="sm-1">
         <name>__TI_CINIT_Base</name>
         <value>0x80a080</value>
      </symbol>
      <symbol id="sm-2">
         <name>__TI_CINIT_Limit</name>
         <value>0x80a090</value>
      </symbol>
      <symbol id="sm-3">
         <name>__TI_Handler_Table_Base</name>
         <value>0x80a078</value>
      </symbol>
      <symbol id="sm-4">
         <name>__TI_Handler_Table_Limit</name>
         <value>0x80a080</value>
      </symbol>
      <symbol id="sm-5">
         <name>binit</name>
         <value>0xffffffff</value>
      </symbol>
      <symbol id="sm-6">
         <name>__binit__</name>
         <value>0xffffffff</value>
      </symbol>
      <symbol id="sm-7">
         <name>__TI_STACK_SIZE</name>
         <value>0x1000</value>
      </symbol>
      <symbol id="sm-8">
         <name>__TI_STACK_END</name>
         <value>0x8086c0</value>
      </symbol>
      <symbol id="sm-9">
         <name>__TI_SYSMEM_SIZE</name>
         <value>0x1000</value>
      </symbol>
      <symbol id="sm-a">
         <name>__c_args__</name>
         <value>0xffffffff</value>
      </symbol>
      <symbol id="sm-b">
         <name>__TI_pprof_out_hndl</name>
         <value>0xffffffff</value>
      </symbol>
      <symbol id="sm-c">
         <name>__TI_prof_data_start</name>
         <value>0xffffffff</value>
      </symbol>
      <symbol id="sm-d">
         <name>__TI_prof_data_size</name>
         <value>0xffffffff</value>
      </symbol>
      <symbol id="sm-94">
         <name>MatTransA</name>
         <value>0x809c00</value>
      </symbol>
      <symbol id="sm-95">
         <name>MatEPOut</name>
         <value>0x809c40</value>
      </symbol>
      <symbol id="sm-96">
         <name>MatIPOut</name>
         <value>0x809bc0</value>
      </symbol>
      <symbol id="sm-97">
         <name>C</name>
         <value>0x8099f8</value>
         <object_component_ref idref="oc-f4"/>
      </symbol>
      <symbol id="sm-98">
         <name>B</name>
         <value>0x809a38</value>
         <object_component_ref idref="oc-f1"/>
      </symbol>
      <symbol id="sm-99">
         <name>A</name>
         <value>0x8099b8</value>
         <object_component_ref idref="oc-ee"/>
      </symbol>
      <symbol id="sm-9a">
         <name>main</name>
         <value>0x802d98</value>
         <object_component_ref idref="oc-8c"/>
      </symbol>
      <symbol id="sm-9b">
         <name>MAT_mul_IP</name>
         <value>0x802d20</value>
         <object_component_ref idref="oc-8c"/>
      </symbol>
      <symbol id="sm-c3">
         <name>printf</name>
         <value>0x806600</value>
         <object_component_ref idref="oc-fc"/>
      </symbol>
      <symbol id="sm-2dd">
         <name>__TI_printfi</name>
         <value>0x800000</value>
         <object_component_ref idref="oc-15b"/>
      </symbol>
      <symbol id="sm-2fc">
         <name>putc</name>
         <value>0x804c80</value>
         <object_component_ref idref="oc-18e"/>
      </symbol>
      <symbol id="sm-2fd">
         <name>fputc</name>
         <value>0x804c80</value>
         <object_component_ref idref="oc-18e"/>
      </symbol>
      <symbol id="sm-331">
         <name>fputs</name>
         <value>0x803e40</value>
         <object_component_ref idref="oc-195"/>
      </symbol>
      <symbol id="sm-347">
         <name>__TI_wrt_ok</name>
         <value>0x8061a0</value>
         <object_component_ref idref="oc-225"/>
      </symbol>
      <symbol id="sm-363">
         <name>setvbuf</name>
         <value>0x805380</value>
         <object_component_ref idref="oc-2a5"/>
      </symbol>
      <symbol id="sm-371">
         <name>__c6xabi_push_rts</name>
         <value>0x807580</value>
         <object_component_ref idref="oc-19c"/>
      </symbol>
      <symbol id="sm-372">
         <name>__pop_rts</name>
         <value>0x807560</value>
         <object_component_ref idref="oc-1e9"/>
      </symbol>
      <symbol id="sm-373">
         <name>__c6xabi_pop_rts</name>
         <value>0x807560</value>
         <object_component_ref idref="oc-1e9"/>
      </symbol>
      <symbol id="sm-374">
         <name>__push_rts</name>
         <value>0x807580</value>
         <object_component_ref idref="oc-19c"/>
      </symbol>
      <symbol id="sm-37d">
         <name>__c6xabi_divu</name>
         <value>0x806920</value>
         <object_component_ref idref="oc-24d"/>
      </symbol>
      <symbol id="sm-37e">
         <name>__divu</name>
         <value>0x806920</value>
         <object_component_ref idref="oc-24d"/>
      </symbol>
      <symbol id="sm-387">
         <name>memcpy</name>
         <value>0x806e80</value>
         <object_component_ref idref="oc-2d"/>
      </symbol>
      <symbol id="sm-39d">
         <name>_c_int00</name>
         <value>0x8070c0</value>
         <object_component_ref idref="oc-21"/>
      </symbol>
      <symbol id="sm-39e">
         <name>_stack</name>
         <value>0x8076c0</value>
         <object_component_ref idref="oc-27"/>
      </symbol>
      <symbol id="sm-3af">
         <name>__c6xabi_divul</name>
         <value>0x804ac0</value>
         <object_component_ref idref="oc-247"/>
      </symbol>
      <symbol id="sm-3cb">
         <name>_subcull</name>
         <value>0x807280</value>
         <object_component_ref idref="oc-2c3"/>
      </symbol>
      <symbol id="sm-3cc">
         <name>__c6xabi_divull</name>
         <value>0x804660</value>
         <object_component_ref idref="oc-241"/>
      </symbol>
      <symbol id="sm-3ec">
         <name>__c6xabi_llshru</name>
         <value>0x807220</value>
         <object_component_ref idref="oc-2c9"/>
      </symbol>
      <symbol id="sm-3ed">
         <name>__c6xabi_llshl</name>
         <value>0x807040</value>
         <object_component_ref idref="oc-2bd"/>
      </symbol>
      <symbol id="sm-3fd">
         <name>memset</name>
         <value>0x806440</value>
         <object_component_ref idref="oc-78"/>
      </symbol>
      <symbol id="sm-422">
         <name>__TI_auto_init_nobinit_nopinit</name>
         <value>0x806860</value>
         <object_component_ref idref="oc-a0"/>
      </symbol>
      <symbol id="sm-42b">
         <name>_system_pre_init</name>
         <value>0x807640</value>
         <object_component_ref idref="oc-5d"/>
      </symbol>
      <symbol id="sm-434">
         <name>_system_post_cinit</name>
         <value>0x807620</value>
         <object_component_ref idref="oc-115"/>
      </symbol>
      <symbol id="sm-44d">
         <name>__TI_decompress_none</name>
         <value>0x807680</value>
         <object_component_ref idref="oc-14"/>
      </symbol>
      <symbol id="sm-478">
         <name>__TI_decompress_rle24</name>
         <value>0x8076a0</value>
         <object_component_ref idref="oc-1a"/>
      </symbol>
      <symbol id="sm-48c">
         <name>frexpl</name>
         <value>0x804e40</value>
         <object_component_ref idref="oc-277"/>
      </symbol>
      <symbol id="sm-48d">
         <name>frexp</name>
         <value>0x804e40</value>
         <object_component_ref idref="oc-277"/>
      </symbol>
      <symbol id="sm-4aa">
         <name>__c6xabi_isinf</name>
         <value>0x807440</value>
         <object_component_ref idref="oc-1b3"/>
      </symbol>
      <symbol id="sm-4bf">
         <name>scalbn</name>
         <value>0x805000</value>
         <object_component_ref idref="oc-27d"/>
      </symbol>
      <symbol id="sm-4c0">
         <name>scalbnl</name>
         <value>0x805000</value>
         <object_component_ref idref="oc-27d"/>
      </symbol>
      <symbol id="sm-4c1">
         <name>ldexpl</name>
         <value>0x805000</value>
         <object_component_ref idref="oc-27d"/>
      </symbol>
      <symbol id="sm-4c2">
         <name>ldexp</name>
         <value>0x805000</value>
         <object_component_ref idref="oc-27d"/>
      </symbol>
      <symbol id="sm-4cb">
         <name>_signbit</name>
         <value>0x807600</value>
         <object_component_ref idref="oc-1b9"/>
      </symbol>
      <symbol id="sm-4ea">
         <name>__c6xabi_divd</name>
         <value>0x802720</value>
         <object_component_ref idref="oc-256"/>
      </symbol>
      <symbol id="sm-4fd">
         <name>__TI_frcmpyd_div</name>
         <value>0x807400</value>
         <object_component_ref idref="oc-2d4"/>
      </symbol>
      <symbol id="sm-51e">
         <name>C$$EXIT</name>
         <value>0x807660</value>
         <object_component_ref idref="oc-97"/>
      </symbol>
      <symbol id="sm-51f">
         <name>abort</name>
         <value>0x807660</value>
         <object_component_ref idref="oc-97"/>
      </symbol>
      <symbol id="sm-520">
         <name>exit</name>
         <value>0x806360</value>
         <object_component_ref idref="oc-57"/>
      </symbol>
      <symbol id="sm-521">
         <name>__TI_dtors_ptr</name>
         <value>0x809a5c</value>
         <object_component_ref idref="oc-94"/>
      </symbol>
      <symbol id="sm-522">
         <name>__TI_cleanup_ptr</name>
         <value>0x809a58</value>
         <object_component_ref idref="oc-94"/>
      </symbol>
      <symbol id="sm-523">
         <name>__TI_enable_exit_profile_output</name>
         <value>0x809a60</value>
         <object_component_ref idref="oc-94"/>
      </symbol>
      <symbol id="sm-58e">
         <name>_sys_memory</name>
         <value>0x8086c0</value>
         <object_component_ref idref="oc-2a"/>
      </symbol>
      <symbol id="sm-58f">
         <name>free</name>
         <value>0x803720</value>
         <object_component_ref idref="oc-308"/>
      </symbol>
      <symbol id="sm-590">
         <name>malloc</name>
         <value>0x8051c0</value>
         <object_component_ref idref="oc-30e"/>
      </symbol>
      <symbol id="sm-5a6">
         <name>_nop</name>
         <value>0x8075a0</value>
         <object_component_ref idref="oc-17f"/>
      </symbol>
      <symbol id="sm-5a7">
         <name>_lock</name>
         <value>0x809a6c</value>
         <object_component_ref idref="oc-146"/>
      </symbol>
      <symbol id="sm-5a8">
         <name>_unlock</name>
         <value>0x809a70</value>
         <object_component_ref idref="oc-14c"/>
      </symbol>
      <symbol id="sm-5b8">
         <name>__TI_ltoa</name>
         <value>0x8060c0</value>
         <object_component_ref idref="oc-25c"/>
      </symbol>
      <symbol id="sm-5ca">
         <name>_args_main</name>
         <value>0x8074c0</value>
         <object_component_ref idref="oc-51"/>
      </symbol>
      <symbol id="sm-5de">
         <name>atoi</name>
         <value>0x805c20</value>
         <object_component_ref idref="oc-1a1"/>
      </symbol>
      <symbol id="sm-5e8">
         <name>_ctypes_</name>
         <value>0x809c68</value>
         <object_component_ref idref="oc-23c"/>
      </symbol>
      <symbol id="sm-5f8">
         <name>__TI_tmpnams</name>
         <value>0x809a80</value>
      </symbol>
      <symbol id="sm-5f9">
         <name>_ftable</name>
         <value>0x8096c0</value>
         <object_component_ref idref="oc-149"/>
      </symbol>
      <symbol id="sm-5fa">
         <name>__TI_ft_end</name>
         <value>0x809a74</value>
         <object_component_ref idref="oc-375"/>
      </symbol>
      <symbol id="sm-60b">
         <name>memccpy</name>
         <value>0x807340</value>
         <object_component_ref idref="oc-1d7"/>
      </symbol>
      <symbol id="sm-62e">
         <name>_stream</name>
         <value>0x8098a0</value>
         <object_component_ref idref="oc-2af"/>
      </symbol>
      <symbol id="sm-62f">
         <name>_device</name>
         <value>0x809940</value>
         <object_component_ref idref="oc-325"/>
      </symbol>
      <symbol id="sm-630">
         <name>write</name>
         <value>0x8073a0</value>
         <object_component_ref idref="oc-231"/>
      </symbol>
      <symbol id="sm-649">
         <name>__TI_tls_init</name>
         <value>0x806aa0</value>
         <object_component_ref idref="oc-11b"/>
      </symbol>
      <symbol id="sm-65b">
         <name>__errno</name>
         <value>0x809a78</value>
         <object_component_ref idref="oc-28d"/>
      </symbol>
      <symbol id="sm-65c">
         <name>errno</name>
         <value>0x809a78</value>
         <object_component_ref idref="oc-28d"/>
      </symbol>
      <symbol id="sm-65d">
         <name>__c6xabi_errno_addr</name>
         <value>0x807540</value>
         <object_component_ref idref="oc-1e3"/>
      </symbol>
      <symbol id="sm-677">
         <name>wcslen</name>
         <value>0x807500</value>
         <object_component_ref idref="oc-1dd"/>
      </symbol>
      <symbol id="sm-686">
         <name>__TI_doflush</name>
         <value>0x806ca0</value>
         <object_component_ref idref="oc-22b"/>
      </symbol>
      <symbol id="sm-694">
         <name>__TI_cleanup</name>
         <value>0x806c00</value>
         <object_component_ref idref="oc-314"/>
      </symbol>
      <symbol id="sm-6ac">
         <name>fseek</name>
         <value>0x805d20</value>
         <object_component_ref idref="oc-29f"/>
      </symbol>
      <symbol id="sm-6bc">
         <name>lseek</name>
         <value>0x8072e0</value>
         <object_component_ref idref="oc-300"/>
      </symbol>
      <symbol id="sm-6cd">
         <name>HOSTclose</name>
         <value>0x806b60</value>
         <object_component_ref idref="oc-387"/>
      </symbol>
      <symbol id="sm-6dd">
         <name>HOSTlseek</name>
         <value>0x805e20</value>
         <object_component_ref idref="oc-399"/>
      </symbol>
      <symbol id="sm-6f1">
         <name>parmbuf</name>
         <value>0x809c60</value>
      </symbol>
      <symbol id="sm-6f2">
         <name>HOSTopen</name>
         <value>0x805f00</value>
         <object_component_ref idref="oc-381"/>
      </symbol>
      <symbol id="sm-702">
         <name>HOSTread</name>
         <value>0x8066e0</value>
         <object_component_ref idref="oc-38d"/>
      </symbol>
      <symbol id="sm-720">
         <name>HOSTrename</name>
         <value>0x805540</value>
         <object_component_ref idref="oc-3a5"/>
      </symbol>
      <symbol id="sm-733">
         <name>HOSTunlink</name>
         <value>0x8067a0</value>
         <object_component_ref idref="oc-39f"/>
      </symbol>
      <symbol id="sm-743">
         <name>HOSTwrite</name>
         <value>0x805fe0</value>
         <object_component_ref idref="oc-393"/>
      </symbol>
      <symbol id="sm-769">
         <name>__TI_readmsg</name>
         <value>0x806fc0</value>
         <object_component_ref idref="oc-3de"/>
      </symbol>
      <symbol id="sm-76a">
         <name>C$$IO$$</name>
         <value>0x807218</value>
         <object_component_ref idref="oc-3d8"/>
      </symbol>
      <symbol id="sm-76b">
         <name>__CIOBUF_</name>
         <value>0x809e10</value>
         <object_component_ref idref="oc-3ff"/>
      </symbol>
      <symbol id="sm-76c">
         <name>__TI_writemsg</name>
         <value>0x8071c0</value>
         <object_component_ref idref="oc-3d8"/>
      </symbol>
      <symbol id="sm-785">
         <name>__TI_closefile</name>
         <value>0x805920</value>
         <object_component_ref idref="oc-378"/>
      </symbol>
      <symbol id="sm-7af">
         <name>finddevice</name>
         <value>0x806de0</value>
         <object_component_ref idref="oc-413"/>
      </symbol>
      <symbol id="sm-7b0">
         <name>getdevice</name>
         <value>0x805800</value>
         <object_component_ref idref="oc-3f3"/>
      </symbol>
      <symbol id="sm-7c2">
         <name>close</name>
         <value>0x806280</value>
         <object_component_ref idref="oc-3c6"/>
      </symbol>
      <symbol id="sm-7d3">
         <name>unlink</name>
         <value>0x807140</value>
         <object_component_ref idref="oc-3cc"/>
      </symbol>
      <symbol id="sm-7d9">
         <name>DSPF_sp_mat_trans</name>
         <value>0x806520</value>
         <object_component_ref idref="oc-102"/>
      </symbol>
      <symbol id="sm-7e3">
         <name>DSPF_sp_mat_mul</name>
         <value>0x803ae0</value>
         <object_component_ref idref="oc-103"/>
      </symbol>
      <symbol id="sm-7e4">
         <name>__TI_STATIC_BASE</name>
         <value>0x0</value>
      </symbol>
      <symbol id="sm-7e6">
         <name>__TI_TLS_INIT_Base</name>
         <value>0x0</value>
      </symbol>
      <symbol id="sm-7e7">
         <name>__TI_TLS_INIT_Limit</name>
         <value>0x0</value>
      </symbol>
      <symbol id="sm-7e8">
         <name>remove</name>
         <value>0x807140</value>
      </symbol>
   </symbol_table>
   <title>Link successful</title>
</link_info>
