<?xml version="1.0" encoding="ISO-8859-1" ?>
<link_info>
   <banner>TMS320C6x Linker PC v8.3.12</banner>
   <copyright>Copyright (c) 1996-2018 Texas Instruments Incorporated</copyright>
   <link_time>0x62676961</link_time>
   <link_errors>0x0</link_errors>
   <output_file>Math.out</output_file>
   <entry_point>
      <name>_c_int00</name>
      <address>0x80b6e0</address>
   </entry_point>
   <input_file_list>
      <input_file id="fl-2">
         <path>.\</path>
         <kind>object</kind>
         <file>main.obj</file>
         <name>main.obj</name>
      </input_file>
      <input_file id="fl-7">
         <kind>object</kind>
         <file>&lt;internal&gt;</file>
         <name>&lt;internal&gt;</name>
      </input_file>
      <input_file id="fl-21">
         <path>C:\ti\ti-cgt-c6000_8.3.12\lib\</path>
         <kind>archive</kind>
         <file>rts6740_elf.lib</file>
         <name>printf.c.obj</name>
      </input_file>
      <input_file id="fl-22">
         <path>C:\ti\ti-cgt-c6000_8.3.12\lib\</path>
         <kind>archive</kind>
         <file>rts6740_elf.lib</file>
         <name>_printfi.c.obj</name>
      </input_file>
      <input_file id="fl-23">
         <path>C:\ti\ti-cgt-c6000_8.3.12\lib\</path>
         <kind>archive</kind>
         <file>rts6740_elf.lib</file>
         <name>fputc.c.obj</name>
      </input_file>
      <input_file id="fl-24">
         <path>C:\ti\ti-cgt-c6000_8.3.12\lib\</path>
         <kind>archive</kind>
         <file>rts6740_elf.lib</file>
         <name>fputs.c.obj</name>
      </input_file>
      <input_file id="fl-25">
         <path>C:\ti\ti-cgt-c6000_8.3.12\lib\</path>
         <kind>archive</kind>
         <file>rts6740_elf.lib</file>
         <name>_io_perm.c.obj</name>
      </input_file>
      <input_file id="fl-26">
         <path>C:\ti\ti-cgt-c6000_8.3.12\lib\</path>
         <kind>archive</kind>
         <file>rts6740_elf.lib</file>
         <name>setvbuf.c.obj</name>
      </input_file>
      <input_file id="fl-27">
         <path>C:\ti\ti-cgt-c6000_8.3.12\lib\</path>
         <kind>archive</kind>
         <file>rts6740_elf.lib</file>
         <name>push.asm.obj</name>
      </input_file>
      <input_file id="fl-28">
         <path>C:\ti\ti-cgt-c6000_8.3.12\lib\</path>
         <kind>archive</kind>
         <file>rts6740_elf.lib</file>
         <name>divu.asm.obj</name>
      </input_file>
      <input_file id="fl-29">
         <path>C:\ti\ti-cgt-c6000_8.3.12\lib\</path>
         <kind>archive</kind>
         <file>rts6740_elf.lib</file>
         <name>memcpy64.asm.obj</name>
      </input_file>
      <input_file id="fl-2a">
         <path>C:\ti\ti-cgt-c6000_8.3.12\lib\</path>
         <kind>archive</kind>
         <file>rts6740_elf.lib</file>
         <name>boot.c.obj</name>
      </input_file>
      <input_file id="fl-2b">
         <path>C:\ti\ti-cgt-c6000_8.3.12\lib\</path>
         <kind>archive</kind>
         <file>rts6740_elf.lib</file>
         <name>imath40.c.obj</name>
      </input_file>
      <input_file id="fl-2c">
         <path>C:\ti\ti-cgt-c6000_8.3.12\lib\</path>
         <kind>archive</kind>
         <file>rts6740_elf.lib</file>
         <name>imath64.c.obj</name>
      </input_file>
      <input_file id="fl-2d">
         <path>C:\ti\ti-cgt-c6000_8.3.12\lib\</path>
         <kind>archive</kind>
         <file>rts6740_elf.lib</file>
         <name>llshift.c.obj</name>
      </input_file>
      <input_file id="fl-2e">
         <path>C:\ti\ti-cgt-c6000_8.3.12\lib\</path>
         <kind>archive</kind>
         <file>rts6740_elf.lib</file>
         <name>memset.c.obj</name>
      </input_file>
      <input_file id="fl-2f">
         <path>C:\ti\ti-cgt-c6000_8.3.12\lib\</path>
         <kind>archive</kind>
         <file>rts6740_elf.lib</file>
         <name>autoinit.c.obj</name>
      </input_file>
      <input_file id="fl-30">
         <path>C:\ti\ti-cgt-c6000_8.3.12\lib\</path>
         <kind>archive</kind>
         <file>rts6740_elf.lib</file>
         <name>pre_init.c.obj</name>
      </input_file>
      <input_file id="fl-31">
         <path>C:\ti\ti-cgt-c6000_8.3.12\lib\</path>
         <kind>archive</kind>
         <file>rts6740_elf.lib</file>
         <name>startup.c.obj</name>
      </input_file>
      <input_file id="fl-32">
         <path>C:\ti\ti-cgt-c6000_8.3.12\lib\</path>
         <kind>archive</kind>
         <file>rts6740_elf.lib</file>
         <name>cpy_tbl.c.obj</name>
      </input_file>
      <input_file id="fl-33">
         <path>C:\ti\ti-cgt-c6000_8.3.12\lib\</path>
         <kind>archive</kind>
         <file>rts6740_elf.lib</file>
         <name>copy_zero_init.c.obj</name>
      </input_file>
      <input_file id="fl-34">
         <path>C:\ti\ti-cgt-c6000_8.3.12\lib\</path>
         <kind>archive</kind>
         <file>rts6740_elf.lib</file>
         <name>copy_decompress_none.c.obj</name>
      </input_file>
      <input_file id="fl-35">
         <path>C:\ti\ti-cgt-c6000_8.3.12\lib\</path>
         <kind>archive</kind>
         <file>rts6740_elf.lib</file>
         <name>copy_decompress_rle.c.obj</name>
      </input_file>
      <input_file id="fl-36">
         <path>C:\ti\ti-cgt-c6000_8.3.12\lib\</path>
         <kind>archive</kind>
         <file>rts6740_elf.lib</file>
         <name>ceilf.c.obj</name>
      </input_file>
      <input_file id="fl-37">
         <path>C:\ti\ti-cgt-c6000_8.3.12\lib\</path>
         <kind>archive</kind>
         <file>rts6740_elf.lib</file>
         <name>cosf.c.obj</name>
      </input_file>
      <input_file id="fl-38">
         <path>C:\ti\ti-cgt-c6000_8.3.12\lib\</path>
         <kind>archive</kind>
         <file>rts6740_elf.lib</file>
         <name>coshf.c.obj</name>
      </input_file>
      <input_file id="fl-39">
         <path>C:\ti\ti-cgt-c6000_8.3.12\lib\</path>
         <kind>archive</kind>
         <file>rts6740_elf.lib</file>
         <name>exp10f.c.obj</name>
      </input_file>
      <input_file id="fl-3a">
         <path>C:\ti\ti-cgt-c6000_8.3.12\lib\</path>
         <kind>archive</kind>
         <file>rts6740_elf.lib</file>
         <name>exp2f.c.obj</name>
      </input_file>
      <input_file id="fl-3b">
         <path>C:\ti\ti-cgt-c6000_8.3.12\lib\</path>
         <kind>archive</kind>
         <file>rts6740_elf.lib</file>
         <name>expf.c.obj</name>
      </input_file>
      <input_file id="fl-3c">
         <path>C:\ti\ti-cgt-c6000_8.3.12\lib\</path>
         <kind>archive</kind>
         <file>rts6740_elf.lib</file>
         <name>floorf.c.obj</name>
      </input_file>
      <input_file id="fl-3d">
         <path>C:\ti\ti-cgt-c6000_8.3.12\lib\</path>
         <kind>archive</kind>
         <file>rts6740_elf.lib</file>
         <name>fmodf.c.obj</name>
      </input_file>
      <input_file id="fl-3e">
         <path>C:\ti\ti-cgt-c6000_8.3.12\lib\</path>
         <kind>archive</kind>
         <file>rts6740_elf.lib</file>
         <name>frexpf.c.obj</name>
      </input_file>
      <input_file id="fl-3f">
         <path>C:\ti\ti-cgt-c6000_8.3.12\lib\</path>
         <kind>archive</kind>
         <file>rts6740_elf.lib</file>
         <name>ldexpf.c.obj</name>
      </input_file>
      <input_file id="fl-40">
         <path>C:\ti\ti-cgt-c6000_8.3.12\lib\</path>
         <kind>archive</kind>
         <file>rts6740_elf.lib</file>
         <name>log10f.c.obj</name>
      </input_file>
      <input_file id="fl-41">
         <path>C:\ti\ti-cgt-c6000_8.3.12\lib\</path>
         <kind>archive</kind>
         <file>rts6740_elf.lib</file>
         <name>log2f.c.obj</name>
      </input_file>
      <input_file id="fl-42">
         <path>C:\ti\ti-cgt-c6000_8.3.12\lib\</path>
         <kind>archive</kind>
         <file>rts6740_elf.lib</file>
         <name>logf.c.obj</name>
      </input_file>
      <input_file id="fl-43">
         <path>C:\ti\ti-cgt-c6000_8.3.12\lib\</path>
         <kind>archive</kind>
         <file>rts6740_elf.lib</file>
         <name>modff.c.obj</name>
      </input_file>
      <input_file id="fl-44">
         <path>C:\ti\ti-cgt-c6000_8.3.12\lib\</path>
         <kind>archive</kind>
         <file>rts6740_elf.lib</file>
         <name>powf.c.obj</name>
      </input_file>
      <input_file id="fl-45">
         <path>C:\ti\ti-cgt-c6000_8.3.12\lib\</path>
         <kind>archive</kind>
         <file>rts6740_elf.lib</file>
         <name>roundf.c.obj</name>
      </input_file>
      <input_file id="fl-46">
         <path>C:\ti\ti-cgt-c6000_8.3.12\lib\</path>
         <kind>archive</kind>
         <file>rts6740_elf.lib</file>
         <name>sinf.c.obj</name>
      </input_file>
      <input_file id="fl-47">
         <path>C:\ti\ti-cgt-c6000_8.3.12\lib\</path>
         <kind>archive</kind>
         <file>rts6740_elf.lib</file>
         <name>sinhf.c.obj</name>
      </input_file>
      <input_file id="fl-48">
         <path>C:\ti\ti-cgt-c6000_8.3.12\lib\</path>
         <kind>archive</kind>
         <file>rts6740_elf.lib</file>
         <name>sqrtf.c.obj</name>
      </input_file>
      <input_file id="fl-49">
         <path>C:\ti\ti-cgt-c6000_8.3.12\lib\</path>
         <kind>archive</kind>
         <file>rts6740_elf.lib</file>
         <name>tanf.c.obj</name>
      </input_file>
      <input_file id="fl-4a">
         <path>C:\ti\ti-cgt-c6000_8.3.12\lib\</path>
         <kind>archive</kind>
         <file>rts6740_elf.lib</file>
         <name>truncf.c.obj</name>
      </input_file>
      <input_file id="fl-4b">
         <path>C:\ti\ti-cgt-c6000_8.3.12\lib\</path>
         <kind>archive</kind>
         <file>rts6740_elf.lib</file>
         <name>asin.c.obj</name>
      </input_file>
      <input_file id="fl-4c">
         <path>C:\ti\ti-cgt-c6000_8.3.12\lib\</path>
         <kind>archive</kind>
         <file>rts6740_elf.lib</file>
         <name>frexp.c.obj</name>
      </input_file>
      <input_file id="fl-4d">
         <path>C:\ti\ti-cgt-c6000_8.3.12\lib\</path>
         <kind>archive</kind>
         <file>rts6740_elf.lib</file>
         <name>isinf.c.obj</name>
      </input_file>
      <input_file id="fl-4e">
         <path>C:\ti\ti-cgt-c6000_8.3.12\lib\</path>
         <kind>archive</kind>
         <file>rts6740_elf.lib</file>
         <name>ldexp.c.obj</name>
      </input_file>
      <input_file id="fl-4f">
         <path>C:\ti\ti-cgt-c6000_8.3.12\lib\</path>
         <kind>archive</kind>
         <file>rts6740_elf.lib</file>
         <name>pow.c.obj</name>
      </input_file>
      <input_file id="fl-50">
         <path>C:\ti\ti-cgt-c6000_8.3.12\lib\</path>
         <kind>archive</kind>
         <file>rts6740_elf.lib</file>
         <name>round.c.obj</name>
      </input_file>
      <input_file id="fl-51">
         <path>C:\ti\ti-cgt-c6000_8.3.12\lib\</path>
         <kind>archive</kind>
         <file>rts6740_elf.lib</file>
         <name>sqrt.c.obj</name>
      </input_file>
      <input_file id="fl-52">
         <path>C:\ti\ti-cgt-c6000_8.3.12\lib\</path>
         <kind>archive</kind>
         <file>rts6740_elf.lib</file>
         <name>trunc.c.obj</name>
      </input_file>
      <input_file id="fl-53">
         <path>C:\ti\ti-cgt-c6000_8.3.12\lib\</path>
         <kind>archive</kind>
         <file>rts6740_elf.lib</file>
         <name>signbit.c.obj</name>
      </input_file>
      <input_file id="fl-54">
         <path>C:\ti\ti-cgt-c6000_8.3.12\lib\</path>
         <kind>archive</kind>
         <file>rts6740_elf.lib</file>
         <name>divf.c.obj</name>
      </input_file>
      <input_file id="fl-55">
         <path>C:\ti\ti-cgt-c6000_8.3.12\lib\</path>
         <kind>archive</kind>
         <file>rts6740_elf.lib</file>
         <name>divd.c.obj</name>
      </input_file>
      <input_file id="fl-56">
         <path>C:\ti\ti-cgt-c6000_8.3.12\lib\</path>
         <kind>archive</kind>
         <file>rts6740_elf.lib</file>
         <name>frcmpyd_div.c.obj</name>
      </input_file>
      <input_file id="fl-57">
         <path>C:\ti\ti-cgt-c6000_8.3.12\lib\</path>
         <kind>archive</kind>
         <file>rts6740_elf.lib</file>
         <name>exit.c.obj</name>
      </input_file>
      <input_file id="fl-58">
         <path>C:\ti\ti-cgt-c6000_8.3.12\lib\</path>
         <kind>archive</kind>
         <file>rts6740_elf.lib</file>
         <name>memory.c.obj</name>
      </input_file>
      <input_file id="fl-59">
         <path>C:\ti\ti-cgt-c6000_8.3.12\lib\</path>
         <kind>archive</kind>
         <file>rts6740_elf.lib</file>
         <name>_lock.c.obj</name>
      </input_file>
      <input_file id="fl-5a">
         <path>C:\ti\ti-cgt-c6000_8.3.12\lib\</path>
         <kind>archive</kind>
         <file>rts6740_elf.lib</file>
         <name>_ltoa.c.obj</name>
      </input_file>
      <input_file id="fl-5b">
         <path>C:\ti\ti-cgt-c6000_8.3.12\lib\</path>
         <kind>archive</kind>
         <file>rts6740_elf.lib</file>
         <name>args_main.c.obj</name>
      </input_file>
      <input_file id="fl-5c">
         <path>C:\ti\ti-cgt-c6000_8.3.12\lib\</path>
         <kind>archive</kind>
         <file>rts6740_elf.lib</file>
         <name>atoi.c.obj</name>
      </input_file>
      <input_file id="fl-5d">
         <path>C:\ti\ti-cgt-c6000_8.3.12\lib\</path>
         <kind>archive</kind>
         <file>rts6740_elf.lib</file>
         <name>ctype.c.obj</name>
      </input_file>
      <input_file id="fl-5e">
         <path>C:\ti\ti-cgt-c6000_8.3.12\lib\</path>
         <kind>archive</kind>
         <file>rts6740_elf.lib</file>
         <name>defs.c.obj</name>
      </input_file>
      <input_file id="fl-5f">
         <path>C:\ti\ti-cgt-c6000_8.3.12\lib\</path>
         <kind>archive</kind>
         <file>rts6740_elf.lib</file>
         <name>memccpy.c.obj</name>
      </input_file>
      <input_file id="fl-60">
         <path>C:\ti\ti-cgt-c6000_8.3.12\lib\</path>
         <kind>archive</kind>
         <file>rts6740_elf.lib</file>
         <name>write.c.obj</name>
      </input_file>
      <input_file id="fl-61">
         <path>C:\ti\ti-cgt-c6000_8.3.12\lib\</path>
         <kind>archive</kind>
         <file>rts6740_elf.lib</file>
         <name>tls.c.obj</name>
      </input_file>
      <input_file id="fl-62">
         <path>C:\ti\ti-cgt-c6000_8.3.12\lib\</path>
         <kind>archive</kind>
         <file>rts6740_elf.lib</file>
         <name>llabs.c.obj</name>
      </input_file>
      <input_file id="fl-63">
         <path>C:\ti\ti-cgt-c6000_8.3.12\lib\</path>
         <kind>archive</kind>
         <file>rts6740_elf.lib</file>
         <name>errno.c.obj</name>
      </input_file>
      <input_file id="fl-64">
         <path>C:\ti\ti-cgt-c6000_8.3.12\lib\</path>
         <kind>archive</kind>
         <file>rts6740_elf.lib</file>
         <name>wcslen.c.obj</name>
      </input_file>
      <input_file id="fl-65">
         <path>C:\ti\ti-cgt-c6000_8.3.12\lib\</path>
         <kind>archive</kind>
         <file>rts6740_elf.lib</file>
         <name>fflush.c.obj</name>
      </input_file>
      <input_file id="fl-66">
         <path>C:\ti\ti-cgt-c6000_8.3.12\lib\</path>
         <kind>archive</kind>
         <file>rts6740_elf.lib</file>
         <name>fopen.c.obj</name>
      </input_file>
      <input_file id="fl-67">
         <path>C:\ti\ti-cgt-c6000_8.3.12\lib\</path>
         <kind>archive</kind>
         <file>rts6740_elf.lib</file>
         <name>fseek.c.obj</name>
      </input_file>
      <input_file id="fl-68">
         <path>C:\ti\ti-cgt-c6000_8.3.12\lib\</path>
         <kind>archive</kind>
         <file>rts6740_elf.lib</file>
         <name>tls_get_tp.asm.obj</name>
      </input_file>
      <input_file id="fl-69">
         <path>C:\ti\ti-cgt-c6000_8.3.12\lib\</path>
         <kind>archive</kind>
         <file>rts6740_elf.lib</file>
         <name>modf.c.obj</name>
      </input_file>
      <input_file id="fl-6a">
         <path>C:\ti\ti-cgt-c6000_8.3.12\lib\</path>
         <kind>archive</kind>
         <file>rts6740_elf.lib</file>
         <name>lseek.c.obj</name>
      </input_file>
      <input_file id="fl-6b">
         <path>C:\ti\ti-cgt-c6000_8.3.12\lib\</path>
         <kind>archive</kind>
         <file>rts6740_elf.lib</file>
         <name>open.c.obj</name>
      </input_file>
      <input_file id="fl-6c">
         <path>C:\ti\ti-cgt-c6000_8.3.12\lib\</path>
         <kind>archive</kind>
         <file>rts6740_elf.lib</file>
         <name>hostclose.c.obj</name>
      </input_file>
      <input_file id="fl-6d">
         <path>C:\ti\ti-cgt-c6000_8.3.12\lib\</path>
         <kind>archive</kind>
         <file>rts6740_elf.lib</file>
         <name>hostlseek.c.obj</name>
      </input_file>
      <input_file id="fl-6e">
         <path>C:\ti\ti-cgt-c6000_8.3.12\lib\</path>
         <kind>archive</kind>
         <file>rts6740_elf.lib</file>
         <name>hostopen.c.obj</name>
      </input_file>
      <input_file id="fl-6f">
         <path>C:\ti\ti-cgt-c6000_8.3.12\lib\</path>
         <kind>archive</kind>
         <file>rts6740_elf.lib</file>
         <name>hostread.c.obj</name>
      </input_file>
      <input_file id="fl-70">
         <path>C:\ti\ti-cgt-c6000_8.3.12\lib\</path>
         <kind>archive</kind>
         <file>rts6740_elf.lib</file>
         <name>hostrename.c.obj</name>
      </input_file>
      <input_file id="fl-71">
         <path>C:\ti\ti-cgt-c6000_8.3.12\lib\</path>
         <kind>archive</kind>
         <file>rts6740_elf.lib</file>
         <name>hostunlink.c.obj</name>
      </input_file>
      <input_file id="fl-72">
         <path>C:\ti\ti-cgt-c6000_8.3.12\lib\</path>
         <kind>archive</kind>
         <file>rts6740_elf.lib</file>
         <name>hostwrite.c.obj</name>
      </input_file>
      <input_file id="fl-73">
         <path>C:\ti\ti-cgt-c6000_8.3.12\lib\</path>
         <kind>archive</kind>
         <file>rts6740_elf.lib</file>
         <name>trgmsg.c.obj</name>
      </input_file>
      <input_file id="fl-74">
         <path>C:\ti\ti-cgt-c6000_8.3.12\lib\</path>
         <kind>archive</kind>
         <file>rts6740_elf.lib</file>
         <name>fclose.c.obj</name>
      </input_file>
      <input_file id="fl-75">
         <path>C:\ti\ti-cgt-c6000_8.3.12\lib\</path>
         <kind>archive</kind>
         <file>rts6740_elf.lib</file>
         <name>getdevice.c.obj</name>
      </input_file>
      <input_file id="fl-76">
         <path>C:\ti\ti-cgt-c6000_8.3.12\lib\</path>
         <kind>archive</kind>
         <file>rts6740_elf.lib</file>
         <name>close.c.obj</name>
      </input_file>
      <input_file id="fl-77">
         <path>C:\ti\ti-cgt-c6000_8.3.12\lib\</path>
         <kind>archive</kind>
         <file>rts6740_elf.lib</file>
         <name>remove.c.obj</name>
      </input_file>
      <input_file id="fl-78">
         <path>C:\ti\ti-cgt-c6000_8.3.12\lib\</path>
         <kind>archive</kind>
         <file>rts6740_elf.lib</file>
         <name>unlink.c.obj</name>
      </input_file>
      <input_file id="fl-79">
         <path>..\..\Library\mathlib\</path>
         <kind>archive</kind>
         <file>mathlib.ae674</file>
         <name>cosdp.oe674</name>
      </input_file>
      <input_file id="fl-7a">
         <path>..\..\Library\mathlib\</path>
         <kind>archive</kind>
         <file>mathlib.ae674</file>
         <name>cossp.oe674</name>
      </input_file>
      <input_file id="fl-7b">
         <path>..\..\Library\mathlib\</path>
         <kind>archive</kind>
         <file>mathlib.ae674</file>
         <name>divdp.oe674</name>
      </input_file>
      <input_file id="fl-7c">
         <path>..\..\Library\mathlib\</path>
         <kind>archive</kind>
         <file>mathlib.ae674</file>
         <name>divsp.oe674</name>
      </input_file>
      <input_file id="fl-7d">
         <path>..\..\Library\mathlib\</path>
         <kind>archive</kind>
         <file>mathlib.ae674</file>
         <name>exp10dp.oe674</name>
      </input_file>
      <input_file id="fl-7e">
         <path>..\..\Library\mathlib\</path>
         <kind>archive</kind>
         <file>mathlib.ae674</file>
         <name>exp10sp.oe674</name>
      </input_file>
      <input_file id="fl-7f">
         <path>..\..\Library\mathlib\</path>
         <kind>archive</kind>
         <file>mathlib.ae674</file>
         <name>exp2dp.oe674</name>
      </input_file>
      <input_file id="fl-80">
         <path>..\..\Library\mathlib\</path>
         <kind>archive</kind>
         <file>mathlib.ae674</file>
         <name>exp2sp.oe674</name>
      </input_file>
      <input_file id="fl-81">
         <path>..\..\Library\mathlib\</path>
         <kind>archive</kind>
         <file>mathlib.ae674</file>
         <name>expdp.oe674</name>
      </input_file>
      <input_file id="fl-82">
         <path>..\..\Library\mathlib\</path>
         <kind>archive</kind>
         <file>mathlib.ae674</file>
         <name>expsp.oe674</name>
      </input_file>
      <input_file id="fl-83">
         <path>..\..\Library\mathlib\</path>
         <kind>archive</kind>
         <file>mathlib.ae674</file>
         <name>log10dp.oe674</name>
      </input_file>
      <input_file id="fl-84">
         <path>..\..\Library\mathlib\</path>
         <kind>archive</kind>
         <file>mathlib.ae674</file>
         <name>log10sp.oe674</name>
      </input_file>
      <input_file id="fl-85">
         <path>..\..\Library\mathlib\</path>
         <kind>archive</kind>
         <file>mathlib.ae674</file>
         <name>log2dp.oe674</name>
      </input_file>
      <input_file id="fl-86">
         <path>..\..\Library\mathlib\</path>
         <kind>archive</kind>
         <file>mathlib.ae674</file>
         <name>log2sp.oe674</name>
      </input_file>
      <input_file id="fl-87">
         <path>..\..\Library\mathlib\</path>
         <kind>archive</kind>
         <file>mathlib.ae674</file>
         <name>logdp.oe674</name>
      </input_file>
      <input_file id="fl-88">
         <path>..\..\Library\mathlib\</path>
         <kind>archive</kind>
         <file>mathlib.ae674</file>
         <name>logsp.oe674</name>
      </input_file>
      <input_file id="fl-89">
         <path>..\..\Library\mathlib\</path>
         <kind>archive</kind>
         <file>mathlib.ae674</file>
         <name>powdp.oe674</name>
      </input_file>
      <input_file id="fl-8a">
         <path>..\..\Library\mathlib\</path>
         <kind>archive</kind>
         <file>mathlib.ae674</file>
         <name>powsp.oe674</name>
      </input_file>
      <input_file id="fl-8b">
         <path>..\..\Library\mathlib\</path>
         <kind>archive</kind>
         <file>mathlib.ae674</file>
         <name>recipdp.oe674</name>
      </input_file>
      <input_file id="fl-8c">
         <path>..\..\Library\mathlib\</path>
         <kind>archive</kind>
         <file>mathlib.ae674</file>
         <name>recipsp.oe674</name>
      </input_file>
      <input_file id="fl-8d">
         <path>..\..\Library\mathlib\</path>
         <kind>archive</kind>
         <file>mathlib.ae674</file>
         <name>rsqrtdp.oe674</name>
      </input_file>
      <input_file id="fl-8e">
         <path>..\..\Library\mathlib\</path>
         <kind>archive</kind>
         <file>mathlib.ae674</file>
         <name>rsqrtsp.oe674</name>
      </input_file>
      <input_file id="fl-8f">
         <path>..\..\Library\mathlib\</path>
         <kind>archive</kind>
         <file>mathlib.ae674</file>
         <name>sindp.oe674</name>
      </input_file>
      <input_file id="fl-90">
         <path>..\..\Library\mathlib\</path>
         <kind>archive</kind>
         <file>mathlib.ae674</file>
         <name>sinsp.oe674</name>
      </input_file>
      <input_file id="fl-91">
         <path>..\..\Library\mathlib\</path>
         <kind>archive</kind>
         <file>mathlib.ae674</file>
         <name>sqrtdp.oe674</name>
      </input_file>
      <input_file id="fl-92">
         <path>..\..\Library\mathlib\</path>
         <kind>archive</kind>
         <file>mathlib.ae674</file>
         <name>sqrtsp.oe674</name>
      </input_file>
   </input_file_list>
   <object_component_list>
      <object_component id="oc-222">
         <name>.text:__TI_printfi</name>
         <load_address>0x800000</load_address>
         <run_address>0x800000</run_address>
         <size>0x20c0</size>
         <input_file_ref idref="fl-22"/>
      </object_component>
      <object_component id="oc-8c">
         <name>.text</name>
         <load_address>0x8020c0</load_address>
         <run_address>0x8020c0</run_address>
         <size>0x8a0</size>
         <input_file_ref idref="fl-2"/>
      </object_component>
      <object_component id="oc-1d0">
         <name>.text:pow</name>
         <load_address>0x802960</load_address>
         <run_address>0x802960</run_address>
         <size>0x7e0</size>
         <input_file_ref idref="fl-4f"/>
      </object_component>
      <object_component id="oc-35c">
         <name>.text:_pconv_a</name>
         <load_address>0x803140</load_address>
         <run_address>0x803140</run_address>
         <size>0x660</size>
         <input_file_ref idref="fl-22"/>
      </object_component>
      <object_component id="oc-11a">
         <name>.text:powf</name>
         <load_address>0x8037a0</load_address>
         <run_address>0x8037a0</run_address>
         <size>0x660</size>
         <input_file_ref idref="fl-44"/>
      </object_component>
      <object_component id="oc-19e">
         <name>.text:__c6xabi_divd</name>
         <load_address>0x803e00</load_address>
         <run_address>0x803e00</run_address>
         <size>0x600</size>
         <input_file_ref idref="fl-55"/>
      </object_component>
      <object_component id="oc-34a">
         <name>.text:_pconv_g</name>
         <load_address>0x804400</load_address>
         <run_address>0x804400</run_address>
         <size>0x400</size>
         <input_file_ref idref="fl-22"/>
      </object_component>
      <object_component id="oc-4d6">
         <name>.text:free</name>
         <load_address>0x804800</load_address>
         <run_address>0x804800</run_address>
         <size>0x3c0</size>
         <input_file_ref idref="fl-58"/>
      </object_component>
      <object_component id="oc-10a">
         <name>.text:fmodf</name>
         <load_address>0x804bc0</load_address>
         <run_address>0x804bc0</run_address>
         <size>0x360</size>
         <input_file_ref idref="fl-3d"/>
      </object_component>
      <object_component id="oc-320">
         <name>.text:fputs</name>
         <load_address>0x804f20</load_address>
         <run_address>0x804f20</run_address>
         <size>0x2e0</size>
         <input_file_ref idref="fl-24"/>
      </object_component>
      <object_component id="oc-23a">
         <name>.text:__c6xabi_divf</name>
         <load_address>0x805200</load_address>
         <run_address>0x805200</run_address>
         <size>0x2a0</size>
         <input_file_ref idref="fl-54"/>
      </object_component>
      <object_component id="oc-356">
         <name>.text:_pconv_e</name>
         <load_address>0x8054a0</load_address>
         <run_address>0x8054a0</run_address>
         <size>0x2a0</size>
         <input_file_ref idref="fl-22"/>
      </object_component>
      <object_component id="oc-440">
         <name>.text:fcvt</name>
         <load_address>0x805740</load_address>
         <run_address>0x805740</run_address>
         <size>0x2a0</size>
         <input_file_ref idref="fl-22"/>
      </object_component>
      <object_component id="oc-418">
         <name>.text:__c6xabi_divull</name>
         <load_address>0x8059e0</load_address>
         <run_address>0x8059e0</run_address>
         <size>0x260</size>
         <input_file_ref idref="fl-2c"/>
      </object_component>
      <object_component id="oc-1be">
         <name>.text:cosf</name>
         <load_address>0x805c40</load_address>
         <run_address>0x805c40</run_address>
         <size>0x260</size>
         <input_file_ref idref="fl-37"/>
      </object_component>
      <object_component id="oc-1ae">
         <name>.text:sinf</name>
         <load_address>0x805ea0</load_address>
         <run_address>0x805ea0</run_address>
         <size>0x260</size>
         <input_file_ref idref="fl-46"/>
      </object_component>
      <object_component id="oc-1c4">
         <name>.text:tanf</name>
         <load_address>0x806100</load_address>
         <run_address>0x806100</run_address>
         <size>0x240</size>
         <input_file_ref idref="fl-49"/>
      </object_component>
      <object_component id="oc-332">
         <name>.text:_ltostr</name>
         <load_address>0x806340</load_address>
         <run_address>0x806340</run_address>
         <size>0x200</size>
         <input_file_ref idref="fl-22"/>
      </object_component>
      <object_component id="oc-1ca">
         <name>.text:sinhf</name>
         <load_address>0x806540</load_address>
         <run_address>0x806540</run_address>
         <size>0x200</size>
         <input_file_ref idref="fl-47"/>
      </object_component>
      <object_component id="oc-41e">
         <name>.text:__c6xabi_divul</name>
         <load_address>0x806740</load_address>
         <run_address>0x806740</run_address>
         <size>0x1c0</size>
         <input_file_ref idref="fl-2b"/>
      </object_component>
      <object_component id="oc-287">
         <name>.text:expf</name>
         <load_address>0x806900</load_address>
         <run_address>0x806900</run_address>
         <size>0x1c0</size>
         <input_file_ref idref="fl-3b"/>
      </object_component>
      <object_component id="oc-319">
         <name>.text:fputc</name>
         <load_address>0x806ac0</load_address>
         <run_address>0x806ac0</run_address>
         <size>0x1c0</size>
         <input_file_ref idref="fl-23"/>
      </object_component>
      <object_component id="oc-2ce">
         <name>.text:frexp</name>
         <load_address>0x806c80</load_address>
         <run_address>0x806c80</run_address>
         <size>0x1c0</size>
         <input_file_ref idref="fl-4c"/>
      </object_component>
      <object_component id="oc-2d4">
         <name>.text:ldexp</name>
         <load_address>0x806e40</load_address>
         <run_address>0x806e40</run_address>
         <size>0x1c0</size>
         <input_file_ref idref="fl-4e"/>
      </object_component>
      <object_component id="oc-246">
         <name>.text:ldexpf</name>
         <load_address>0x807000</load_address>
         <run_address>0x807000</run_address>
         <size>0x1c0</size>
         <input_file_ref idref="fl-3f"/>
      </object_component>
      <object_component id="oc-4dc">
         <name>.text:malloc</name>
         <load_address>0x8071c0</load_address>
         <run_address>0x8071c0</run_address>
         <size>0x1c0</size>
         <input_file_ref idref="fl-58"/>
      </object_component>
      <object_component id="oc-163">
         <name>.text:optasm</name>
         <load_address>0x807380</load_address>
         <run_address>0x807380</run_address>
         <size>0x1c0</size>
         <input_file_ref idref="fl-83"/>
      </object_component>
      <object_component id="oc-149">
         <name>.text:optasm</name>
         <load_address>0x807540</load_address>
         <run_address>0x807540</run_address>
         <size>0x1c0</size>
         <input_file_ref idref="fl-85"/>
      </object_component>
      <object_component id="oc-159">
         <name>.text:optasm</name>
         <load_address>0x807700</load_address>
         <run_address>0x807700</run_address>
         <size>0x1c0</size>
         <input_file_ref idref="fl-87"/>
      </object_component>
      <object_component id="oc-491">
         <name>.text:setvbuf</name>
         <load_address>0x8078c0</load_address>
         <run_address>0x8078c0</run_address>
         <size>0x1c0</size>
         <input_file_ref idref="fl-26"/>
      </object_component>
      <object_component id="oc-55a">
         <name>.text:HOSTrename</name>
         <load_address>0x807a80</load_address>
         <run_address>0x807a80</run_address>
         <size>0x1a0</size>
         <input_file_ref idref="fl-70"/>
      </object_component>
      <object_component id="oc-198">
         <name>.text:asin</name>
         <load_address>0x807c20</load_address>
         <run_address>0x807c20</run_address>
         <size>0x1a0</size>
         <input_file_ref idref="fl-4b"/>
      </object_component>
      <object_component id="oc-240">
         <name>.text:frexpf</name>
         <load_address>0x807dc0</load_address>
         <run_address>0x807dc0</run_address>
         <size>0x1a0</size>
         <input_file_ref idref="fl-3e"/>
      </object_component>
      <object_component id="oc-18d">
         <name>.text:optasm</name>
         <load_address>0x807f60</load_address>
         <run_address>0x807f60</run_address>
         <size>0x1a0</size>
         <input_file_ref idref="fl-7d"/>
      </object_component>
      <object_component id="oc-173">
         <name>.text:optasm</name>
         <load_address>0x808100</load_address>
         <run_address>0x808100</run_address>
         <size>0x1a0</size>
         <input_file_ref idref="fl-7f"/>
      </object_component>
      <object_component id="oc-1b9">
         <name>.text:optasm</name>
         <load_address>0x8082a0</load_address>
         <run_address>0x8082a0</run_address>
         <size>0x180</size>
         <input_file_ref idref="fl-79"/>
      </object_component>
      <object_component id="oc-188">
         <name>.text:optasm</name>
         <load_address>0x808420</load_address>
         <run_address>0x808420</run_address>
         <size>0x180</size>
         <input_file_ref idref="fl-7e"/>
      </object_component>
      <object_component id="oc-16e">
         <name>.text:optasm</name>
         <load_address>0x8085a0</load_address>
         <run_address>0x8085a0</run_address>
         <size>0x180</size>
         <input_file_ref idref="fl-80"/>
      </object_component>
      <object_component id="oc-183">
         <name>.text:optasm</name>
         <load_address>0x808720</load_address>
         <run_address>0x808720</run_address>
         <size>0x180</size>
         <input_file_ref idref="fl-81"/>
      </object_component>
      <object_component id="oc-17e">
         <name>.text:optasm</name>
         <load_address>0x8088a0</load_address>
         <run_address>0x8088a0</run_address>
         <size>0x180</size>
         <input_file_ref idref="fl-82"/>
      </object_component>
      <object_component id="oc-15e">
         <name>.text:optasm</name>
         <load_address>0x808a20</load_address>
         <run_address>0x808a20</run_address>
         <size>0x180</size>
         <input_file_ref idref="fl-84"/>
      </object_component>
      <object_component id="oc-144">
         <name>.text:optasm</name>
         <load_address>0x808ba0</load_address>
         <run_address>0x808ba0</run_address>
         <size>0x180</size>
         <input_file_ref idref="fl-86"/>
      </object_component>
      <object_component id="oc-154">
         <name>.text:optasm</name>
         <load_address>0x808d20</load_address>
         <run_address>0x808d20</run_address>
         <size>0x180</size>
         <input_file_ref idref="fl-88"/>
      </object_component>
      <object_component id="oc-1a9">
         <name>.text:optasm</name>
         <load_address>0x808ea0</load_address>
         <run_address>0x808ea0</run_address>
         <size>0x180</size>
         <input_file_ref idref="fl-8f"/>
      </object_component>
      <object_component id="oc-1d6">
         <name>.text:coshf</name>
         <load_address>0x809020</load_address>
         <run_address>0x809020</run_address>
         <size>0x160</size>
         <input_file_ref idref="fl-38"/>
      </object_component>
      <object_component id="oc-29b">
         <name>.text:sqrt</name>
         <load_address>0x809180</load_address>
         <run_address>0x809180</run_address>
         <size>0x160</size>
         <input_file_ref idref="fl-51"/>
      </object_component>
      <object_component id="oc-115">
         <name>.text:optasm</name>
         <load_address>0x8092e0</load_address>
         <run_address>0x8092e0</run_address>
         <size>0x140</size>
         <input_file_ref idref="fl-89"/>
      </object_component>
      <object_component id="oc-350">
         <name>.text:_pconv_f</name>
         <load_address>0x809420</load_address>
         <run_address>0x809420</run_address>
         <size>0x120</size>
         <input_file_ref idref="fl-22"/>
      </object_component>
      <object_component id="oc-597">
         <name>.text:getdevice</name>
         <load_address>0x809540</load_address>
         <run_address>0x809540</run_address>
         <size>0x120</size>
         <input_file_ref idref="fl-75"/>
      </object_component>
      <object_component id="oc-272">
         <name>.text:logf</name>
         <load_address>0x809660</load_address>
         <run_address>0x809660</run_address>
         <size>0x120</size>
         <input_file_ref idref="fl-42"/>
      </object_component>
      <object_component id="oc-1b4">
         <name>.text:optasm</name>
         <load_address>0x809780</load_address>
         <run_address>0x809780</run_address>
         <size>0x120</size>
         <input_file_ref idref="fl-7a"/>
      </object_component>
      <object_component id="oc-110">
         <name>.text:optasm</name>
         <load_address>0x8098a0</load_address>
         <run_address>0x8098a0</run_address>
         <size>0x120</size>
         <input_file_ref idref="fl-8a"/>
      </object_component>
      <object_component id="oc-1a4">
         <name>.text:optasm</name>
         <load_address>0x8099c0</load_address>
         <run_address>0x8099c0</run_address>
         <size>0x120</size>
         <input_file_ref idref="fl-90"/>
      </object_component>
      <object_component id="oc-134">
         <name>.text:sqrtf</name>
         <load_address>0x809ae0</load_address>
         <run_address>0x809ae0</run_address>
         <size>0x120</size>
         <input_file_ref idref="fl-48"/>
      </object_component>
      <object_component id="oc-52d">
         <name>.text:__TI_closefile</name>
         <load_address>0x809c00</load_address>
         <run_address>0x809c00</run_address>
         <size>0x100</size>
         <input_file_ref idref="fl-74"/>
      </object_component>
      <object_component id="oc-39">
         <name>.text:__TI_decompress_rle_core</name>
         <load_address>0x809d00</load_address>
         <run_address>0x809d00</run_address>
         <size>0x100</size>
         <input_file_ref idref="fl-35"/>
      </object_component>
      <object_component id="oc-439">
         <name>.text:_mcpy</name>
         <load_address>0x809e00</load_address>
         <run_address>0x809e00</run_address>
         <size>0x100</size>
         <input_file_ref idref="fl-22"/>
      </object_component>
      <object_component id="oc-32c">
         <name>.text:atoi</name>
         <load_address>0x809f00</load_address>
         <run_address>0x809f00</run_address>
         <size>0x100</size>
         <input_file_ref idref="fl-5c"/>
      </object_component>
      <object_component id="oc-48b">
         <name>.text:fseek</name>
         <load_address>0x80a000</load_address>
         <run_address>0x80a000</run_address>
         <size>0x100</size>
         <input_file_ref idref="fl-67"/>
      </object_component>
      <object_component id="oc-54e">
         <name>.text:HOSTlseek</name>
         <load_address>0x80a100</load_address>
         <run_address>0x80a100</run_address>
         <size>0xe0</size>
         <input_file_ref idref="fl-6d"/>
      </object_component>
      <object_component id="oc-536">
         <name>.text:HOSTopen</name>
         <load_address>0x80a1e0</load_address>
         <run_address>0x80a1e0</run_address>
         <size>0xe0</size>
         <input_file_ref idref="fl-6e"/>
      </object_component>
      <object_component id="oc-548">
         <name>.text:HOSTwrite</name>
         <load_address>0x80a2c0</load_address>
         <run_address>0x80a2c0</run_address>
         <size>0xe0</size>
         <input_file_ref idref="fl-72"/>
      </object_component>
      <object_component id="oc-42d">
         <name>.text:__TI_ltoa</name>
         <load_address>0x80a3a0</load_address>
         <run_address>0x80a3a0</run_address>
         <size>0xe0</size>
         <input_file_ref idref="fl-5a"/>
      </object_component>
      <object_component id="oc-3fc">
         <name>.text:__TI_wrt_ok</name>
         <load_address>0x80a480</load_address>
         <run_address>0x80a480</run_address>
         <size>0xe0</size>
         <input_file_ref idref="fl-25"/>
      </object_component>
      <object_component id="oc-56a">
         <name>.text:close</name>
         <load_address>0x80a560</load_address>
         <run_address>0x80a560</run_address>
         <size>0xe0</size>
         <input_file_ref idref="fl-76"/>
      </object_component>
      <object_component id="oc-57">
         <name>.text:exit</name>
         <load_address>0x80a640</load_address>
         <run_address>0x80a640</run_address>
         <size>0xe0</size>
         <input_file_ref idref="fl-57"/>
      </object_component>
      <object_component id="oc-78">
         <name>.text:memset</name>
         <load_address>0x80a720</load_address>
         <run_address>0x80a720</run_address>
         <size>0xe0</size>
         <input_file_ref idref="fl-2e"/>
      </object_component>
      <object_component id="oc-13f">
         <name>.text:optasm</name>
         <load_address>0x80a800</load_address>
         <run_address>0x80a800</run_address>
         <size>0xe0</size>
         <input_file_ref idref="fl-8d"/>
      </object_component>
      <object_component id="oc-ee">
         <name>.text:printf</name>
         <load_address>0x80a8e0</load_address>
         <run_address>0x80a8e0</run_address>
         <size>0xe0</size>
         <input_file_ref idref="fl-21"/>
      </object_component>
      <object_component id="oc-542">
         <name>.text:HOSTread</name>
         <load_address>0x80a9c0</load_address>
         <run_address>0x80a9c0</run_address>
         <size>0xc0</size>
         <input_file_ref idref="fl-6f"/>
      </object_component>
      <object_component id="oc-554">
         <name>.text:HOSTunlink</name>
         <load_address>0x80aa80</load_address>
         <run_address>0x80aa80</run_address>
         <size>0xc0</size>
         <input_file_ref idref="fl-71"/>
      </object_component>
      <object_component id="oc-a0">
         <name>.text:__TI_auto_init_nobinit_nopinit:__TI_auto_init_nobinit_nopinit</name>
         <load_address>0x80ab40</load_address>
         <run_address>0x80ab40</run_address>
         <size>0xc0</size>
         <input_file_ref idref="fl-2f"/>
      </object_component>
      <object_component id="oc-424">
         <name>.text:__divu</name>
         <load_address>0x80ac00</load_address>
         <run_address>0x80ac00</run_address>
         <size>0xc0</size>
         <input_file_ref idref="fl-28"/>
      </object_component>
      <object_component id="oc-2e6">
         <name>.text:modf</name>
         <load_address>0x80acc0</load_address>
         <run_address>0x80acc0</run_address>
         <size>0xc0</size>
         <input_file_ref idref="fl-69"/>
      </object_component>
      <object_component id="oc-522">
         <name>.text:mremove</name>
         <load_address>0x80ad80</load_address>
         <run_address>0x80ad80</run_address>
         <size>0xc0</size>
         <input_file_ref idref="fl-58"/>
      </object_component>
      <object_component id="oc-12f">
         <name>.text:optasm</name>
         <load_address>0x80ae40</load_address>
         <run_address>0x80ae40</run_address>
         <size>0xc0</size>
         <input_file_ref idref="fl-91"/>
      </object_component>
      <object_component id="oc-1ef">
         <name>.text:tls:init:__TI_tls_init</name>
         <load_address>0x80af00</load_address>
         <run_address>0x80af00</run_address>
         <size>0xc0</size>
         <input_file_ref idref="fl-61"/>
      </object_component>
      <object_component id="oc-53c">
         <name>.text:HOSTclose</name>
         <load_address>0x80afc0</load_address>
         <run_address>0x80afc0</run_address>
         <size>0xa0</size>
         <input_file_ref idref="fl-6c"/>
      </object_component>
      <object_component id="oc-4e2">
         <name>.text:__TI_cleanup</name>
         <load_address>0x80b060</load_address>
         <run_address>0x80b060</run_address>
         <size>0xa0</size>
         <input_file_ref idref="fl-66"/>
      </object_component>
      <object_component id="oc-402">
         <name>.text:__TI_doflush</name>
         <load_address>0x80b100</load_address>
         <run_address>0x80b100</run_address>
         <size>0xa0</size>
         <input_file_ref idref="fl-65"/>
      </object_component>
      <object_component id="oc-2da">
         <name>.text:__c6xabi_nround</name>
         <load_address>0x80b1a0</load_address>
         <run_address>0x80b1a0</run_address>
         <size>0xa0</size>
         <input_file_ref idref="fl-50"/>
      </object_component>
      <object_component id="oc-433">
         <name>.text:_ecpy</name>
         <load_address>0x80b240</load_address>
         <run_address>0x80b240</run_address>
         <size>0xa0</size>
         <input_file_ref idref="fl-22"/>
      </object_component>
      <object_component id="oc-5b7">
         <name>.text:finddevice</name>
         <load_address>0x80b2e0</load_address>
         <run_address>0x80b2e0</run_address>
         <size>0xa0</size>
         <input_file_ref idref="fl-75"/>
      </object_component>
      <object_component id="oc-2d">
         <name>.text:memcpy</name>
         <load_address>0x80b380</load_address>
         <run_address>0x80b380</run_address>
         <size>0xa0</size>
         <input_file_ref idref="fl-29"/>
      </object_component>
      <object_component id="oc-51c">
         <name>.text:minsert</name>
         <load_address>0x80b420</load_address>
         <run_address>0x80b420</run_address>
         <size>0xa0</size>
         <input_file_ref idref="fl-58"/>
      </object_component>
      <object_component id="oc-12a">
         <name>.text:optasm</name>
         <load_address>0x80b4c0</load_address>
         <run_address>0x80b4c0</run_address>
         <size>0xa0</size>
         <input_file_ref idref="fl-92"/>
      </object_component>
      <object_component id="oc-582">
         <name>.text:__TI_readmsg</name>
         <load_address>0x80b560</load_address>
         <run_address>0x80b560</run_address>
         <size>0x80</size>
         <input_file_ref idref="fl-73"/>
      </object_component>
      <object_component id="oc-4a9">
         <name>.text:__c6xabi_llshl</name>
         <load_address>0x80b5e0</load_address>
         <run_address>0x80b5e0</run_address>
         <size>0x80</size>
         <input_file_ref idref="fl-2d"/>
      </object_component>
      <object_component id="oc-24c">
         <name>.text:__c6xabi_roundf</name>
         <load_address>0x80b660</load_address>
         <run_address>0x80b660</run_address>
         <size>0x80</size>
         <input_file_ref idref="fl-45"/>
      </object_component>
      <object_component id="oc-21">
         <name>.text:_c_int00</name>
         <load_address>0x80b6e0</load_address>
         <run_address>0x80b6e0</run_address>
         <size>0x80</size>
         <input_file_ref idref="fl-2a"/>
      </object_component>
      <object_component id="oc-f9">
         <name>.text:optasm</name>
         <load_address>0x80b760</load_address>
         <run_address>0x80b760</run_address>
         <size>0x80</size>
         <input_file_ref idref="fl-7b"/>
      </object_component>
      <object_component id="oc-125">
         <name>.text:optasm</name>
         <load_address>0x80b7e0</load_address>
         <run_address>0x80b7e0</run_address>
         <size>0x80</size>
         <input_file_ref idref="fl-8b"/>
      </object_component>
      <object_component id="oc-13a">
         <name>.text:optasm</name>
         <load_address>0x80b860</load_address>
         <run_address>0x80b860</run_address>
         <size>0x80</size>
         <input_file_ref idref="fl-8e"/>
      </object_component>
      <object_component id="oc-570">
         <name>.text:unlink</name>
         <load_address>0x80b8e0</load_address>
         <run_address>0x80b8e0</run_address>
         <size>0x80</size>
         <input_file_ref idref="fl-78"/>
      </object_component>
      <object_component id="oc-57c">
         <name>.text:__TI_writemsg</name>
         <load_address>0x80b960</load_address>
         <run_address>0x80b960</run_address>
         <size>0x60</size>
         <input_file_ref idref="fl-73"/>
      </object_component>
      <object_component id="oc-2a3">
         <name>.text:__c6xabi_llshru</name>
         <load_address>0x80b9c0</load_address>
         <run_address>0x80b9c0</run_address>
         <size>0x60</size>
         <input_file_ref idref="fl-2d"/>
      </object_component>
      <object_component id="oc-4af">
         <name>.text:_subcull</name>
         <load_address>0x80ba20</load_address>
         <run_address>0x80ba20</run_address>
         <size>0x60</size>
         <input_file_ref idref="fl-2c"/>
      </object_component>
      <object_component id="oc-168">
         <name>.text:log10f</name>
         <load_address>0x80ba80</load_address>
         <run_address>0x80ba80</run_address>
         <size>0x60</size>
         <input_file_ref idref="fl-40"/>
      </object_component>
      <object_component id="oc-14e">
         <name>.text:log2f</name>
         <load_address>0x80bae0</load_address>
         <run_address>0x80bae0</run_address>
         <size>0x60</size>
         <input_file_ref idref="fl-41"/>
      </object_component>
      <object_component id="oc-4ce">
         <name>.text:lseek</name>
         <load_address>0x80bb40</load_address>
         <run_address>0x80bb40</run_address>
         <size>0x60</size>
         <input_file_ref idref="fl-6a"/>
      </object_component>
      <object_component id="oc-362">
         <name>.text:memccpy</name>
         <load_address>0x80bba0</load_address>
         <run_address>0x80bba0</run_address>
         <size>0x60</size>
         <input_file_ref idref="fl-5f"/>
      </object_component>
      <object_component id="oc-22c">
         <name>.text:modff</name>
         <load_address>0x80bc00</load_address>
         <run_address>0x80bc00</run_address>
         <size>0x60</size>
         <input_file_ref idref="fl-43"/>
      </object_component>
      <object_component id="oc-f4">
         <name>.text:optasm</name>
         <load_address>0x80bc60</load_address>
         <run_address>0x80bc60</run_address>
         <size>0x60</size>
         <input_file_ref idref="fl-7c"/>
      </object_component>
      <object_component id="oc-120">
         <name>.text:optasm</name>
         <load_address>0x80bcc0</load_address>
         <run_address>0x80bcc0</run_address>
         <size>0x60</size>
         <input_file_ref idref="fl-8c"/>
      </object_component>
      <object_component id="oc-408">
         <name>.text:write</name>
         <load_address>0x80bd20</load_address>
         <run_address>0x80bd20</run_address>
         <size>0x60</size>
         <input_file_ref idref="fl-60"/>
      </object_component>
      <object_component id="oc-2a9">
         <name>.text:__TI_frcmpyd_div</name>
         <load_address>0x80bd80</load_address>
         <run_address>0x80bd80</run_address>
         <size>0x40</size>
         <input_file_ref idref="fl-56"/>
      </object_component>
      <object_component id="oc-33e">
         <name>.text:__c6xabi_isinf</name>
         <load_address>0x80bdc0</load_address>
         <run_address>0x80bdc0</run_address>
         <size>0x40</size>
         <input_file_ref idref="fl-4d"/>
      </object_component>
      <object_component id="oc-338">
         <name>.text:__c6xabi_isnan</name>
         <load_address>0x80be00</load_address>
         <run_address>0x80be00</run_address>
         <size>0x40</size>
         <input_file_ref idref="fl-22"/>
      </object_component>
      <object_component id="oc-51">
         <name>.text:_args_main</name>
         <load_address>0x80be40</load_address>
         <run_address>0x80be40</run_address>
         <size>0x40</size>
         <input_file_ref idref="fl-5b"/>
      </object_component>
      <object_component id="oc-104">
         <name>.text:ceilf</name>
         <load_address>0x80be80</load_address>
         <run_address>0x80be80</run_address>
         <size>0x40</size>
         <input_file_ref idref="fl-36"/>
      </object_component>
      <object_component id="oc-fe">
         <name>.text:floorf</name>
         <load_address>0x80bec0</load_address>
         <run_address>0x80bec0</run_address>
         <size>0x40</size>
         <input_file_ref idref="fl-3c"/>
      </object_component>
      <object_component id="oc-368">
         <name>.text:wcslen</name>
         <load_address>0x80bf00</load_address>
         <run_address>0x80bf00</run_address>
         <size>0x40</size>
         <input_file_ref idref="fl-64"/>
      </object_component>
      <object_component id="oc-283">
         <name>.text</name>
         <load_address>0x80bf40</load_address>
         <run_address>0x80bf40</run_address>
         <size>0x38</size>
         <input_file_ref idref="fl-80"/>
      </object_component>
      <object_component id="oc-290">
         <name>.text</name>
         <load_address>0x80bf78</load_address>
         <run_address>0x80bf78</run_address>
         <size>0x38</size>
         <input_file_ref idref="fl-82"/>
      </object_component>
      <object_component id="oc-27d">
         <name>.text</name>
         <load_address>0x80bfb0</load_address>
         <run_address>0x80bfb0</run_address>
         <size>0x38</size>
         <input_file_ref idref="fl-84"/>
      </object_component>
      <object_component id="oc-234">
         <name>.text:__c6xabi_errno_addr</name>
         <load_address>0x80c000</load_address>
         <run_address>0x80c000</run_address>
         <size>0x20</size>
         <input_file_ref idref="fl-63"/>
      </object_component>
      <object_component id="oc-2e0">
         <name>.text:__c6xabi_trunc</name>
         <load_address>0x80c020</load_address>
         <run_address>0x80c020</run_address>
         <size>0x20</size>
         <input_file_ref idref="fl-52"/>
      </object_component>
      <object_component id="oc-252">
         <name>.text:__c6xabi_truncf</name>
         <load_address>0x80c040</load_address>
         <run_address>0x80c040</run_address>
         <size>0x20</size>
         <input_file_ref idref="fl-4a"/>
      </object_component>
      <object_component id="oc-36e">
         <name>.text:__pop_rts</name>
         <load_address>0x80c060</load_address>
         <run_address>0x80c060</run_address>
         <size>0x20</size>
         <input_file_ref idref="fl-27"/>
      </object_component>
      <object_component id="oc-327">
         <name>.text:__push_rts</name>
         <load_address>0x80c080</load_address>
         <run_address>0x80c080</run_address>
         <size>0x20</size>
         <input_file_ref idref="fl-27"/>
      </object_component>
      <object_component id="oc-30a">
         <name>.text:_nop</name>
         <load_address>0x80c0a0</load_address>
         <run_address>0x80c0a0</run_address>
         <size>0x20</size>
         <input_file_ref idref="fl-59"/>
      </object_component>
      <object_component id="oc-216">
         <name>.text:_outc</name>
         <load_address>0x80c0c0</load_address>
         <run_address>0x80c0c0</run_address>
         <size>0x20</size>
         <input_file_ref idref="fl-21"/>
      </object_component>
      <object_component id="oc-21c">
         <name>.text:_outs</name>
         <load_address>0x80c0e0</load_address>
         <run_address>0x80c0e0</run_address>
         <size>0x20</size>
         <input_file_ref idref="fl-21"/>
      </object_component>
      <object_component id="oc-344">
         <name>.text:_signbit</name>
         <load_address>0x80c100</load_address>
         <run_address>0x80c100</run_address>
         <size>0x20</size>
         <input_file_ref idref="fl-53"/>
      </object_component>
      <object_component id="oc-1e9">
         <name>.text:_system_post_cinit</name>
         <load_address>0x80c120</load_address>
         <run_address>0x80c120</run_address>
         <size>0x20</size>
         <input_file_ref idref="fl-31"/>
      </object_component>
      <object_component id="oc-5d">
         <name>.text:_system_pre_init</name>
         <load_address>0x80c140</load_address>
         <run_address>0x80c140</run_address>
         <size>0x20</size>
         <input_file_ref idref="fl-30"/>
      </object_component>
      <object_component id="oc-97">
         <name>.text:abort</name>
         <load_address>0x80c160</load_address>
         <run_address>0x80c160</run_address>
         <size>0x20</size>
         <input_file_ref idref="fl-57"/>
      </object_component>
      <object_component id="oc-14">
         <name>.text:decompress:none:__TI_decompress_none</name>
         <load_address>0x80c180</load_address>
         <run_address>0x80c180</run_address>
         <size>0x20</size>
         <input_file_ref idref="fl-34"/>
      </object_component>
      <object_component id="oc-1a">
         <name>.text:decompress:rle24:__TI_decompress_rle24</name>
         <load_address>0x80c1a0</load_address>
         <run_address>0x80c1a0</run_address>
         <size>0x20</size>
         <input_file_ref idref="fl-35"/>
      </object_component>
      <object_component id="oc-192">
         <name>.text:exp10f</name>
         <load_address>0x80c1c0</load_address>
         <run_address>0x80c1c0</run_address>
         <size>0x20</size>
         <input_file_ref idref="fl-39"/>
      </object_component>
      <object_component id="oc-178">
         <name>.text:exp2f</name>
         <load_address>0x80c1e0</load_address>
         <run_address>0x80c1e0</run_address>
         <size>0x20</size>
         <input_file_ref idref="fl-3a"/>
      </object_component>
      <object_component id="oc-25b">
         <name>.text</name>
         <load_address>0x80c200</load_address>
         <run_address>0x80c200</run_address>
         <size>0x20</size>
         <input_file_ref idref="fl-89"/>
      </object_component>
      <object_component id="oc-27">
         <name>.stack</name>
         <uninitialized>true</uninitialized>
         <run_address>0x80c220</run_address>
         <size>0x8</size>
         <input_file_ref idref="fl-2a"/>
      </object_component>
      <object_component id="oc-5f6">
         <name>.stack</name>
         <uninitialized>true</uninitialized>
         <run_address>0x80c220</run_address>
         <size>0x0</size>
      </object_component>
      <object_component id="oc-5a3">
         <name>.cio</name>
         <uninitialized>true</uninitialized>
         <run_address>0x80f4c8</run_address>
         <size>0x120</size>
         <input_file_ref idref="fl-73"/>
      </object_component>
      <object_component id="oc-ed">
         <name>.const:.string</name>
         <load_address>0x80e220</load_address>
         <run_address>0x80e220</run_address>
         <size>0x510</size>
         <input_file_ref idref="fl-2"/>
      </object_component>
      <object_component id="oc-413">
         <name>.const:.string:_ctypes_</name>
         <load_address>0x80e730</load_address>
         <run_address>0x80e730</run_address>
         <size>0x101</size>
         <input_file_ref idref="fl-5d"/>
      </object_component>
      <object_component id="oc-373">
         <name>.const:.string</name>
         <load_address>0x80e834</load_address>
         <run_address>0x80e834</run_address>
         <size>0x24</size>
         <input_file_ref idref="fl-22"/>
      </object_component>
      <object_component id="oc-2c1">
         <name>.data</name>
         <load_address>0x80ec20</load_address>
         <run_address>0x80ec20</run_address>
         <size>0x60</size>
         <input_file_ref idref="fl-79"/>
      </object_component>
      <object_component id="oc-296">
         <name>.data</name>
         <load_address>0x80e860</load_address>
         <run_address>0x80e860</run_address>
         <size>0xc0</size>
         <input_file_ref idref="fl-7d"/>
      </object_component>
      <object_component id="oc-294">
         <name>.data</name>
         <load_address>0x80ec80</load_address>
         <run_address>0x80ec80</run_address>
         <size>0x60</size>
         <input_file_ref idref="fl-7e"/>
      </object_component>
      <object_component id="oc-285">
         <name>.data</name>
         <load_address>0x80e920</load_address>
         <run_address>0x80e920</run_address>
         <size>0xc0</size>
         <input_file_ref idref="fl-7f"/>
      </object_component>
      <object_component id="oc-282">
         <name>.data</name>
         <load_address>0x80edb0</load_address>
         <run_address>0x80edb0</run_address>
         <size>0x24</size>
         <input_file_ref idref="fl-80"/>
      </object_component>
      <object_component id="oc-292">
         <name>.data</name>
         <load_address>0x80e9e0</load_address>
         <run_address>0x80e9e0</run_address>
         <size>0xc0</size>
         <input_file_ref idref="fl-81"/>
      </object_component>
      <object_component id="oc-28f">
         <name>.data</name>
         <load_address>0x80edd4</load_address>
         <run_address>0x80edd4</run_address>
         <size>0x24</size>
         <input_file_ref idref="fl-82"/>
      </object_component>
      <object_component id="oc-27f">
         <name>.data</name>
         <load_address>0x80eb20</load_address>
         <run_address>0x80eb20</run_address>
         <size>0x78</size>
         <input_file_ref idref="fl-83"/>
      </object_component>
      <object_component id="oc-270">
         <name>.data</name>
         <load_address>0x80eaa0</load_address>
         <run_address>0x80eaa0</run_address>
         <size>0x80</size>
         <input_file_ref idref="fl-85"/>
      </object_component>
      <object_component id="oc-26e">
         <name>.data</name>
         <load_address>0x80ed40</load_address>
         <run_address>0x80ed40</run_address>
         <size>0x38</size>
         <input_file_ref idref="fl-86"/>
      </object_component>
      <object_component id="oc-27b">
         <name>.data</name>
         <load_address>0x80eb98</load_address>
         <run_address>0x80eb98</run_address>
         <size>0x78</size>
         <input_file_ref idref="fl-87"/>
      </object_component>
      <object_component id="oc-279">
         <name>.data</name>
         <load_address>0x80ed78</load_address>
         <run_address>0x80ed78</run_address>
         <size>0x38</size>
         <input_file_ref idref="fl-88"/>
      </object_component>
      <object_component id="oc-2bb">
         <name>.data</name>
         <load_address>0x80ece0</load_address>
         <run_address>0x80ece0</run_address>
         <size>0x60</size>
         <input_file_ref idref="fl-8f"/>
      </object_component>
      <object_component id="oc-374">
         <name>.switch:__TI_printfi</name>
         <load_address>0x80f5e8</load_address>
         <run_address>0x80f5e8</run_address>
         <size>0x38</size>
         <input_file_ref idref="fl-22"/>
      </object_component>
      <object_component id="oc-2a">
         <name>.sysmem</name>
         <uninitialized>true</uninitialized>
         <run_address>0x80d220</run_address>
         <size>0x8</size>
         <input_file_ref idref="fl-58"/>
      </object_component>
      <object_component id="oc-5f7">
         <name>.sysmem</name>
         <uninitialized>true</uninitialized>
         <run_address>0x80d220</run_address>
         <size>0x0</size>
      </object_component>
      <object_component id="oc-5f3">
         <name>.cinit..data.load</name>
         <load_address>0x80f620</load_address>
         <run_address>0x80f620</run_address>
         <size>0x4f2</size>
      </object_component>
      <object_component id="oc-5f4">
         <name>.cinit..fardata.load</name>
         <load_address>0x80fb12</load_address>
         <run_address>0x80fb12</run_address>
         <size>0x2cf</size>
      </object_component>
      <object_component id="oc-5f5">
         <name>.cinit..far.load</name>
         <load_address>0x80fde1</load_address>
         <run_address>0x80fde1</run_address>
         <size>0xb</size>
      </object_component>
      <object_component id="oc-5f1">
         <name>__TI_handler_table</name>
         <load_address>0x80fdec</load_address>
         <run_address>0x80fdec</run_address>
         <size>0x8</size>
      </object_component>
      <object_component id="oc-5f2">
         <name>__TI_cinit_table</name>
         <load_address>0x80fdf8</load_address>
         <run_address>0x80fdf8</run_address>
         <size>0x18</size>
      </object_component>
      <object_component id="oc-2c3">
         <name>.fardata:R$1</name>
         <load_address>0x80f318</load_address>
         <run_address>0x80f318</run_address>
         <size>0x10</size>
         <input_file_ref idref="fl-37"/>
      </object_component>
      <object_component id="oc-3a9">
         <name>.fardata:exp_consts$1</name>
         <load_address>0x80f2f8</load_address>
         <run_address>0x80f2f8</run_address>
         <size>0x1c</size>
         <input_file_ref idref="fl-3b"/>
      </object_component>
      <object_component id="oc-3a6">
         <name>.fardata:log_consts$1</name>
         <load_address>0x80f2d8</load_address>
         <run_address>0x80f2d8</run_address>
         <size>0x20</size>
         <input_file_ref idref="fl-42"/>
      </object_component>
      <object_component id="oc-25d">
         <name>.fardata:A1$1</name>
         <load_address>0x80f1d8</load_address>
         <run_address>0x80f1d8</run_address>
         <size>0x44</size>
         <input_file_ref idref="fl-44"/>
      </object_component>
      <object_component id="oc-25e">
         <name>.fardata:A2$2</name>
         <load_address>0x80f298</load_address>
         <run_address>0x80f298</run_address>
         <size>0x20</size>
         <input_file_ref idref="fl-44"/>
      </object_component>
      <object_component id="oc-25f">
         <name>.fardata:P$3</name>
         <load_address>0x80f370</load_address>
         <run_address>0x80f370</run_address>
         <size>0x4</size>
         <input_file_ref idref="fl-44"/>
      </object_component>
      <object_component id="oc-260">
         <name>.fardata:Q$4</name>
         <load_address>0x80f338</load_address>
         <run_address>0x80f338</run_address>
         <size>0xc</size>
         <input_file_ref idref="fl-44"/>
      </object_component>
      <object_component id="oc-2bd">
         <name>.fardata:R$1</name>
         <load_address>0x80f328</load_address>
         <run_address>0x80f328</run_address>
         <size>0x10</size>
         <input_file_ref idref="fl-46"/>
      </object_component>
      <object_component id="oc-2ca">
         <name>.fardata:P$1</name>
         <load_address>0x80f350</load_address>
         <run_address>0x80f350</run_address>
         <size>0x8</size>
         <input_file_ref idref="fl-47"/>
      </object_component>
      <object_component id="oc-2cb">
         <name>.fardata:Q$2</name>
         <load_address>0x80f378</load_address>
         <run_address>0x80f378</run_address>
         <size>0x4</size>
         <input_file_ref idref="fl-47"/>
      </object_component>
      <object_component id="oc-2c7">
         <name>.fardata:P$1</name>
         <load_address>0x80f368</load_address>
         <run_address>0x80f368</run_address>
         <size>0x4</size>
         <input_file_ref idref="fl-49"/>
      </object_component>
      <object_component id="oc-2c6">
         <name>.fardata:Q$2</name>
         <load_address>0x80f358</load_address>
         <run_address>0x80f358</run_address>
         <size>0x8</size>
         <input_file_ref idref="fl-49"/>
      </object_component>
      <object_component id="oc-29a">
         <name>.fardata:asin_consts$1</name>
         <load_address>0x80f178</load_address>
         <run_address>0x80f178</run_address>
         <size>0x60</size>
         <input_file_ref idref="fl-4b"/>
      </object_component>
      <object_component id="oc-2ec">
         <name>.fardata:A1$1</name>
         <load_address>0x80f078</load_address>
         <run_address>0x80f078</run_address>
         <size>0x88</size>
         <input_file_ref idref="fl-4f"/>
      </object_component>
      <object_component id="oc-2ed">
         <name>.fardata:A2$2</name>
         <load_address>0x80f220</load_address>
         <run_address>0x80f220</run_address>
         <size>0x40</size>
         <input_file_ref idref="fl-4f"/>
      </object_component>
      <object_component id="oc-2ee">
         <name>.fardata:P$3</name>
         <load_address>0x80f2b8</load_address>
         <run_address>0x80f2b8</run_address>
         <size>0x20</size>
         <input_file_ref idref="fl-4f"/>
      </object_component>
      <object_component id="oc-2ef">
         <name>.fardata:Q$4</name>
         <load_address>0x80f260</load_address>
         <run_address>0x80f260</run_address>
         <size>0x38</size>
         <input_file_ref idref="fl-4f"/>
      </object_component>
      <object_component id="oc-94">
         <name>.fardata</name>
         <load_address>0x80f344</load_address>
         <run_address>0x80f344</run_address>
         <size>0xc</size>
         <input_file_ref idref="fl-57"/>
      </object_component>
      <object_component id="oc-519">
         <name>.fardata</name>
         <load_address>0x80f360</load_address>
         <run_address>0x80f360</run_address>
         <size>0x8</size>
         <input_file_ref idref="fl-58"/>
      </object_component>
      <object_component id="oc-20d">
         <name>.fardata:_lock</name>
         <load_address>0x80f21c</load_address>
         <run_address>0x80f21c</run_address>
         <size>0x4</size>
         <input_file_ref idref="fl-59"/>
      </object_component>
      <object_component id="oc-213">
         <name>.fardata:_unlock</name>
         <load_address>0x80f314</load_address>
         <run_address>0x80f314</run_address>
         <size>0x4</size>
         <input_file_ref idref="fl-59"/>
      </object_component>
      <object_component id="oc-210">
         <name>.fardata:_ftable</name>
         <load_address>0x80edf8</load_address>
         <run_address>0x80edf8</run_address>
         <size>0x1e0</size>
         <input_file_ref idref="fl-5e"/>
      </object_component>
      <object_component id="oc-52a">
         <name>.fardata</name>
         <load_address>0x80f36c</load_address>
         <run_address>0x80f36c</run_address>
         <size>0x4</size>
         <input_file_ref idref="fl-5e"/>
      </object_component>
      <object_component id="oc-4f3">
         <name>.fardata:_device</name>
         <load_address>0x80f100</load_address>
         <run_address>0x80f100</run_address>
         <size>0x78</size>
         <input_file_ref idref="fl-60"/>
      </object_component>
      <object_component id="oc-49b">
         <name>.fardata:_stream</name>
         <load_address>0x80efd8</load_address>
         <run_address>0x80efd8</run_address>
         <size>0xa0</size>
         <input_file_ref idref="fl-60"/>
      </object_component>
      <object_component id="oc-265">
         <name>.fardata</name>
         <load_address>0x80f374</load_address>
         <run_address>0x80f374</run_address>
         <size>0x4</size>
         <input_file_ref idref="fl-63"/>
      </object_component>
      <object_component id="oc-576">
         <name>.common:__TI_tmpnams</name>
         <uninitialized>true</uninitialized>
         <run_address>0x80f380</run_address>
         <size>0x140</size>
      </object_component>
      <object_component id="oc-579">
         <name>.common:parmbuf</name>
         <uninitialized>true</uninitialized>
         <run_address>0x80f4c0</run_address>
         <size>0x8</size>
      </object_component>
      <object_component id="oc-4c8">
         <name>.debug_info</name>
         <load_address>0x0</load_address>
         <run_address>0x0</run_address>
         <size>0xadf</size>
         <input_file_ref idref="fl-2"/>
      </object_component>
      <object_component id="oc-8d">
         <name>.debug_info</name>
         <load_address>0xadf</load_address>
         <run_address>0xadf</run_address>
         <size>0x656</size>
         <input_file_ref idref="fl-2"/>
      </object_component>
      <object_component id="oc-510">
         <name>.debug_info</name>
         <load_address>0x1135</load_address>
         <run_address>0x1135</run_address>
         <size>0x26b</size>
         <input_file_ref idref="fl-2"/>
      </object_component>
      <object_component id="oc-73">
         <name>.debug_info</name>
         <load_address>0x13a0</load_address>
         <run_address>0x13a0</run_address>
         <size>0xc0</size>
         <input_file_ref idref="fl-2"/>
      </object_component>
      <object_component id="oc-45a">
         <name>.debug_info</name>
         <load_address>0x1460</load_address>
         <run_address>0x1460</run_address>
         <size>0x275</size>
         <input_file_ref idref="fl-2"/>
      </object_component>
      <object_component id="oc-377">
         <name>.debug_info</name>
         <load_address>0x16d5</load_address>
         <run_address>0x16d5</run_address>
         <size>0x2c</size>
         <input_file_ref idref="fl-2"/>
      </object_component>
      <object_component id="oc-229">
         <name>.debug_info</name>
         <load_address>0x1701</load_address>
         <run_address>0x1701</run_address>
         <size>0x6b0</size>
         <input_file_ref idref="fl-21"/>
      </object_component>
      <object_component id="oc-217">
         <name>.debug_info</name>
         <load_address>0x1db1</load_address>
         <run_address>0x1db1</run_address>
         <size>0x152</size>
         <input_file_ref idref="fl-21"/>
      </object_component>
      <object_component id="oc-21d">
         <name>.debug_info</name>
         <load_address>0x1f03</load_address>
         <run_address>0x1f03</run_address>
         <size>0x161</size>
         <input_file_ref idref="fl-21"/>
      </object_component>
      <object_component id="oc-f0">
         <name>.debug_info</name>
         <load_address>0x2064</load_address>
         <run_address>0x2064</run_address>
         <size>0x199</size>
         <input_file_ref idref="fl-21"/>
      </object_component>
      <object_component id="oc-38d">
         <name>.debug_info</name>
         <load_address>0x21fd</load_address>
         <run_address>0x21fd</run_address>
         <size>0xb2</size>
         <input_file_ref idref="fl-21"/>
      </object_component>
      <object_component id="oc-376">
         <name>.debug_info</name>
         <load_address>0x22af</load_address>
         <run_address>0x22af</run_address>
         <size>0x80e</size>
         <input_file_ref idref="fl-22"/>
      </object_component>
      <object_component id="oc-334">
         <name>.debug_info</name>
         <load_address>0x2abd</load_address>
         <run_address>0x2abd</run_address>
         <size>0x26b</size>
         <input_file_ref idref="fl-22"/>
      </object_component>
      <object_component id="oc-339">
         <name>.debug_info</name>
         <load_address>0x2d28</load_address>
         <run_address>0x2d28</run_address>
         <size>0x222</size>
         <input_file_ref idref="fl-22"/>
      </object_component>
      <object_component id="oc-434">
         <name>.debug_info</name>
         <load_address>0x2f4a</load_address>
         <run_address>0x2f4a</run_address>
         <size>0x1a9</size>
         <input_file_ref idref="fl-22"/>
      </object_component>
      <object_component id="oc-43a">
         <name>.debug_info</name>
         <load_address>0x30f3</load_address>
         <run_address>0x30f3</run_address>
         <size>0x21a</size>
         <input_file_ref idref="fl-22"/>
      </object_component>
      <object_component id="oc-34b">
         <name>.debug_info</name>
         <load_address>0x330d</load_address>
         <run_address>0x330d</run_address>
         <size>0x304</size>
         <input_file_ref idref="fl-22"/>
      </object_component>
      <object_component id="oc-441">
         <name>.debug_info</name>
         <load_address>0x3611</load_address>
         <run_address>0x3611</run_address>
         <size>0x246</size>
         <input_file_ref idref="fl-22"/>
      </object_component>
      <object_component id="oc-351">
         <name>.debug_info</name>
         <load_address>0x3857</load_address>
         <run_address>0x3857</run_address>
         <size>0x272</size>
         <input_file_ref idref="fl-22"/>
      </object_component>
      <object_component id="oc-357">
         <name>.debug_info</name>
         <load_address>0x3ac9</load_address>
         <run_address>0x3ac9</run_address>
         <size>0x2ec</size>
         <input_file_ref idref="fl-22"/>
      </object_component>
      <object_component id="oc-35d">
         <name>.debug_info</name>
         <load_address>0x3db5</load_address>
         <run_address>0x3db5</run_address>
         <size>0x4ac</size>
         <input_file_ref idref="fl-22"/>
      </object_component>
      <object_component id="oc-223">
         <name>.debug_info</name>
         <load_address>0x4261</load_address>
         <run_address>0x4261</run_address>
         <size>0x6b0</size>
         <input_file_ref idref="fl-22"/>
      </object_component>
      <object_component id="oc-37c">
         <name>.debug_info</name>
         <load_address>0x4911</load_address>
         <run_address>0x4911</run_address>
         <size>0x86</size>
         <input_file_ref idref="fl-22"/>
      </object_component>
      <object_component id="oc-455">
         <name>.debug_info</name>
         <load_address>0x4997</load_address>
         <run_address>0x4997</run_address>
         <size>0x39</size>
         <input_file_ref idref="fl-22"/>
      </object_component>
      <object_component id="oc-4c9">
         <name>.debug_info</name>
         <load_address>0x49d0</load_address>
         <run_address>0x49d0</run_address>
         <size>0x94</size>
         <input_file_ref idref="fl-22"/>
      </object_component>
      <object_component id="oc-45f">
         <name>.debug_info</name>
         <load_address>0x4a64</load_address>
         <run_address>0x4a64</run_address>
         <size>0x46</size>
         <input_file_ref idref="fl-22"/>
      </object_component>
      <object_component id="oc-386">
         <name>.debug_info</name>
         <load_address>0x4aaa</load_address>
         <run_address>0x4aaa</run_address>
         <size>0x46</size>
         <input_file_ref idref="fl-22"/>
      </object_component>
      <object_component id="oc-381">
         <name>.debug_info</name>
         <load_address>0x4af0</load_address>
         <run_address>0x4af0</run_address>
         <size>0x2c</size>
         <input_file_ref idref="fl-22"/>
      </object_component>
      <object_component id="oc-40f">
         <name>.debug_info</name>
         <load_address>0x4b1c</load_address>
         <run_address>0x4b1c</run_address>
         <size>0x64e</size>
         <input_file_ref idref="fl-23"/>
      </object_component>
      <object_component id="oc-31a">
         <name>.debug_info</name>
         <load_address>0x516a</load_address>
         <run_address>0x516a</run_address>
         <size>0x213</size>
         <input_file_ref idref="fl-23"/>
      </object_component>
      <object_component id="oc-411">
         <name>.debug_info</name>
         <load_address>0x537d</load_address>
         <run_address>0x537d</run_address>
         <size>0x65f</size>
[...]
      </symbol>
      <symbol id="sm-43b">
         <name>memset</name>
         <value>0x80a720</value>
         <object_component_ref idref="oc-78"/>
      </symbol>
      <symbol id="sm-460">
         <name>__TI_auto_init_nobinit_nopinit</name>
         <value>0x80ab40</value>
         <object_component_ref idref="oc-a0"/>
      </symbol>
      <symbol id="sm-469">
         <name>_system_pre_init</name>
         <value>0x80c140</value>
         <object_component_ref idref="oc-5d"/>
      </symbol>
      <symbol id="sm-472">
         <name>_system_post_cinit</name>
         <value>0x80c120</value>
         <object_component_ref idref="oc-1e9"/>
      </symbol>
      <symbol id="sm-48b">
         <name>__TI_decompress_none</name>
         <value>0x80c180</value>
         <object_component_ref idref="oc-14"/>
      </symbol>
      <symbol id="sm-4b6">
         <name>__TI_decompress_rle24</name>
         <value>0x80c1a0</value>
         <object_component_ref idref="oc-1a"/>
      </symbol>
      <symbol id="sm-4c0">
         <name>ceilf</name>
         <value>0x80be80</value>
         <object_component_ref idref="oc-104"/>
      </symbol>
      <symbol id="sm-4d9">
         <name>cosf</name>
         <value>0x805c40</value>
         <object_component_ref idref="oc-1be"/>
      </symbol>
      <symbol id="sm-4eb">
         <name>coshf</name>
         <value>0x809020</value>
         <object_component_ref idref="oc-1d6"/>
      </symbol>
      <symbol id="sm-4f8">
         <name>exp10f</name>
         <value>0x80c1c0</value>
         <object_component_ref idref="oc-192"/>
      </symbol>
      <symbol id="sm-505">
         <name>exp2f</name>
         <value>0x80c1e0</value>
         <object_component_ref idref="oc-178"/>
      </symbol>
      <symbol id="sm-52b">
         <name>expf</name>
         <value>0x806900</value>
         <object_component_ref idref="oc-287"/>
      </symbol>
      <symbol id="sm-535">
         <name>floorf</name>
         <value>0x80bec0</value>
         <object_component_ref idref="oc-fe"/>
      </symbol>
      <symbol id="sm-55d">
         <name>fmodf</name>
         <value>0x804bc0</value>
         <object_component_ref idref="oc-10a"/>
      </symbol>
      <symbol id="sm-571">
         <name>frexpf</name>
         <value>0x807dc0</value>
         <object_component_ref idref="oc-240"/>
      </symbol>
      <symbol id="sm-586">
         <name>scalbnf</name>
         <value>0x807000</value>
         <object_component_ref idref="oc-246"/>
      </symbol>
      <symbol id="sm-587">
         <name>ldexpf</name>
         <value>0x807000</value>
         <object_component_ref idref="oc-246"/>
      </symbol>
      <symbol id="sm-591">
         <name>log10f</name>
         <value>0x80ba80</value>
         <object_component_ref idref="oc-168"/>
      </symbol>
      <symbol id="sm-59b">
         <name>log2f</name>
         <value>0x80bae0</value>
         <object_component_ref idref="oc-14e"/>
      </symbol>
      <symbol id="sm-5af">
         <name>logf</name>
         <value>0x809660</value>
         <object_component_ref idref="oc-272"/>
      </symbol>
      <symbol id="sm-5bc">
         <name>modff</name>
         <value>0x80bc00</value>
         <object_component_ref idref="oc-22c"/>
      </symbol>
      <symbol id="sm-5f6">
         <name>powf</name>
         <value>0x8037a0</value>
         <object_component_ref idref="oc-11a"/>
      </symbol>
      <symbol id="sm-600">
         <name>__c6xabi_roundf</name>
         <value>0x80b660</value>
         <object_component_ref idref="oc-24c"/>
      </symbol>
      <symbol id="sm-617">
         <name>sinf</name>
         <value>0x805ea0</value>
         <object_component_ref idref="oc-1ae"/>
      </symbol>
      <symbol id="sm-630">
         <name>sinhf</name>
         <value>0x806540</value>
         <object_component_ref idref="oc-1ca"/>
      </symbol>
      <symbol id="sm-63f">
         <name>sqrtf</name>
         <value>0x809ae0</value>
         <object_component_ref idref="oc-134"/>
      </symbol>
      <symbol id="sm-659">
         <name>tanf</name>
         <value>0x806100</value>
         <object_component_ref idref="oc-1c4"/>
      </symbol>
      <symbol id="sm-663">
         <name>__c6xabi_truncf</name>
         <value>0x80c040</value>
         <object_component_ref idref="oc-252"/>
      </symbol>
      <symbol id="sm-678">
         <name>asinl</name>
         <value>0x807c20</value>
         <object_component_ref idref="oc-198"/>
      </symbol>
      <symbol id="sm-679">
         <name>asin</name>
         <value>0x807c20</value>
         <object_component_ref idref="oc-198"/>
      </symbol>
      <symbol id="sm-68d">
         <name>frexpl</name>
         <value>0x806c80</value>
         <object_component_ref idref="oc-2ce"/>
      </symbol>
      <symbol id="sm-68e">
         <name>frexp</name>
         <value>0x806c80</value>
         <object_component_ref idref="oc-2ce"/>
      </symbol>
      <symbol id="sm-69c">
         <name>__c6xabi_isinf</name>
         <value>0x80bdc0</value>
         <object_component_ref idref="oc-33e"/>
      </symbol>
      <symbol id="sm-6b1">
         <name>scalbn</name>
         <value>0x806e40</value>
         <object_component_ref idref="oc-2d4"/>
      </symbol>
      <symbol id="sm-6b2">
         <name>scalbnl</name>
         <value>0x806e40</value>
         <object_component_ref idref="oc-2d4"/>
      </symbol>
      <symbol id="sm-6b3">
         <name>ldexpl</name>
         <value>0x806e40</value>
         <object_component_ref idref="oc-2d4"/>
      </symbol>
      <symbol id="sm-6b4">
         <name>ldexp</name>
         <value>0x806e40</value>
         <object_component_ref idref="oc-2d4"/>
      </symbol>
      <symbol id="sm-6f0">
         <name>pow</name>
         <value>0x802960</value>
         <object_component_ref idref="oc-1d0"/>
      </symbol>
      <symbol id="sm-6f1">
         <name>powl</name>
         <value>0x802960</value>
         <object_component_ref idref="oc-1d0"/>
      </symbol>
      <symbol id="sm-6fb">
         <name>__c6xabi_roundl</name>
         <value>0x80b1a0</value>
         <object_component_ref idref="oc-2da"/>
      </symbol>
      <symbol id="sm-6fc">
         <name>__c6xabi_nround</name>
         <value>0x80b1a0</value>
         <object_component_ref idref="oc-2da"/>
      </symbol>
      <symbol id="sm-70e">
         <name>sqrtl</name>
         <value>0x809180</value>
         <object_component_ref idref="oc-29b"/>
      </symbol>
      <symbol id="sm-70f">
         <name>sqrt</name>
         <value>0x809180</value>
         <object_component_ref idref="oc-29b"/>
      </symbol>
      <symbol id="sm-719">
         <name>__c6xabi_trunc</name>
         <value>0x80c020</value>
         <object_component_ref idref="oc-2e0"/>
      </symbol>
      <symbol id="sm-71a">
         <name>__c6xabi_truncl</name>
         <value>0x80c020</value>
         <object_component_ref idref="oc-2e0"/>
      </symbol>
      <symbol id="sm-723">
         <name>_signbit</name>
         <value>0x80c100</value>
         <object_component_ref idref="oc-344"/>
      </symbol>
      <symbol id="sm-735">
         <name>__c6xabi_divf</name>
         <value>0x805200</value>
         <object_component_ref idref="oc-23a"/>
      </symbol>
      <symbol id="sm-754">
         <name>__c6xabi_divd</name>
         <value>0x803e00</value>
         <object_component_ref idref="oc-19e"/>
      </symbol>
      <symbol id="sm-767">
         <name>__TI_frcmpyd_div</name>
         <value>0x80bd80</value>
         <object_component_ref idref="oc-2a9"/>
      </symbol>
      <symbol id="sm-788">
         <name>C$$EXIT</name>
         <value>0x80c160</value>
         <object_component_ref idref="oc-97"/>
      </symbol>
      <symbol id="sm-789">
         <name>abort</name>
         <value>0x80c160</value>
         <object_component_ref idref="oc-97"/>
      </symbol>
      <symbol id="sm-78a">
         <name>exit</name>
         <value>0x80a640</value>
         <object_component_ref idref="oc-57"/>
      </symbol>
      <symbol id="sm-78b">
         <name>__TI_dtors_ptr</name>
         <value>0x80f348</value>
         <object_component_ref idref="oc-94"/>
      </symbol>
      <symbol id="sm-78c">
         <name>__TI_cleanup_ptr</name>
         <value>0x80f344</value>
         <object_component_ref idref="oc-94"/>
      </symbol>
      <symbol id="sm-78d">
         <name>__TI_enable_exit_profile_output</name>
         <value>0x80f34c</value>
         <object_component_ref idref="oc-94"/>
      </symbol>
      <symbol id="sm-7f8">
         <name>_sys_memory</name>
         <value>0x80d220</value>
         <object_component_ref idref="oc-2a"/>
      </symbol>
      <symbol id="sm-7f9">
         <name>free</name>
         <value>0x804800</value>
         <object_component_ref idref="oc-4d6"/>
      </symbol>
      <symbol id="sm-7fa">
         <name>malloc</name>
         <value>0x8071c0</value>
         <object_component_ref idref="oc-4dc"/>
      </symbol>
      <symbol id="sm-810">
         <name>_nop</name>
         <value>0x80c0a0</value>
         <object_component_ref idref="oc-30a"/>
      </symbol>
      <symbol id="sm-811">
         <name>_lock</name>
         <value>0x80f21c</value>
         <object_component_ref idref="oc-20d"/>
      </symbol>
      <symbol id="sm-812">
         <name>_unlock</name>
         <value>0x80f314</value>
         <object_component_ref idref="oc-213"/>
      </symbol>
      <symbol id="sm-822">
         <name>__TI_ltoa</name>
         <value>0x80a3a0</value>
         <object_component_ref idref="oc-42d"/>
      </symbol>
      <symbol id="sm-834">
         <name>_args_main</name>
         <value>0x80be40</value>
         <object_component_ref idref="oc-51"/>
      </symbol>
      <symbol id="sm-848">
         <name>atoi</name>
         <value>0x809f00</value>
         <object_component_ref idref="oc-32c"/>
      </symbol>
      <symbol id="sm-852">
         <name>_ctypes_</name>
         <value>0x80e730</value>
         <object_component_ref idref="oc-413"/>
      </symbol>
      <symbol id="sm-862">
         <name>__TI_tmpnams</name>
         <value>0x80f380</value>
      </symbol>
      <symbol id="sm-863">
         <name>_ftable</name>
         <value>0x80edf8</value>
         <object_component_ref idref="oc-210"/>
      </symbol>
      <symbol id="sm-864">
         <name>__TI_ft_end</name>
         <value>0x80f36c</value>
         <object_component_ref idref="oc-52a"/>
      </symbol>
      <symbol id="sm-875">
         <name>memccpy</name>
         <value>0x80bba0</value>
         <object_component_ref idref="oc-362"/>
      </symbol>
      <symbol id="sm-898">
         <name>_stream</name>
         <value>0x80efd8</value>
         <object_component_ref idref="oc-49b"/>
      </symbol>
      <symbol id="sm-899">
         <name>_device</name>
         <value>0x80f100</value>
         <object_component_ref idref="oc-4f3"/>
      </symbol>
      <symbol id="sm-89a">
         <name>write</name>
         <value>0x80bd20</value>
         <object_component_ref idref="oc-408"/>
      </symbol>
      <symbol id="sm-8b3">
         <name>__TI_tls_init</name>
         <value>0x80af00</value>
         <object_component_ref idref="oc-1ef"/>
      </symbol>
      <symbol id="sm-8c5">
         <name>__errno</name>
         <value>0x80f374</value>
         <object_component_ref idref="oc-265"/>
      </symbol>
      <symbol id="sm-8c6">
         <name>errno</name>
         <value>0x80f374</value>
         <object_component_ref idref="oc-265"/>
      </symbol>
      <symbol id="sm-8c7">
         <name>__c6xabi_errno_addr</name>
         <value>0x80c000</value>
         <object_component_ref idref="oc-234"/>
      </symbol>
      <symbol id="sm-8e1">
         <name>wcslen</name>
         <value>0x80bf00</value>
         <object_component_ref idref="oc-368"/>
      </symbol>
      <symbol id="sm-8f0">
         <name>__TI_doflush</name>
         <value>0x80b100</value>
         <object_component_ref idref="oc-402"/>
      </symbol>
      <symbol id="sm-8fe">
         <name>__TI_cleanup</name>
         <value>0x80b060</value>
         <object_component_ref idref="oc-4e2"/>
      </symbol>
      <symbol id="sm-916">
         <name>fseek</name>
         <value>0x80a000</value>
         <object_component_ref idref="oc-48b"/>
      </symbol>
      <symbol id="sm-925">
         <name>modfl</name>
         <value>0x80acc0</value>
         <object_component_ref idref="oc-2e6"/>
      </symbol>
      <symbol id="sm-926">
         <name>modf</name>
         <value>0x80acc0</value>
         <object_component_ref idref="oc-2e6"/>
      </symbol>
      <symbol id="sm-935">
         <name>lseek</name>
         <value>0x80bb40</value>
         <object_component_ref idref="oc-4ce"/>
      </symbol>
      <symbol id="sm-946">
         <name>HOSTclose</name>
         <value>0x80afc0</value>
         <object_component_ref idref="oc-53c"/>
      </symbol>
      <symbol id="sm-956">
         <name>HOSTlseek</name>
         <value>0x80a100</value>
         <object_component_ref idref="oc-54e"/>
      </symbol>
      <symbol id="sm-96a">
         <name>parmbuf</name>
         <value>0x80f4c0</value>
      </symbol>
      <symbol id="sm-96b">
         <name>HOSTopen</name>
         <value>0x80a1e0</value>
         <object_component_ref idref="oc-536"/>
      </symbol>
      <symbol id="sm-97b">
         <name>HOSTread</name>
         <value>0x80a9c0</value>
         <object_component_ref idref="oc-542"/>
      </symbol>
      <symbol id="sm-999">
         <name>HOSTrename</name>
         <value>0x807a80</value>
         <object_component_ref idref="oc-55a"/>
      </symbol>
      <symbol id="sm-9ac">
         <name>HOSTunlink</name>
         <value>0x80aa80</value>
         <object_component_ref idref="oc-554"/>
      </symbol>
      <symbol id="sm-9bc">
         <name>HOSTwrite</name>
         <value>0x80a2c0</value>
         <object_component_ref idref="oc-548"/>
      </symbol>
      <symbol id="sm-9e2">
         <name>__TI_readmsg</name>
         <value>0x80b560</value>
         <object_component_ref idref="oc-582"/>
      </symbol>
      <symbol id="sm-9e3">
         <name>C$$IO$$</name>
         <value>0x80b9b8</value>
         <object_component_ref idref="oc-57c"/>
      </symbol>
      <symbol id="sm-9e4">
         <name>__CIOBUF_</name>
         <value>0x80f4c8</value>
         <object_component_ref idref="oc-5a3"/>
      </symbol>
      <symbol id="sm-9e5">
         <name>__TI_writemsg</name>
         <value>0x80b960</value>
         <object_component_ref idref="oc-57c"/>
      </symbol>
      <symbol id="sm-9fe">
         <name>__TI_closefile</name>
         <value>0x809c00</value>
         <object_component_ref idref="oc-52d"/>
      </symbol>
      <symbol id="sm-a28">
         <name>finddevice</name>
         <value>0x80b2e0</value>
         <object_component_ref idref="oc-5b7"/>
      </symbol>
      <symbol id="sm-a29">
         <name>getdevice</name>
         <value>0x809540</value>
         <object_component_ref idref="oc-597"/>
      </symbol>
      <symbol id="sm-a3b">
         <name>close</name>
         <value>0x80a560</value>
         <object_component_ref idref="oc-56a"/>
      </symbol>
      <symbol id="sm-a4c">
         <name>unlink</name>
         <value>0x80b8e0</value>
         <object_component_ref idref="oc-570"/>
      </symbol>
      <symbol id="sm-a63">
         <name>cosdp</name>
         <value>0x8082a0</value>
         <object_component_ref idref="oc-1b9"/>
      </symbol>
      <symbol id="sm-a6b">
         <name>cossp</name>
         <value>0x809780</value>
         <object_component_ref idref="oc-1b4"/>
      </symbol>
      <symbol id="sm-a73">
         <name>divdp</name>
         <value>0x80b760</value>
         <object_component_ref idref="oc-f9"/>
      </symbol>
      <symbol id="sm-a7b">
         <name>divsp</name>
         <value>0x80bc60</value>
         <object_component_ref idref="oc-f4"/>
      </symbol>
      <symbol id="sm-a9d">
         <name>exp10dp</name>
         <value>0x807f60</value>
         <object_component_ref idref="oc-18d"/>
      </symbol>
      <symbol id="sm-aab">
         <name>exp10sp</name>
         <value>0x80844c</value>
         <object_component_ref idref="oc-188"/>
      </symbol>
      <symbol id="sm-ace">
         <name>exp2dp</name>
         <value>0x808268</value>
         <object_component_ref idref="oc-173"/>
      </symbol>
      <symbol id="sm-add">
         <name>exp2sp</name>
         <value>0x8085a0</value>
         <object_component_ref idref="oc-16e"/>
      </symbol>
      <symbol id="sm-aff">
         <name>expdp</name>
         <value>0x808720</value>
         <object_component_ref idref="oc-183"/>
      </symbol>
      <symbol id="sm-b0e">
         <name>expsp</name>
         <value>0x808900</value>
         <object_component_ref idref="oc-17e"/>
      </symbol>
      <symbol id="sm-b2b">
         <name>log10dp</name>
         <value>0x807380</value>
         <object_component_ref idref="oc-163"/>
      </symbol>
      <symbol id="sm-b39">
         <name>log10sp</name>
         <value>0x808a40</value>
         <object_component_ref idref="oc-15e"/>
      </symbol>
      <symbol id="sm-b56">
         <name>log2dp</name>
         <value>0x807540</value>
         <object_component_ref idref="oc-149"/>
      </symbol>
      <symbol id="sm-b64">
         <name>log2sp</name>
         <value>0x808ba0</value>
         <object_component_ref idref="oc-144"/>
      </symbol>
      <symbol id="sm-b81">
         <name>logdp</name>
         <value>0x807700</value>
         <object_component_ref idref="oc-159"/>
      </symbol>
      <symbol id="sm-b8f">
         <name>logsp</name>
         <value>0x808d60</value>
         <object_component_ref idref="oc-154"/>
      </symbol>
      <symbol id="sm-b9c">
         <name>powdp</name>
         <value>0x8092e0</value>
         <object_component_ref idref="oc-115"/>
      </symbol>
      <symbol id="sm-ba7">
         <name>powsp</name>
         <value>0x8098a0</value>
         <object_component_ref idref="oc-110"/>
      </symbol>
      <symbol id="sm-baf">
         <name>recipdp</name>
         <value>0x80b7e0</value>
         <object_component_ref idref="oc-125"/>
      </symbol>
      <symbol id="sm-bb7">
         <name>recipsp</name>
         <value>0x80bcc0</value>
         <object_component_ref idref="oc-120"/>
      </symbol>
      <symbol id="sm-bbf">
         <name>rsqrtdp</name>
         <value>0x80a800</value>
         <object_component_ref idref="oc-13f"/>
      </symbol>
      <symbol id="sm-bc7">
         <name>rsqrtsp</name>
         <value>0x80b860</value>
         <object_component_ref idref="oc-13a"/>
      </symbol>
      <symbol id="sm-bdd">
         <name>sindp</name>
         <value>0x808eb8</value>
         <object_component_ref idref="oc-1a9"/>
      </symbol>
      <symbol id="sm-be5">
         <name>sinsp</name>
         <value>0x8099d4</value>
         <object_component_ref idref="oc-1a4"/>
      </symbol>
      <symbol id="sm-bed">
         <name>sqrtdp</name>
         <value>0x80ae40</value>
         <object_component_ref idref="oc-12f"/>
      </symbol>
      <symbol id="sm-bf5">
         <name>sqrtsp</name>
         <value>0x80b4c0</value>
         <object_component_ref idref="oc-12a"/>
      </symbol>
      <symbol id="sm-bf6">
         <name>__TI_STATIC_BASE</name>
         <value>0x0</value>
      </symbol>
      <symbol id="sm-bf8">
         <name>__TI_TLS_INIT_Base</name>
         <value>0x0</value>
      </symbol>
      <symbol id="sm-bf9">
         <name>__TI_TLS_INIT_Limit</name>
         <value>0x0</value>
      </symbol>
      <symbol id="sm-bfa">
         <name>remove</name>
         <value>0x80b8e0</value>
      </symbol>
   </symbol_table>
   <title>Link successful</title>
</link_info>
