******************************************************************************
               TMS320C6x Linker PC v8.3.12                     
******************************************************************************
>> Linked Tue Apr 26 11:39:13 2022

OUTPUT FILE NAME:   <Math.out>
ENTRY POINT SYMBOL: "_c_int00"  address: 0080b6e0


MEMORY CONFIGURATION

         name            origin    length      used     unused   attr    fill
----------------------  --------  ---------  --------  --------  ----  --------
  DSPL2RAM              00800000   00040000  0000fe04  000301fc  RWIX
  SHRAM                 80000000   00020000  00000000  00020000  RWIX
  DDR2                  c0000000   08000000  00000000  08000000  RWIX


SEGMENT ALLOCATION MAP

run origin  load origin   length   init length attrs members
----------  ----------- ---------- ----------- ----- -------
00800000    00800000    0000e220   0000c220    rwx
  00800000    00800000    0000c220   0000c220    rwx .text
  0080c220    0080c220    00001000   00000000    rw- .stack
  0080d220    0080d220    00001000   00000000    rw- .sysmem
0080e220    0080e220    00000638   00000638    r--
  0080e220    0080e220    00000638   00000638    r-- .const
0080e860    0080e860    00000d88   00000000    rw-
  0080e860    0080e860    00000598   00000000    rw- .data
  0080edf8    0080edf8    00000584   00000000    rw- .fardata
  0080f380    0080f380    00000148   00000000    rw- .far
  0080f4c8    0080f4c8    00000120   00000000    rw- .cio
0080f5e8    0080f5e8    00000828   00000828    r--
  0080f5e8    0080f5e8    00000038   00000038    r-- .switch
  0080f620    0080f620    000007f0   000007f0    r-- .cinit


SECTION ALLOCATION MAP

 output                                  attributes/
section   page    origin      length       input sections
--------  ----  ----------  ----------   ----------------
.text      0    00800000    0000c220     
                  00800000    000020c0     rts6740_elf.lib : _printfi.c.obj (.text:__TI_printfi)
                  008020c0    000008a0     main.obj (.text)
                  00802960    000007e0     rts6740_elf.lib : pow.c.obj (.text:pow)
                  00803140    00000660                     : _printfi.c.obj (.text:_pconv_a)
                  008037a0    00000660                     : powf.c.obj (.text:powf)
                  00803e00    00000600                     : divd.c.obj (.text:__c6xabi_divd)
                  00804400    00000400                     : _printfi.c.obj (.text:_pconv_g)
                  00804800    000003c0                     : memory.c.obj (.text:free)
                  00804bc0    00000360                     : fmodf.c.obj (.text:fmodf)
                  00804f20    000002e0                     : fputs.c.obj (.text:fputs)
                  00805200    000002a0                     : divf.c.obj (.text:__c6xabi_divf)
                  008054a0    000002a0                     : _printfi.c.obj (.text:_pconv_e)
                  00805740    000002a0                     : _printfi.c.obj (.text:fcvt)
                  008059e0    00000260                     : imath64.c.obj (.text:__c6xabi_divull)
                  00805c40    00000260                     : cosf.c.obj (.text:cosf)
                  00805ea0    00000260                     : sinf.c.obj (.text:sinf)
                  00806100    00000240                     : tanf.c.obj (.text:tanf)
                  00806340    00000200                     : _printfi.c.obj (.text:_ltostr)
                  00806540    00000200                     : sinhf.c.obj (.text:sinhf)
                  00806740    000001c0                     : imath40.c.obj (.text:__c6xabi_divul)
                  00806900    000001c0                     : expf.c.obj (.text:expf)
                  00806ac0    000001c0                     : fputc.c.obj (.text:fputc)
                  00806c80    000001c0                     : frexp.c.obj (.text:frexp)
                  00806e40    000001c0                     : ldexp.c.obj (.text:ldexp)
                  00807000    000001c0                     : ldexpf.c.obj (.text:ldexpf)
                  008071c0    000001c0                     : memory.c.obj (.text:malloc)
                  00807380    000001c0     mathlib.ae674 : log10dp.oe674 (.text:optasm)
                  00807540    000001c0                   : log2dp.oe674 (.text:optasm)
                  00807700    000001c0                   : logdp.oe674 (.text:optasm)
                  008078c0    000001c0     rts6740_elf.lib : setvbuf.c.obj (.text:setvbuf)
                  00807a80    000001a0                     : hostrename.c.obj (.text:HOSTrename)
                  00807c20    000001a0                     : asin.c.obj (.text:asin)
                  00807dc0    000001a0                     : frexpf.c.obj (.text:frexpf)
                  00807f60    000001a0     mathlib.ae674 : exp10dp.oe674 (.text:optasm)
                  00808100    000001a0                   : exp2dp.oe674 (.text:optasm)
                  008082a0    00000180                   : cosdp.oe674 (.text:optasm)
                  00808420    00000180                   : exp10sp.oe674 (.text:optasm)
                  008085a0    00000180                   : exp2sp.oe674 (.text:optasm)
                  00808720    00000180                   : expdp.oe674 (.text:optasm)
                  008088a0    00000180                   : expsp.oe674 (.text:optasm)
                  00808a20    00000180                   : log10sp.oe674 (.text:optasm)
                  00808ba0    00000180                   : log2sp.oe674 (.text:optasm)
                  00808d20    00000180                   : logsp.oe674 (.text:optasm)
                  00808ea0    00000180                   : sindp.oe674 (.text:optasm)
                  00809020    00000160     rts6740_elf.lib : coshf.c.obj (.text:coshf)
                  00809180    00000160                     : sqrt.c.obj (.text:sqrt)
                  008092e0    00000140     mathlib.ae674 : powdp.oe674 (.text:optasm)
                  00809420    00000120     rts6740_elf.lib : _printfi.c.obj (.text:_pconv_f)
                  00809540    00000120                     : getdevice.c.obj (.text:getdevice)
                  00809660    00000120                     : logf.c.obj (.text:logf)
                  00809780    00000120     mathlib.ae674 : cossp.oe674 (.text:optasm)
                  008098a0    00000120                   : powsp.oe674 (.text:optasm)
                  008099c0    00000120                   : sinsp.oe674 (.text:optasm)
                  00809ae0    00000120     rts6740_elf.lib : sqrtf.c.obj (.text:sqrtf)
                  00809c00    00000100                     : fclose.c.obj (.text:__TI_closefile)
                  00809d00    00000100                     : copy_decompress_rle.c.obj (.text:__TI_decompress_rle_core)
                  00809e00    00000100                     : _printfi.c.obj (.text:_mcpy)
                  00809f00    00000100                     : atoi.c.obj (.text:atoi)
                  0080a000    00000100                     : fseek.c.obj (.text:fseek)
                  0080a100    000000e0                     : hostlseek.c.obj (.text:HOSTlseek)
                  0080a1e0    000000e0                     : hostopen.c.obj (.text:HOSTopen)
                  0080a2c0    000000e0                     : hostwrite.c.obj (.text:HOSTwrite)
                  0080a3a0    000000e0                     : _ltoa.c.obj (.text:__TI_ltoa)
                  0080a480    000000e0                     : _io_perm.c.obj (.text:__TI_wrt_ok)
                  0080a560    000000e0                     : close.c.obj (.text:close)
                  0080a640    000000e0                     : exit.c.obj (.text:exit)
                  0080a720    000000e0                     : memset.c.obj (.text:memset)
                  0080a800    000000e0     mathlib.ae674 : rsqrtdp.oe674 (.text:optasm)
                  0080a8e0    000000e0     rts6740_elf.lib : printf.c.obj (.text:printf)
                  0080a9c0    000000c0                     : hostread.c.obj (.text:HOSTread)
                  0080aa80    000000c0                     : hostunlink.c.obj (.text:HOSTunlink)
                  0080ab40    000000c0                     : autoinit.c.obj (.text:__TI_auto_init_nobinit_nopinit:__TI_auto_init_nobinit_nopinit)
                  0080ac00    000000c0                     : divu.asm.obj (.text:__divu)
                  0080acc0    000000c0                     : modf.c.obj (.text:modf)
                  0080ad80    000000c0                     : memory.c.obj (.text:mremove)
                  0080ae40    000000c0     mathlib.ae674 : sqrtdp.oe674 (.text:optasm)
                  0080af00    000000c0     rts6740_elf.lib : tls.c.obj (.text:tls:init:__TI_tls_init)
                  0080afc0    000000a0                     : hostclose.c.obj (.text:HOSTclose)
                  0080b060    000000a0                     : fopen.c.obj (.text:__TI_cleanup)
                  0080b100    000000a0                     : fflush.c.obj (.text:__TI_doflush)
                  0080b1a0    000000a0                     : round.c.obj (.text:__c6xabi_nround)
                  0080b240    000000a0                     : _printfi.c.obj (.text:_ecpy)
                  0080b2e0    000000a0                     : getdevice.c.obj (.text:finddevice)
                  0080b380    000000a0                     : memcpy64.asm.obj (.text:memcpy)
                  0080b420    000000a0                     : memory.c.obj (.text:minsert)
                  0080b4c0    000000a0     mathlib.ae674 : sqrtsp.oe674 (.text:optasm)
                  0080b560    00000080     rts6740_elf.lib : trgmsg.c.obj (.text:__TI_readmsg)
                  0080b5e0    00000080                     : llshift.c.obj (.text:__c6xabi_llshl)
                  0080b660    00000080                     : roundf.c.obj (.text:__c6xabi_roundf)
                  0080b6e0    00000080                     : boot.c.obj (.text:_c_int00)
                  0080b760    00000080     mathlib.ae674 : divdp.oe674 (.text:optasm)
                  0080b7e0    00000080                   : recipdp.oe674 (.text:optasm)
                  0080b860    00000080                   : rsqrtsp.oe674 (.text:optasm)
                  0080b8e0    00000080     rts6740_elf.lib : unlink.c.obj (.text:unlink)
                  0080b960    00000060                     : trgmsg.c.obj (.text:__TI_writemsg)
                  0080b9c0    00000060                     : llshift.c.obj (.text:__c6xabi_llshru)
                  0080ba20    00000060                     : imath64.c.obj (.text:_subcull)
                  0080ba80    00000060                     : log10f.c.obj (.text:log10f)
                  0080bae0    00000060                     : log2f.c.obj (.text:log2f)
                  0080bb40    00000060                     : lseek.c.obj (.text:lseek)
                  0080bba0    00000060                     : memccpy.c.obj (.text:memccpy)
                  0080bc00    00000060                     : modff.c.obj (.text:modff)
                  0080bc60    00000060     mathlib.ae674 : divsp.oe674 (.text:optasm)
                  0080bcc0    00000060                   : recipsp.oe674 (.text:optasm)
                  0080bd20    00000060     rts6740_elf.lib : write.c.obj (.text:write)
                  0080bd80    00000040                     : frcmpyd_div.c.obj (.text:__TI_frcmpyd_div)
                  0080bdc0    00000040                     : isinf.c.obj (.text:__c6xabi_isinf)
                  0080be00    00000040                     : _printfi.c.obj (.text:__c6xabi_isnan)
                  0080be40    00000040                     : args_main.c.obj (.text:_args_main)
                  0080be80    00000040                     : ceilf.c.obj (.text:ceilf)
                  0080bec0    00000040                     : floorf.c.obj (.text:floorf)
                  0080bf00    00000040                     : wcslen.c.obj (.text:wcslen)
                  0080bf40    00000038     mathlib.ae674 : exp2sp.oe674 (.text)
                  0080bf78    00000038                   : expsp.oe674 (.text)
                  0080bfb0    00000038                   : log10sp.oe674 (.text)
                  0080bfe8    00000018     --HOLE-- [fill = 0]
                  0080c000    00000020     rts6740_elf.lib : errno.c.obj (.text:__c6xabi_errno_addr)
                  0080c020    00000020                     : trunc.c.obj (.text:__c6xabi_trunc)
                  0080c040    00000020                     : truncf.c.obj (.text:__c6xabi_truncf)
                  0080c060    00000020                     : push.asm.obj (.text:__pop_rts)
                  0080c080    00000020                     : push.asm.obj (.text:__push_rts)
                  0080c0a0    00000020                     : _lock.c.obj (.text:_nop)
                  0080c0c0    00000020                     : printf.c.obj (.text:_outc)
                  0080c0e0    00000020                     : printf.c.obj (.text:_outs)
                  0080c100    00000020                     : signbit.c.obj (.text:_signbit)
                  0080c120    00000020                     : startup.c.obj (.text:_system_post_cinit)
                  0080c140    00000020                     : pre_init.c.obj (.text:_system_pre_init)
                  0080c160    00000020                     : exit.c.obj (.text:abort)
                  0080c180    00000020                     : copy_decompress_none.c.obj (.text:decompress:none:__TI_decompress_none)
                  0080c1a0    00000020                     : copy_decompress_rle.c.obj (.text:decompress:rle24:__TI_decompress_rle24)
                  0080c1c0    00000020                     : exp10f.c.obj (.text:exp10f)
                  0080c1e0    00000020                     : exp2f.c.obj (.text:exp2f)
                  0080c200    00000020     mathlib.ae674 : powdp.oe674 (.text)

.stack     0    0080c220    00001000     UNINITIALIZED
                  0080c220    00000008     rts6740_elf.lib : boot.c.obj (.stack)
                  0080c228    00000ff8     --HOLE--

.cio       0    0080f4c8    00000120     UNINITIALIZED
                  0080f4c8    00000120     rts6740_elf.lib : trgmsg.c.obj (.cio)

.sysmem    0    0080d220    00001000     UNINITIALIZED
                  0080d220    00000008     rts6740_elf.lib : memory.c.obj (.sysmem)
                  0080d228    00000ff8     --HOLE--

.const     0    0080e220    00000638     
                  0080e220    00000510     main.obj (.const:.string)
                  0080e730    00000101     rts6740_elf.lib : ctype.c.obj (.const:.string:_ctypes_)
                  0080e831    00000003     --HOLE-- [fill = 0]
                  0080e834    00000024                     : _printfi.c.obj (.const:.string)

.data      0    0080e860    00000598     UNINITIALIZED
                  0080e860    000000c0     mathlib.ae674 : exp10dp.oe674 (.data)
                  0080e920    000000c0                   : exp2dp.oe674 (.data)
                  0080e9e0    000000c0                   : expdp.oe674 (.data)
                  0080eaa0    00000080                   : log2dp.oe674 (.data)
                  0080eb20    00000078                   : log10dp.oe674 (.data)
                  0080eb98    00000078                   : logdp.oe674 (.data)
                  0080ec10    00000010     --HOLE--
                  0080ec20    00000060                   : cosdp.oe674 (.data)
                  0080ec80    00000060                   : exp10sp.oe674 (.data)
                  0080ece0    00000060                   : sindp.oe674 (.data)
                  0080ed40    00000038                   : log2sp.oe674 (.data)
                  0080ed78    00000038                   : logsp.oe674 (.data)
                  0080edb0    00000024                   : exp2sp.oe674 (.data)
                  0080edd4    00000024                   : expsp.oe674 (.data)

.switch    0    0080f5e8    00000038     
                  0080f5e8    00000038     rts6740_elf.lib : _printfi.c.obj (.switch:__TI_printfi)

.cinit     0    0080f620    000007f0     
                  0080f620    000004f2     (.cinit..data.load) [load image, compression = rle]
                  0080fb12    000002cf     (.cinit..fardata.load) [load image, compression = rle]
                  0080fde1    0000000b     (.cinit..far.load) [load image, compression = rle]
                  0080fdec    00000008     (__TI_handler_table)
                  0080fdf4    00000004     --HOLE-- [fill = 0]
                  0080fdf8    00000018     (__TI_cinit_table)

.init_array 
*          0    00800000    00000000     UNINITIALIZED

.fardata   0    0080edf8    00000584     UNINITIALIZED
                  0080edf8    000001e0     rts6740_elf.lib : defs.c.obj (.fardata:_ftable)
                  0080efd8    000000a0                     : write.c.obj (.fardata:_stream)
                  0080f078    00000088                     : pow.c.obj (.fardata:A1$1)
                  0080f100    00000078                     : write.c.obj (.fardata:_device)
                  0080f178    00000060                     : asin.c.obj (.fardata:asin_consts$1)
                  0080f1d8    00000044                     : powf.c.obj (.fardata:A1$1)
                  0080f21c    00000004                     : _lock.c.obj (.fardata:_lock)
                  0080f220    00000040                     : pow.c.obj (.fardata:A2$2)
                  0080f260    00000038                     : pow.c.obj (.fardata:Q$4)
                  0080f298    00000020                     : powf.c.obj (.fardata:A2$2)
                  0080f2b8    00000020                     : pow.c.obj (.fardata:P$3)
                  0080f2d8    00000020                     : logf.c.obj (.fardata:log_consts$1)
                  0080f2f8    0000001c                     : expf.c.obj (.fardata:exp_consts$1)
                  0080f314    00000004                     : _lock.c.obj (.fardata:_unlock)
                  0080f318    00000010                     : cosf.c.obj (.fardata:R$1)
                  0080f328    00000010                     : sinf.c.obj (.fardata:R$1)
                  0080f338    0000000c                     : powf.c.obj (.fardata:Q$4)
                  0080f344    0000000c                     : exit.c.obj (.fardata)
                  0080f350    00000008                     : sinhf.c.obj (.fardata:P$1)
                  0080f358    00000008                     : tanf.c.obj (.fardata:Q$2)
                  0080f360    00000008                     : memory.c.obj (.fardata)
                  0080f368    00000004                     : tanf.c.obj (.fardata:P$1)
                  0080f36c    00000004                     : defs.c.obj (.fardata)
                  0080f370    00000004                     : powf.c.obj (.fardata:P$3)
                  0080f374    00000004                     : errno.c.obj (.fardata)
                  0080f378    00000004                     : sinhf.c.obj (.fardata:Q$2)

.far       0    0080f380    00000148     UNINITIALIZED
                  0080f380    00000140     (.common:__TI_tmpnams)
                  0080f4c0    00000008     (.common:parmbuf)

MODULE SUMMARY

       Module                       code    ro data   rw data
       ------                       ----    -------   -------
    .\
       main.obj                     2208    1296      0      
    +--+----------------------------+-------+---------+---------+
       Total:                       2208    1296      0      
                                                             
    ../../Library/mathlib/mathlib.ae674
       exp10dp.oe674                416     0         192    
       exp2dp.oe674                 416     0         192    
       expdp.oe674                  384     0         192    
       log2dp.oe674                 448     0         128    
       log10dp.oe674                448     0         120    
       logdp.oe674                  448     0         120    
       cosdp.oe674                  384     0         96     
       exp10sp.oe674                384     0         96     
       sindp.oe674                  384     0         96     
       exp2sp.oe674                 384     0         92     
       expsp.oe674                  384     0         92     
       log10sp.oe674                384     0         56     
       log2sp.oe674                 384     0         56     
       logsp.oe674                  384     0         56     
       powdp.oe674                  320     0         32     
       cossp.oe674                  288     0         0      
       powsp.oe674                  288     0         0      
       sinsp.oe674                  288     0         0      
       rsqrtdp.oe674                224     0         0      
       sqrtdp.oe674                 192     0         0      
       sqrtsp.oe674                 160     0         0      
       divdp.oe674                  128     0         0      
       recipdp.oe674                128     0         0      
       rsqrtsp.oe674                128     0         0      
       divsp.oe674                  96      0         0      
       recipsp.oe674                96      0         0      
    +--+----------------------------+-------+---------+---------+
       Total:                       7968    0         1616   
                                                             
    C:\ti\ti-cgt-c6000_8.3.12\lib\rts6740_elf.lib
       _printfi.c.obj               13664   92        0      
       pow.c.obj                    2016    0         288    
       memory.c.obj                 1760    0         8      
       powf.c.obj                   1632    0         116    
       divd.c.obj                   1536    0         0      
       fmodf.c.obj                  864     0         0      
       defs.c.obj                   0       0         804    
       fputs.c.obj                  736     0         0      
       imath64.c.obj                704     0         0      
       divf.c.obj                   672     0         0      
       cosf.c.obj                   608     0         16     
       sinf.c.obj                   608     0         16     
       tanf.c.obj                   576     0         12     
       sinhf.c.obj                  512     0         12     
       asin.c.obj                   416     0         96     
       trgmsg.c.obj                 224     0         288    
       expf.c.obj                   448     0         28     
       fputc.c.obj                  448     0         0      
       frexp.c.obj                  448     0         0      
       getdevice.c.obj              448     0         0      
       imath40.c.obj                448     0         0      
       ldexp.c.obj                  448     0         0      
       ldexpf.c.obj                 448     0         0      
       setvbuf.c.obj                448     0         0      
       frexpf.c.obj                 416     0         0      
       hostrename.c.obj             416     0         0      
       write.c.obj                  96      0         280    
       coshf.c.obj                  352     0         0      
       sqrt.c.obj                   352     0         0      
       logf.c.obj                   288     0         32     
       copy_decompress_rle.c.obj    288     0         0      
       printf.c.obj                 288     0         0      
       sqrtf.c.obj                  288     0         0      
       exit.c.obj                   256     0         12     
       ctype.c.obj                  0       257       0      
       atoi.c.obj                   256     0         0      
       fclose.c.obj                 256     0         0      
       fseek.c.obj                  256     0         0      
       hostopen.c.obj               224     0         8      
       _io_perm.c.obj               224     0         0      
       _ltoa.c.obj                  224     0         0      
       close.c.obj                  224     0         0      
       hostlseek.c.obj              224     0         0      
       hostwrite.c.obj              224     0         0      
       llshift.c.obj                224     0         0      
       memset.c.obj                 224     0         0      
       autoinit.c.obj               192     0         0      
       divu.asm.obj                 192     0         0      
       hostread.c.obj               192     0         0      
       hostunlink.c.obj             192     0         0      
       modf.c.obj                   192     0         0      
       tls.c.obj                    192     0         0      
       fflush.c.obj                 160     0         0      
       fopen.c.obj                  160     0         0      
       hostclose.c.obj              160     0         0      
       memcpy64.asm.obj             160     0         0      
       round.c.obj                  160     0         0      
       boot.c.obj                   128     0         0      
       roundf.c.obj                 128     0         0      
       unlink.c.obj                 128     0         0      
       log10f.c.obj                 96      0         0      
       log2f.c.obj                  96      0         0      
       lseek.c.obj                  96      0         0      
       memccpy.c.obj                96      0         0      
       modff.c.obj                  96      0         0      
       args_main.c.obj              64      0         0      
       ceilf.c.obj                  64      0         0      
       floorf.c.obj                 64      0         0      
       frcmpyd_div.c.obj            64      0         0      
       isinf.c.obj                  64      0         0      
       push.asm.obj                 64      0         0      
       wcslen.c.obj                 64      0         0      
       _lock.c.obj                  32      0         8      
       errno.c.obj                  32      0         4      
       copy_decompress_none.c.obj   32      0         0      
       exp10f.c.obj                 32      0         0      
       exp2f.c.obj                  32      0         0      
       pre_init.c.obj               32      0         0      
       signbit.c.obj                32      0         0      
       startup.c.obj                32      0         0      
       trunc.c.obj                  32      0         0      
       truncf.c.obj                 32      0         0      
    +--+----------------------------+-------+---------+---------+
       Total:                       39296   349       2028   
                                                             
       Heap:                        0       0         4096   
       Stack:                       0       0         4096   
       Linker Generated:            0       2028      0      
    +--+----------------------------+-------+---------+---------+
       Grand Total:                 49472   3673      11836  


LINKER GENERATED COPY TABLES

__TI_cinit_table @ 0080fdf8 records: 3, size/record: 8, table size: 24
	.data: load addr=0080f620, load size=000004f2 bytes, run addr=0080e860, run size=00000598 bytes, compression=rle
	.fardata: load addr=0080fb12, load size=000002cf bytes, run addr=0080edf8, run size=00000584 bytes, compression=rle
	.far: load addr=0080fde1, load size=0000000b bytes, run addr=0080f380, run size=00000148 bytes, compression=rle


LINKER GENERATED HANDLER TABLE

__TI_handler_table @ 0080fdec records: 2, size/record: 4, table size: 8
	index: 0, handler: __TI_decompress_rle24
	index: 1, handler: __TI_decompress_none


GLOBAL SYMBOLS: SORTED ALPHABETICALLY BY Name 

address   name                           
-------   ----                           
0080c160  C$$EXIT                        
0080b9b8  C$$IO$$                        
0080afc0  HOSTclose                      
0080a100  HOSTlseek                      
0080a1e0  HOSTopen                       
0080a9c0  HOSTread                       
00807a80  HOSTrename                     
0080aa80  HOSTunlink                     
0080a2c0  HOSTwrite                      
0080f4c8  __CIOBUF_                      
0080fdf8  __TI_CINIT_Base                
0080fe10  __TI_CINIT_Limit               
0080fdec  __TI_Handler_Table_Base        
0080fdf4  __TI_Handler_Table_Limit       
0080d220  __TI_STACK_END                 
00001000  __TI_STACK_SIZE                
00000000  __TI_STATIC_BASE               
00001000  __TI_SYSMEM_SIZE               
UNDEFED   __TI_TLS_INIT_Base             
UNDEFED   __TI_TLS_INIT_Limit            
0080ab40  __TI_auto_init_nobinit_nopinit 
0080b060  __TI_cleanup                   
0080f344  __TI_cleanup_ptr               
00809c00  __TI_closefile                 
0080c180  __TI_decompress_none           
0080c1a0  __TI_decompress_rle24          
0080b100  __TI_doflush                   
0080f348  __TI_dtors_ptr                 
0080f34c  __TI_enable_exit_profile_output
0080bd80  __TI_frcmpyd_div               
0080f36c  __TI_ft_end                    
0080a3a0  __TI_ltoa                      
ffffffff  __TI_pprof_out_hndl            
00800000  __TI_printfi                   
ffffffff  __TI_prof_data_size            
ffffffff  __TI_prof_data_start           
0080b560  __TI_readmsg                   
0080af00  __TI_tls_init                  
0080f380  __TI_tmpnams                   
0080b960  __TI_writemsg                  
0080a480  __TI_wrt_ok                    
ffffffff  __binit__                      
00803e00  __c6xabi_divd                  
00805200  __c6xabi_divf                  
0080ac00  __c6xabi_divu                  
00806740  __c6xabi_divul                 
008059e0  __c6xabi_divull                
0080c000  __c6xabi_errno_addr            
0080bdc0  __c6xabi_isinf                 
0080b5e0  __c6xabi_llshl                 
0080b9c0  __c6xabi_llshru                
0080b1a0  __c6xabi_nround                
0080c060  __c6xabi_pop_rts               
0080c080  __c6xabi_push_rts              
0080b660  __c6xabi_roundf                
0080b1a0  __c6xabi_roundl                
0080c020  __c6xabi_trunc                 
0080c040  __c6xabi_truncf                
0080c020  __c6xabi_truncl                
ffffffff  __c_args__                     
0080ac00  __divu                         
0080f374  __errno                        
0080c060  __pop_rts                      
0080c080  __push_rts                     
0080be40  _args_main                     
0080b6e0  _c_int00                       
0080e730  _ctypes_                       
0080f100  _device                        
0080edf8  _ftable                        
0080f21c  _lock                          
0080c0a0  _nop                           
0080c100  _signbit                       
0080c220  _stack                         
0080efd8  _stream                        
0080ba20  _subcull                       
0080d220  _sys_memory                    
0080c120  _system_post_cinit             
0080c140  _system_pre_init               
0080f314  _unlock                        
0080c160  abort                          
00807c20  asin                           
00807c20  asinl                          
00809f00  atoi                           
ffffffff  binit                          
0080be80  ceilf                          
0080a560  close                          
008082a0  cosdp                          
00805c40  cosf                           
00809020  coshf                          
00809780  cossp                          
0080b760  divdp                          
0080bc60  divsp                          
0080f374  errno                          
0080a640  exit                           
00807f60  exp10dp                        
0080c1c0  exp10f                         
0080844c  exp10sp                        
00808268  exp2dp                         
0080c1e0  exp2f                          
008085a0  exp2sp                         
00808720  expdp                          
00806900  expf                           
00808900  expsp                          
0080b2e0  finddevice                     
0080bec0  floorf                         
00804bc0  fmodf                          
00806ac0  fputc                          
00804f20  fputs                          
00804800  free                           
00806c80  frexp                          
00807dc0  frexpf                         
00806c80  frexpl                         
0080a000  fseek                          
00809540  getdevice                      
00806e40  ldexp                          
00807000  ldexpf                         
00806e40  ldexpl                         
00807380  log10dp                        
0080ba80  log10f                         
00808a40  log10sp                        
00807540  log2dp                         
0080bae0  log2f                          
00808ba0  log2sp                         
00807700  logdp                          
00809660  logf                           
00808d60  logsp                          
0080bb40  lseek                          
008020c0  main                           
008071c0  malloc                         
0080bba0  memccpy                        
0080b380  memcpy                         
0080a720  memset                         
0080acc0  modf                           
0080bc00  modff                          
0080acc0  modfl                          
0080f4c0  parmbuf                        
00802960  pow                            
008092e0  powdp                          
008037a0  powf                           
00802960  powl                           
008098a0  powsp                          
0080a8e0  printf                         
00806ac0  putc                           
0080b7e0  recipdp                        
0080bcc0  recipsp                        
0080b8e0  remove                         
0080a800  rsqrtdp                        
0080b860  rsqrtsp                        
00806e40  scalbn                         
00807000  scalbnf                        
00806e40  scalbnl                        
008078c0  setvbuf                        
00808eb8  sindp                          
00805ea0  sinf                           
00806540  sinhf                          
008099d4  sinsp                          
00809180  sqrt                           
0080ae40  sqrtdp                         
00809ae0  sqrtf                          
00809180  sqrtl                          
0080b4c0  sqrtsp                         
00806100  tanf                           
0080b8e0  unlink                         
0080bf00  wcslen                         
0080bd20  write                          


GLOBAL SYMBOLS: SORTED BY Symbol Address 

address   name                           
-------   ----                           
00000000  __TI_STATIC_BASE               
00001000  __TI_STACK_SIZE                
00001000  __TI_SYSMEM_SIZE               
00800000  __TI_printfi                   
008020c0  main                           
00802960  pow                            
00802960  powl                           
008037a0  powf                           
00803e00  __c6xabi_divd                  
00804800  free                           
00804bc0  fmodf                          
00804f20  fputs                          
00805200  __c6xabi_divf                  
008059e0  __c6xabi_divull                
00805c40  cosf                           
00805ea0  sinf                           
00806100  tanf                           
00806540  sinhf                          
00806740  __c6xabi_divul                 
00806900  expf                           
00806ac0  fputc                          
00806ac0  putc                           
00806c80  frexp                          
00806c80  frexpl                         
00806e40  ldexp                          
00806e40  ldexpl                         
00806e40  scalbn                         
00806e40  scalbnl                        
00807000  ldexpf                         
00807000  scalbnf                        
008071c0  malloc                         
00807380  log10dp                        
00807540  log2dp                         
00807700  logdp                          
008078c0  setvbuf                        
00807a80  HOSTrename                     
00807c20  asin                           
00807c20  asinl                          
00807dc0  frexpf                         
00807f60  exp10dp                        
00808268  exp2dp                         
008082a0  cosdp                          
0080844c  exp10sp                        
008085a0  exp2sp                         
00808720  expdp                          
00808900  expsp                          
00808a40  log10sp                        
00808ba0  log2sp                         
00808d60  logsp                          
00808eb8  sindp                          
00809020  coshf                          
00809180  sqrt                           
00809180  sqrtl                          
008092e0  powdp                          
00809540  getdevice                      
00809660  logf                           
00809780  cossp                          
008098a0  powsp                          
008099d4  sinsp                          
00809ae0  sqrtf                          
00809c00  __TI_closefile                 
00809f00  atoi                           
0080a000  fseek                          
0080a100  HOSTlseek                      
0080a1e0  HOSTopen                       
0080a2c0  HOSTwrite                      
0080a3a0  __TI_ltoa                      
0080a480  __TI_wrt_ok                    
0080a560  close                          
0080a640  exit                           
0080a720  memset                         
0080a800  rsqrtdp                        
0080a8e0  printf                         
0080a9c0  HOSTread                       
0080aa80  HOSTunlink                     
0080ab40  __TI_auto_init_nobinit_nopinit 
0080ac00  __c6xabi_divu                  
0080ac00  __divu                         
0080acc0  modf                           
0080acc0  modfl                          
0080ae40  sqrtdp                         
0080af00  __TI_tls_init                  
0080afc0  HOSTclose                      
0080b060  __TI_cleanup                   
0080b100  __TI_doflush                   
0080b1a0  __c6xabi_nround                
0080b1a0  __c6xabi_roundl                
0080b2e0  finddevice                     
0080b380  memcpy                         
0080b4c0  sqrtsp                         
0080b560  __TI_readmsg                   
0080b5e0  __c6xabi_llshl                 
0080b660  __c6xabi_roundf                
0080b6e0  _c_int00                       
0080b760  divdp                          
0080b7e0  recipdp                        
0080b860  rsqrtsp                        
0080b8e0  remove                         
0080b8e0  unlink                         
0080b960  __TI_writemsg                  
0080b9b8  C$$IO$$                        
0080b9c0  __c6xabi_llshru                
0080ba20  _subcull                       
0080ba80  log10f                         
0080bae0  log2f                          
0080bb40  lseek                          
0080bba0  memccpy                        
0080bc00  modff                          
0080bc60  divsp                          
0080bcc0  recipsp                        
0080bd20  write                          
0080bd80  __TI_frcmpyd_div               
0080bdc0  __c6xabi_isinf                 
0080be40  _args_main                     
0080be80  ceilf                          
0080bec0  floorf                         
0080bf00  wcslen                         
0080c000  __c6xabi_errno_addr            
0080c020  __c6xabi_trunc                 
0080c020  __c6xabi_truncl                
0080c040  __c6xabi_truncf                
0080c060  __c6xabi_pop_rts               
0080c060  __pop_rts                      
0080c080  __c6xabi_push_rts              
0080c080  __push_rts                     
0080c0a0  _nop                           
0080c100  _signbit                       
0080c120  _system_post_cinit             
0080c140  _system_pre_init               
0080c160  C$$EXIT                        
0080c160  abort                          
0080c180  __TI_decompress_none           
0080c1a0  __TI_decompress_rle24          
0080c1c0  exp10f                         
0080c1e0  exp2f                          
0080c220  _stack                         
0080d220  __TI_STACK_END                 
0080d220  _sys_memory                    
0080e730  _ctypes_                       
0080edf8  _ftable                        
0080efd8  _stream                        
0080f100  _device                        
0080f21c  _lock                          
0080f314  _unlock                        
0080f344  __TI_cleanup_ptr               
0080f348  __TI_dtors_ptr                 
0080f34c  __TI_enable_exit_profile_output
0080f36c  __TI_ft_end                    
0080f374  __errno                        
0080f374  errno                          
0080f380  __TI_tmpnams                   
0080f4c0  parmbuf                        
0080f4c8  __CIOBUF_                      
0080fdec  __TI_Handler_Table_Base        
0080fdf4  __TI_Handler_Table_Limit       
0080fdf8  __TI_CINIT_Base                
0080fe10  __TI_CINIT_Limit               
ffffffff  __TI_pprof_out_hndl            
ffffffff  __TI_prof_data_size            
ffffffff  __TI_prof_data_start           
ffffffff  __binit__                      
ffffffff  __c_args__                     
ffffffff  binit                          
UNDEFED   __TI_TLS_INIT_Base             
UNDEFED   __TI_TLS_INIT_Limit            

[165 symbols]
