******************************************************************************
               TMS320C6x Linker PC v8.3.12                     
******************************************************************************
>> Linked Tue Apr 26 14:52:59 2022

OUTPUT FILE NAME:   <FIR.out>
ENTRY POINT SYMBOL: "_c_int00"  address: 00803100


MEMORY CONFIGURATION

         name            origin    length      used     unused   attr    fill
----------------------  --------  ---------  --------  --------  ----  --------
  DSPL2RAM              00800000   00040000  0000443c  0003bbc4  RWIX
  SHRAM                 80000000   00020000  00000000  00020000  RWIX
  DDR2                  c0000000   08000000  00000000  08000000  RWIX


SEGMENT ALLOCATION MAP

run origin  load origin   length   init length attrs members
----------  ----------- ---------- ----------- ----- -------
00800000    00800000    00002080   00000000    rw-
  00800000    00800000    00002080   00000000    rw- .far
00802080    00802080    00001280   00001280    r-x
  00802080    00802080    00001280   00001280    r-x .text
00803300    00803300    0000108c   00000000    rw-
  00803300    00803300    00001000   00000000    rw- .stack
  00804300    00804300    0000008c   00000000    rw- .fardata
00804390    00804390    000000b0   000000b0    r--
  00804390    00804390    000000b0   000000b0    r-- .cinit


SECTION ALLOCATION MAP

 output                                  attributes/
section   page    origin      length       input sections
--------  ----  ----------  ----------   ----------------
.text      0    00802080    00001280     
                  00802080    00000600     rts6740_elf.lib : divd.c.obj (.text:__c6xabi_divd)
                  00802680    00000340     dsplib.ae674 : DSPF_sp_fir_r2.oe674 (.text:optimized)
                  008029c0    00000140     main.obj (.text)
                  00802b00    00000120     mathlib.ae674 : sinsp.oe674 (.text:optasm)
                  00802c20    00000100     rts6740_elf.lib : copy_decompress_rle.c.obj (.text:__TI_decompress_rle_core)
                  00802d20    000000e0                     : exit.c.obj (.text:exit)
                  00802e00    000000e0                     : memset.c.obj (.text:memset)
                  00802ee0    000000c0                     : autoinit.c.obj (.text:__TI_auto_init_nobinit_nopinit:__TI_auto_init_nobinit_nopinit)
                  00802fa0    000000c0                     : tls.c.obj (.text:tls:init:__TI_tls_init)
                  00803060    000000a0                     : memcpy64.asm.obj (.text:memcpy)
                  00803100    00000080                     : boot.c.obj (.text:_c_int00)
                  00803180    00000060                     : llshift.c.obj (.text:__c6xabi_llshru)
                  008031e0    00000040                     : frcmpyd_div.c.obj (.text:__TI_frcmpyd_div)
                  00803220    00000040                     : args_main.c.obj (.text:_args_main)
                  00803260    00000020                     : startup.c.obj (.text:_system_post_cinit)
                  00803280    00000020                     : pre_init.c.obj (.text:_system_pre_init)
                  008032a0    00000020                     : exit.c.obj (.text:abort)
                  008032c0    00000020                     : copy_decompress_none.c.obj (.text:decompress:none:__TI_decompress_none)
                  008032e0    00000020                     : copy_decompress_rle.c.obj (.text:decompress:rle24:__TI_decompress_rle24)

.stack     0    00803300    00001000     UNINITIALIZED
                  00803300    00000008     rts6740_elf.lib : boot.c.obj (.stack)
                  00803308    00000ff8     --HOLE--

.cinit     0    00804390    000000b0     
                  00804390    0000008d     (.cinit..fardata.load) [load image, compression = rle]
                  0080441d    0000000b     (.cinit..far.load) [load image, compression = rle]
                  00804428    00000008     (__TI_handler_table)
                  00804430    00000010     (__TI_cinit_table)

.init_array 
*          0    00800000    00000000     UNINITIALIZED

.fardata   0    00804300    0000008c     UNINITIALIZED
                  00804300    00000080     main.obj (.fardata:h)
                  00804380    0000000c     rts6740_elf.lib : exit.c.obj (.fardata)

.far       0    00800000    00002080     UNINITIALIZED
                  00800000    0000107c     (.common:FIRIn)
                  0080107c    00000004     --HOLE--
                  00801080    00001000     (.common:FIROut)

MODULE SUMMARY

       Module                       code   ro data   rw data
       ------                       ----   -------   -------
    .\
       main.obj                     320    0         8444   
    +--+----------------------------+------+---------+---------+
       Total:                       320    0         8444   
                                                            
    ../../Library/dsplib/dsplib.ae674
       DSPF_sp_fir_r2.oe674         832    0         0      
    +--+----------------------------+------+---------+---------+
       Total:                       832    0         0      
                                                            
    ../../Library/mathlib/mathlib.ae674
       sinsp.oe674                  288    0         0      
    +--+----------------------------+------+---------+---------+
       Total:                       288    0         0      
                                                            
    C:\ti\ti-cgt-c6000_8.3.12\lib\rts6740_elf.lib
       divd.c.obj                   1536   0         0      
       copy_decompress_rle.c.obj    288    0         0      
       exit.c.obj                   256    0         12     
       memset.c.obj                 224    0         0      
       autoinit.c.obj               192    0         0      
       tls.c.obj                    192    0         0      
       memcpy64.asm.obj             160    0         0      
       boot.c.obj                   128    0         0      
       llshift.c.obj                96     0         0      
       args_main.c.obj              64     0         0      
       frcmpyd_div.c.obj            64     0         0      
       copy_decompress_none.c.obj   32     0         0      
       pre_init.c.obj               32     0         0      
       startup.c.obj                32     0         0      
    +--+----------------------------+------+---------+---------+
       Total:                       3296   0         12     
                                                            
       Stack:                       0      0         4096   
       Linker Generated:            0      176       0      
    +--+----------------------------+------+---------+---------+
       Grand Total:                 4736   176       12552  


LINKER GENERATED COPY TABLES

__TI_cinit_table @ 00804430 records: 2, size/record: 8, table size: 16
	.fardata: load addr=00804390, load size=0000008d bytes, run addr=00804300, run size=0000008c bytes, compression=rle
	.far: load addr=0080441d, load size=0000000b bytes, run addr=00800000, run size=00002080 bytes, compression=rle


LINKER GENERATED HANDLER TABLE

__TI_handler_table @ 00804428 records: 2, size/record: 4, table size: 8
	index: 0, handler: __TI_decompress_rle24
	index: 1, handler: __TI_decompress_none


GLOBAL SYMBOLS: SORTED ALPHABETICALLY BY Name 

address   name                           
-------   ----                           
008032a0  C$$EXIT                        
00802680  DSPF_sp_fir_r2                 
00800000  FIRIn                          
00801080  FIROut                         
00804430  __TI_CINIT_Base                
00804440  __TI_CINIT_Limit               
00804428  __TI_Handler_Table_Base        
00804430  __TI_Handler_Table_Limit       
00804300  __TI_STACK_END                 
00001000  __TI_STACK_SIZE                
00000000  __TI_STATIC_BASE               
UNDEFED   __TI_TLS_INIT_Base             
UNDEFED   __TI_TLS_INIT_Limit            
00802ee0  __TI_auto_init_nobinit_nopinit 
00804380  __TI_cleanup_ptr               
008032c0  __TI_decompress_none           
008032e0  __TI_decompress_rle24          
00804384  __TI_dtors_ptr                 
00804388  __TI_enable_exit_profile_output
008031e0  __TI_frcmpyd_div               
ffffffff  __TI_pprof_out_hndl            
ffffffff  __TI_prof_data_size            
ffffffff  __TI_prof_data_start           
00802fa0  __TI_tls_init                  
ffffffff  __binit__                      
00802080  __c6xabi_divd                  
00803180  __c6xabi_llshru                
ffffffff  __c_args__                     
00803220  _args_main                     
00803100  _c_int00                       
00803300  _stack                         
00803260  _system_post_cinit             
00803280  _system_pre_init               
008032a0  abort                          
ffffffff  binit                          
00802d20  exit                           
00804300  h                              
008029c0  main                           
00803060  memcpy                         
00802e00  memset                         
00802b14  sinsp                          


GLOBAL SYMBOLS: SORTED BY Symbol Address 

address   name                           
-------   ----                           
00000000  __TI_STATIC_BASE               
00001000  __TI_STACK_SIZE                
00800000  FIRIn                          
00801080  FIROut                         
00802080  __c6xabi_divd                  
00802680  DSPF_sp_fir_r2                 
008029c0  main                           
00802b14  sinsp                          
00802d20  exit                           
00802e00  memset                         
00802ee0  __TI_auto_init_nobinit_nopinit 
00802fa0  __TI_tls_init                  
00803060  memcpy                         
00803100  _c_int00                       
00803180  __c6xabi_llshru                
008031e0  __TI_frcmpyd_div               
00803220  _args_main                     
00803260  _system_post_cinit             
00803280  _system_pre_init               
008032a0  C$$EXIT                        
008032a0  abort                          
008032c0  __TI_decompress_none           
008032e0  __TI_decompress_rle24          
00803300  _stack                         
00804300  __TI_STACK_END                 
00804300  h                              
00804380  __TI_cleanup_ptr               
00804384  __TI_dtors_ptr                 
00804388  __TI_enable_exit_profile_output
00804428  __TI_Handler_Table_Base        
00804430  __TI_CINIT_Base                
00804430  __TI_Handler_Table_Limit       
00804440  __TI_CINIT_Limit               
ffffffff  __TI_pprof_out_hndl            
ffffffff  __TI_prof_data_size            
ffffffff  __TI_prof_data_start           
ffffffff  __binit__                      
ffffffff  __c_args__                     
ffffffff  binit                          
UNDEFED   __TI_TLS_INIT_Base             
UNDEFED   __TI_TLS_INIT_Limit            

[41 symbols]
