******************************************************************************
               TMS320C6x Linker PC v8.3.12                     
******************************************************************************
>> Linked Tue Apr 26 12:16:49 2022

OUTPUT FILE NAME:   <Min.out>
ENTRY POINT SYMBOL: "_c_int00"  address: 00806840


MEMORY CONFIGURATION

         name            origin    length      used     unused   attr    fill
----------------------  --------  ---------  --------  --------  ----  --------
  DSPL2RAM              00800000   00040000  00009658  000369a8  RWIX
  SHRAM                 80000000   00020000  00000000  00020000  RWIX
  DDR2                  c0000000   08000000  00000000  08000000  RWIX


SEGMENT ALLOCATION MAP

run origin  load origin   length   init length attrs members
----------  ----------- ---------- ----------- ----- -------
00800000    00800000    00006ec0   00006ec0    r-x
  00800000    00800000    00006ec0   00006ec0    r-x .text
00806ec0    00806ec0    00002468   00000000    rw-
  00806ec0    00806ec0    00001000   00000000    rw- .stack
  00807ec0    00807ec0    00001000   00000000    rw- .sysmem
  00808ec0    00808ec0    00000320   00000000    rw- .fardata
  008091e0    008091e0    00000148   00000000    rw- .far
00809328    00809328    00000140   00000140    r--
  00809328    00809328    00000140   00000140    r-- .const
00809468    00809468    00000120   00000000    rw-
  00809468    00809468    00000120   00000000    rw- .cio
00809588    00809588    000000d0   000000d0    r--
  00809588    00809588    00000038   00000038    r-- .switch
  008095c0    008095c0    00000098   00000098    r-- .cinit


SECTION ALLOCATION MAP

 output                                  attributes/
section   page    origin      length       input sections
--------  ----  ----------  ----------   ----------------
.text      0    00800000    00006ec0     
                  00800000    000020c0     rts6740_elf.lib : _printfi.c.obj (.text:__TI_printfi)
                  008020c0    00000660                     : _printfi.c.obj (.text:_pconv_a)
                  00802720    00000600                     : divd.c.obj (.text:__c6xabi_divd)
                  00802d20    00000400                     : _printfi.c.obj (.text:_pconv_g)
                  00803120    000003c0                     : memory.c.obj (.text:free)
                  008034e0    000002e0                     : fputs.c.obj (.text:fputs)
                  008037c0    000002a0                     : _printfi.c.obj (.text:_pconv_e)
                  00803a60    000002a0                     : _printfi.c.obj (.text:fcvt)
                  00803d00    00000260                     : imath64.c.obj (.text:__c6xabi_divull)
                  00803f60    00000200                     : _printfi.c.obj (.text:_ltostr)
                  00804160    000001c0                     : imath40.c.obj (.text:__c6xabi_divul)
                  00804320    000001c0                     : fputc.c.obj (.text:fputc)
                  008044e0    000001c0                     : frexp.c.obj (.text:frexp)
                  008046a0    000001c0                     : ldexp.c.obj (.text:ldexp)
                  00804860    000001c0                     : memory.c.obj (.text:malloc)
                  00804a20    000001c0                     : setvbuf.c.obj (.text:setvbuf)
                  00804be0    000001a0                     : hostrename.c.obj (.text:HOSTrename)
                  00804d80    00000120                     : _printfi.c.obj (.text:_pconv_f)
                  00804ea0    00000120                     : getdevice.c.obj (.text:getdevice)
                  00804fc0    00000120     main.obj (.text)
                  008050e0    00000100     rts6740_elf.lib : fclose.c.obj (.text:__TI_closefile)
                  008051e0    00000100                     : copy_decompress_rle.c.obj (.text:__TI_decompress_rle_core)
                  008052e0    00000100                     : _printfi.c.obj (.text:_mcpy)
                  008053e0    00000100                     : atoi.c.obj (.text:atoi)
                  008054e0    00000100                     : fseek.c.obj (.text:fseek)
                  008055e0    000000e0                     : hostlseek.c.obj (.text:HOSTlseek)
                  008056c0    000000e0                     : hostopen.c.obj (.text:HOSTopen)
                  008057a0    000000e0                     : hostwrite.c.obj (.text:HOSTwrite)
                  00805880    000000e0                     : _ltoa.c.obj (.text:__TI_ltoa)
                  00805960    000000e0                     : _io_perm.c.obj (.text:__TI_wrt_ok)
                  00805a40    000000e0                     : close.c.obj (.text:close)
                  00805b20    000000e0                     : exit.c.obj (.text:exit)
                  00805c00    000000e0                     : memset.c.obj (.text:memset)
                  00805ce0    000000e0                     : printf.c.obj (.text:printf)
                  00805dc0    000000c0                     : hostread.c.obj (.text:HOSTread)
                  00805e80    000000c0                     : hostunlink.c.obj (.text:HOSTunlink)
                  00805f40    000000c0                     : autoinit.c.obj (.text:__TI_auto_init_nobinit_nopinit:__TI_auto_init_nobinit_nopinit)
                  00806000    000000c0                     : divu.asm.obj (.text:__divu)
                  008060c0    000000c0                     : memory.c.obj (.text:mremove)
                  00806180    000000c0                     : tls.c.obj (.text:tls:init:__TI_tls_init)
                  00806240    000000a0                     : hostclose.c.obj (.text:HOSTclose)
                  008062e0    000000a0                     : fopen.c.obj (.text:__TI_cleanup)
                  00806380    000000a0                     : fflush.c.obj (.text:__TI_doflush)
                  00806420    000000a0                     : _printfi.c.obj (.text:_ecpy)
                  008064c0    000000a0                     : getdevice.c.obj (.text:finddevice)
                  00806560    000000a0                     : memcpy64.asm.obj (.text:memcpy)
                  00806600    000000a0                     : memory.c.obj (.text:minsert)
                  008066a0    000000a0     dsplib.ae674 : DSPF_sp_minval.oe674 (.text:optimized)
                  00806740    00000080     rts6740_elf.lib : trgmsg.c.obj (.text:__TI_readmsg)
                  008067c0    00000080                     : llshift.c.obj (.text:__c6xabi_llshl)
                  00806840    00000080                     : boot.c.obj (.text:_c_int00)
                  008068c0    00000080                     : rand.c.obj (.text:rand)
                  00806940    00000080                     : unlink.c.obj (.text:unlink)
                  008069c0    00000060                     : trgmsg.c.obj (.text:__TI_writemsg)
                  00806a20    00000060                     : llshift.c.obj (.text:__c6xabi_llshru)
                  00806a80    00000060                     : imath64.c.obj (.text:_subcull)
                  00806ae0    00000060                     : lseek.c.obj (.text:lseek)
                  00806b40    00000060                     : memccpy.c.obj (.text:memccpy)
                  00806ba0    00000060                     : write.c.obj (.text:write)
                  00806c00    00000040                     : frcmpyd_div.c.obj (.text:__TI_frcmpyd_div)
                  00806c40    00000040                     : isinf.c.obj (.text:__c6xabi_isinf)
                  00806c80    00000040                     : _printfi.c.obj (.text:__c6xabi_isnan)
                  00806cc0    00000040                     : args_main.c.obj (.text:_args_main)
                  00806d00    00000040                     : wcslen.c.obj (.text:wcslen)
                  00806d40    00000020                     : errno.c.obj (.text:__c6xabi_errno_addr)
                  00806d60    00000020                     : push.asm.obj (.text:__pop_rts)
                  00806d80    00000020                     : push.asm.obj (.text:__push_rts)
                  00806da0    00000020                     : _lock.c.obj (.text:_nop)
                  00806dc0    00000020                     : printf.c.obj (.text:_outc)
                  00806de0    00000020                     : printf.c.obj (.text:_outs)
                  00806e00    00000020                     : signbit.c.obj (.text:_signbit)
                  00806e20    00000020                     : startup.c.obj (.text:_system_post_cinit)
                  00806e40    00000020                     : pre_init.c.obj (.text:_system_pre_init)
                  00806e60    00000020                     : exit.c.obj (.text:abort)
                  00806e80    00000020                     : copy_decompress_none.c.obj (.text:decompress:none:__TI_decompress_none)
                  00806ea0    00000020                     : copy_decompress_rle.c.obj (.text:decompress:rle24:__TI_decompress_rle24)

.stack     0    00806ec0    00001000     UNINITIALIZED
                  00806ec0    00000008     rts6740_elf.lib : boot.c.obj (.stack)
                  00806ec8    00000ff8     --HOLE--

.cio       0    00809468    00000120     UNINITIALIZED
                  00809468    00000120     rts6740_elf.lib : trgmsg.c.obj (.cio)

.const     0    00809328    00000140     
                  00809328    00000101     rts6740_elf.lib : ctype.c.obj (.const:.string:_ctypes_)
                  00809429    00000003     --HOLE-- [fill = 0]
                  0080942c    00000024                     : _printfi.c.obj (.const:.string)
                  00809450    00000018     main.obj (.const:.string)

.sysmem    0    00807ec0    00001000     UNINITIALIZED
                  00807ec0    00000008     rts6740_elf.lib : memory.c.obj (.sysmem)
                  00807ec8    00000ff8     --HOLE--

.switch    0    00809588    00000038     
                  00809588    00000038     rts6740_elf.lib : _printfi.c.obj (.switch:__TI_printfi)

.cinit     0    008095c0    00000098     
                  008095c0    00000071     (.cinit..fardata.load) [load image, compression = rle]
                  00809631    0000000b     (.cinit..far.load) [load image, compression = rle]
                  0080963c    00000008     (__TI_handler_table)
                  00809644    00000004     --HOLE-- [fill = 0]
                  00809648    00000010     (__TI_cinit_table)

.init_array 
*          0    00800000    00000000     UNINITIALIZED

.fardata   0    00808ec0    00000320     UNINITIALIZED
                  00808ec0    000001e0     rts6740_elf.lib : defs.c.obj (.fardata:_ftable)
                  008090a0    000000a0                     : write.c.obj (.fardata:_stream)
                  00809140    00000078                     : write.c.obj (.fardata:_device)
                  008091b8    0000000c                     : exit.c.obj (.fardata)
                  008091c4    00000008                     : memory.c.obj (.fardata)
                  008091cc    00000004                     : _lock.c.obj (.fardata:_lock)
                  008091d0    00000004                     : _lock.c.obj (.fardata:_unlock)
                  008091d4    00000004                     : defs.c.obj (.fardata)
                  008091d8    00000004                     : errno.c.obj (.fardata)
                  008091dc    00000004                     : rand.c.obj (.fardata)

.far       0    008091e0    00000148     UNINITIALIZED
                  008091e0    00000140     (.common:__TI_tmpnams)
                  00809320    00000008     (.common:parmbuf)

MODULE SUMMARY

       Module                       code    ro data   rw data
       ------                       ----    -------   -------
    .\
       main.obj                     288     24        0      
    +--+----------------------------+-------+---------+---------+
       Total:                       288     24        0      
                                                             
    ../../Library/dsplib/dsplib.ae674
       DSPF_sp_minval.oe674         160     0         0      
    +--+----------------------------+-------+---------+---------+
       Total:                       160     0         0      
                                                             
    C:\ti\ti-cgt-c6000_8.3.12\lib\rts6740_elf.lib
       _printfi.c.obj               13664   92        0      
       memory.c.obj                 1760    0         8      
       divd.c.obj                   1536    0         0      
       defs.c.obj                   0       0         804    
       fputs.c.obj                  736     0         0      
       imath64.c.obj                704     0         0      
       trgmsg.c.obj                 224     0         288    
       fputc.c.obj                  448     0         0      
       frexp.c.obj                  448     0         0      
       getdevice.c.obj              448     0         0      
       imath40.c.obj                448     0         0      
       ldexp.c.obj                  448     0         0      
       setvbuf.c.obj                448     0         0      
       hostrename.c.obj             416     0         0      
       write.c.obj                  96      0         280    
       copy_decompress_rle.c.obj    288     0         0      
       printf.c.obj                 288     0         0      
       exit.c.obj                   256     0         12     
       ctype.c.obj                  0       257       0      
       atoi.c.obj                   256     0         0      
       fclose.c.obj                 256     0         0      
       fseek.c.obj                  256     0         0      
       hostopen.c.obj               224     0         8      
       _io_perm.c.obj               224     0         0      
       _ltoa.c.obj                  224     0         0      
       close.c.obj                  224     0         0      
       hostlseek.c.obj              224     0         0      
       hostwrite.c.obj              224     0         0      
       llshift.c.obj                224     0         0      
       memset.c.obj                 224     0         0      
       autoinit.c.obj               192     0         0      
       divu.asm.obj                 192     0         0      
       hostread.c.obj               192     0         0      
       hostunlink.c.obj             192     0         0      
       tls.c.obj                    192     0         0      
       fflush.c.obj                 160     0         0      
       fopen.c.obj                  160     0         0      
       hostclose.c.obj              160     0         0      
       memcpy64.asm.obj             160     0         0      
       rand.c.obj                   128     0         4      
       boot.c.obj                   128     0         0      
       unlink.c.obj                 128     0         0      
       lseek.c.obj                  96      0         0      
       memccpy.c.obj                96      0         0      
       args_main.c.obj              64      0         0      
       frcmpyd_div.c.obj            64      0         0      
       isinf.c.obj                  64      0         0      
       push.asm.obj                 64      0         0      
       wcslen.c.obj                 64      0         0      
       _lock.c.obj                  32      0         8      
       errno.c.obj                  32      0         4      
       copy_decompress_none.c.obj   32      0         0      
       pre_init.c.obj               32      0         0      
       signbit.c.obj                32      0         0      
       startup.c.obj                32      0         0      
    +--+----------------------------+-------+---------+---------+
       Total:                       27904   349       1416   
                                                             
       Heap:                        0       0         4096   
       Stack:                       0       0         4096   
       Linker Generated:            0       148       0      
    +--+----------------------------+-------+---------+---------+
       Grand Total:                 28352   521       9608   


LINKER GENERATED COPY TABLES

__TI_cinit_table @ 00809648 records: 2, size/record: 8, table size: 16
	.fardata: load addr=008095c0, load size=00000071 bytes, run addr=00808ec0, run size=00000320 bytes, compression=rle
	.far: load addr=00809631, load size=0000000b bytes, run addr=008091e0, run size=00000148 bytes, compression=rle


LINKER GENERATED HANDLER TABLE

__TI_handler_table @ 0080963c records: 2, size/record: 4, table size: 8
	index: 0, handler: __TI_decompress_rle24
	index: 1, handler: __TI_decompress_none


GLOBAL SYMBOLS: SORTED ALPHABETICALLY BY Name 

address   name                           
-------   ----                           
00806e60  C$$EXIT                        
00806a18  C$$IO$$                        
008066a0  DSPF_sp_minval                 
00806240  HOSTclose                      
008055e0  HOSTlseek                      
008056c0  HOSTopen                       
00805dc0  HOSTread                       
00804be0  HOSTrename                     
00805e80  HOSTunlink                     
008057a0  HOSTwrite                      
00809468  __CIOBUF_                      
00809648  __TI_CINIT_Base                
00809658  __TI_CINIT_Limit               
0080963c  __TI_Handler_Table_Base        
00809644  __TI_Handler_Table_Limit       
00807ec0  __TI_STACK_END                 
00001000  __TI_STACK_SIZE                
00000000  __TI_STATIC_BASE               
00001000  __TI_SYSMEM_SIZE               
UNDEFED   __TI_TLS_INIT_Base             
UNDEFED   __TI_TLS_INIT_Limit            
00805f40  __TI_auto_init_nobinit_nopinit 
008062e0  __TI_cleanup                   
008091b8  __TI_cleanup_ptr               
008050e0  __TI_closefile                 
00806e80  __TI_decompress_none           
00806ea0  __TI_decompress_rle24          
00806380  __TI_doflush                   
008091bc  __TI_dtors_ptr                 
008091c0  __TI_enable_exit_profile_output
00806c00  __TI_frcmpyd_div               
008091d4  __TI_ft_end                    
00805880  __TI_ltoa                      
ffffffff  __TI_pprof_out_hndl            
00800000  __TI_printfi                   
ffffffff  __TI_prof_data_size            
ffffffff  __TI_prof_data_start           
00806740  __TI_readmsg                   
00806180  __TI_tls_init                  
008091e0  __TI_tmpnams                   
008069c0  __TI_writemsg                  
00805960  __TI_wrt_ok                    
ffffffff  __binit__                      
00802720  __c6xabi_divd                  
00806000  __c6xabi_divu                  
00804160  __c6xabi_divul                 
00803d00  __c6xabi_divull                
00806d40  __c6xabi_errno_addr            
00806c40  __c6xabi_isinf                 
008067c0  __c6xabi_llshl                 
00806a20  __c6xabi_llshru                
00806d60  __c6xabi_pop_rts               
00806d80  __c6xabi_push_rts              
ffffffff  __c_args__                     
00806000  __divu                         
008091d8  __errno                        
00806d60  __pop_rts                      
00806d80  __push_rts                     
00806cc0  _args_main                     
00806840  _c_int00                       
00809328  _ctypes_                       
00809140  _device                        
00808ec0  _ftable                        
008091cc  _lock                          
00806da0  _nop                           
00806e00  _signbit                       
00806ec0  _stack                         
008090a0  _stream                        
00806a80  _subcull                       
00807ec0  _sys_memory                    
00806e20  _system_post_cinit             
00806e40  _system_pre_init               
008091d0  _unlock                        
00806e60  abort                          
008053e0  atoi                           
ffffffff  binit                          
00805a40  close                          
008091d8  errno                          
00805b20  exit                           
008064c0  finddevice                     
00804320  fputc                          
008034e0  fputs                          
00803120  free                           
008044e0  frexp                          
008044e0  frexpl                         
008054e0  fseek                          
00804ea0  getdevice                      
008046a0  ldexp                          
008046a0  ldexpl                         
00806ae0  lseek                          
00804fc0  main                           
00804860  malloc                         
00806b40  memccpy                        
00806560  memcpy                         
00805c00  memset                         
00809320  parmbuf                        
00805ce0  printf                         
00804320  putc                           
008068c0  rand                           
00806940  remove                         
008046a0  scalbn                         
008046a0  scalbnl                        
00804a20  setvbuf                        
00806940  unlink                         
00806d00  wcslen                         
00806ba0  write                          


GLOBAL SYMBOLS: SORTED BY Symbol Address 

address   name                           
-------   ----                           
00000000  __TI_STATIC_BASE               
00001000  __TI_STACK_SIZE                
00001000  __TI_SYSMEM_SIZE               
00800000  __TI_printfi                   
00802720  __c6xabi_divd                  
00803120  free                           
008034e0  fputs                          
00803d00  __c6xabi_divull                
00804160  __c6xabi_divul                 
00804320  fputc                          
00804320  putc                           
008044e0  frexp                          
008044e0  frexpl                         
008046a0  ldexp                          
008046a0  ldexpl                         
008046a0  scalbn                         
008046a0  scalbnl                        
00804860  malloc                         
00804a20  setvbuf                        
00804be0  HOSTrename                     
00804ea0  getdevice                      
00804fc0  main                           
008050e0  __TI_closefile                 
008053e0  atoi                           
008054e0  fseek                          
008055e0  HOSTlseek                      
008056c0  HOSTopen                       
008057a0  HOSTwrite                      
00805880  __TI_ltoa                      
00805960  __TI_wrt_ok                    
00805a40  close                          
00805b20  exit                           
00805c00  memset                         
00805ce0  printf                         
00805dc0  HOSTread                       
00805e80  HOSTunlink                     
00805f40  __TI_auto_init_nobinit_nopinit 
00806000  __c6xabi_divu                  
00806000  __divu                         
00806180  __TI_tls_init                  
00806240  HOSTclose                      
008062e0  __TI_cleanup                   
00806380  __TI_doflush                   
008064c0  finddevice                     
00806560  memcpy                         
008066a0  DSPF_sp_minval                 
00806740  __TI_readmsg                   
008067c0  __c6xabi_llshl                 
00806840  _c_int00                       
008068c0  rand                           
00806940  remove                         
00806940  unlink                         
008069c0  __TI_writemsg                  
00806a18  C$$IO$$                        
00806a20  __c6xabi_llshru                
00806a80  _subcull                       
00806ae0  lseek                          
00806b40  memccpy                        
00806ba0  write                          
00806c00  __TI_frcmpyd_div               
00806c40  __c6xabi_isinf                 
00806cc0  _args_main                     
00806d00  wcslen                         
00806d40  __c6xabi_errno_addr            
00806d60  __c6xabi_pop_rts               
00806d60  __pop_rts                      
00806d80  __c6xabi_push_rts              
00806d80  __push_rts                     
00806da0  _nop                           
00806e00  _signbit                       
00806e20  _system_post_cinit             
00806e40  _system_pre_init               
00806e60  C$$EXIT                        
00806e60  abort                          
00806e80  __TI_decompress_none           
00806ea0  __TI_decompress_rle24          
00806ec0  _stack                         
00807ec0  __TI_STACK_END                 
00807ec0  _sys_memory                    
00808ec0  _ftable                        
008090a0  _stream                        
00809140  _device                        
008091b8  __TI_cleanup_ptr               
008091bc  __TI_dtors_ptr                 
008091c0  __TI_enable_exit_profile_output
008091cc  _lock                          
008091d0  _unlock                        
008091d4  __TI_ft_end                    
008091d8  __errno                        
008091d8  errno                          
008091e0  __TI_tmpnams                   
00809320  parmbuf                        
00809328  _ctypes_                       
00809468  __CIOBUF_                      
0080963c  __TI_Handler_Table_Base        
00809644  __TI_Handler_Table_Limit       
00809648  __TI_CINIT_Base                
00809658  __TI_CINIT_Limit               
ffffffff  __TI_pprof_out_hndl            
ffffffff  __TI_prof_data_size            
ffffffff  __TI_prof_data_start           
ffffffff  __binit__                      
ffffffff  __c_args__                     
ffffffff  binit                          
UNDEFED   __TI_TLS_INIT_Base             
UNDEFED   __TI_TLS_INIT_Limit            

[106 symbols]
